==============================================
Submitting PB jobs with configuration:
  Algorithm:   ees
  Utility:     cost
  Completion:  add-one
  Exhaustive:  no
==============================================
Running on file: ../Data/poland_lodz_2023_wzniesien-lodzkich.pb
Array task ID: 202
Running PB algorithm:
  Input: /gpfs/home/uki2551/EES_Project/PB/Data/poland_lodz_2023_wzniesien-lodzkich.pb
  Algorithm: EES
  Utility: cost
  Completion: add-one
  Exhaustive: False
  Output: /gpfs/home/uki2551/EES_Project/PB/results/ees/cost/add-one/poland_lodz_2023_wzniesien-lodzkich.csv

Results saved to: /gpfs/home/uki2551/EES_Project/PB/results/ees/cost/add-one/poland_lodz_2023_wzniesien-lodzkich.csv

Summary:
  Highest efficiency: 0.0239
  Projects selected: 1
  Budget increases: 37
