==============================================
Submitting PB jobs with configuration:
  Algorithm:   ees
  Utility:     cost
  Completion:  add-one
  Exhaustive:  no
==============================================
Running on file: ../Data/poland_poznan_2023_4-gluszyna-krzesiny-pokrzywno-garaszewo-staroleka-minikowo-szczepankowo-splawie-krzesinki.pb
Array task ID: 250
Running PB algorithm:
  Input: /gpfs/home/uki2551/EES_Project/PB/Data/poland_poznan_2023_4-gluszyna-krzesiny-pokrzywno-garaszewo-staroleka-minikowo-szczepankowo-splawie-krzesinki.pb
  Algorithm: EES
  Utility: cost
  Completion: add-one
  Exhaustive: False
  Output: /gpfs/home/uki2551/EES_Project/PB/results/ees/cost/add-one/poland_poznan_2023_4-gluszyna-krzesiny-pokrzywno-garaszewo-staroleka-minikowo-szczepankowo-splawie-krzesinki.csv

Results saved to: /gpfs/home/uki2551/EES_Project/PB/results/ees/cost/add-one/poland_poznan_2023_4-gluszyna-krzesiny-pokrzywno-garaszewo-staroleka-minikowo-szczepankowo-splawie-krzesinki.csv

Summary:
  Highest efficiency: 0.9903
  Projects selected: 5
  Budget increases: 290
