==============================================
Submitting PB jobs with configuration:
  Algorithm:   ees
  Utility:     cost
  Completion:  add-one
  Exhaustive:  no
==============================================
Running on file: ../Data/poland_warszawa_2017_goclaw.pb
Array task ID: 269
Running PB algorithm:
  Input: /gpfs/home/uki2551/EES_Project/PB/Data/poland_warszawa_2017_goclaw.pb
  Algorithm: EES
  Utility: cost
  Completion: add-one
  Exhaustive: False
  Output: /gpfs/home/uki2551/EES_Project/PB/results/ees/cost/add-one/poland_warszawa_2017_goclaw.csv

Results saved to: /gpfs/home/uki2551/EES_Project/PB/results/ees/cost/add-one/poland_warszawa_2017_goclaw.csv

Summary:
  Highest efficiency: 0.8932
  Projects selected: 12
  Budget increases: 57
