==============================================
Submitting PB jobs with configuration:
  Algorithm:   ees
  Utility:     cost
  Completion:  add-one
  Exhaustive:  no
==============================================
Running on file: ../Data/netherlands_amsterdam_285_.pb
Array task ID: 27
Running PB algorithm:
  Input: /gpfs/home/uki2551/EES_Project/PB/Data/netherlands_amsterdam_285_.pb
  Algorithm: EES
  Utility: cost
  Completion: add-one
  Exhaustive: False
  Output: /gpfs/home/uki2551/EES_Project/PB/results/ees/cost/add-one/netherlands_amsterdam_285_.csv

Results saved to: /gpfs/home/uki2551/EES_Project/PB/results/ees/cost/add-one/netherlands_amsterdam_285_.csv

Summary:
  Highest efficiency: 0.9774
  Projects selected: 35
  Budget increases: 92
