==============================================
Submitting PB jobs with configuration:
  Algorithm:   ees
  Utility:     cost
  Completion:  add-one
  Exhaustive:  no
==============================================
Running on file: ../Data/poland_warszawa_2024_bialoleka.pb
Array task ID: 566
Running PB algorithm:
  Input: /gpfs/home/uki2551/EES_Project/PB/Data/poland_warszawa_2024_bialoleka.pb
  Algorithm: EES
  Utility: cost
  Completion: add-one
  Exhaustive: False
  Output: /gpfs/home/uki2551/EES_Project/PB/results/ees/cost/add-one/poland_warszawa_2024_bialoleka.csv

Results saved to: /gpfs/home/uki2551/EES_Project/PB/results/ees/cost/add-one/poland_warszawa_2024_bialoleka.csv

Summary:
  Highest efficiency: 0.9404
  Projects selected: 29
  Budget increases: 68
