==============================================
Submitting PB jobs with configuration:
  Algorithm:   ees
  Utility:     cost
  Completion:  add-one
  Exhaustive:  no
==============================================
Running on file: ../Data/poland_warszawa_2026_boernerowo-lotnisko-fort-radiowo-groty.pb
Array task ID: 608
Running PB algorithm:
  Input: /gpfs/home/uki2551/EES_Project/PB/Data/poland_warszawa_2026_boernerowo-lotnisko-fort-radiowo-groty.pb
  Algorithm: EES
  Utility: cost
  Completion: add-one
  Exhaustive: False
  Output: /gpfs/home/uki2551/EES_Project/PB/results/ees/cost/add-one/poland_warszawa_2026_boernerowo-lotnisko-fort-radiowo-groty.csv

Results saved to: /gpfs/home/uki2551/EES_Project/PB/results/ees/cost/add-one/poland_warszawa_2026_boernerowo-lotnisko-fort-radiowo-groty.csv

Summary:
  Highest efficiency: 0.9067
  Projects selected: 2
  Budget increases: 50
