==============================================
Submitting PB jobs with configuration:
  Algorithm:   ees
  Utility:     cost
  Completion:  add-one
  Exhaustive:  no
==============================================
Running on file: ../Data/poland_gdynia_2020_wielki-kack-small.pb
Array task ID: 96
Running PB algorithm:
  Input: /gpfs/home/uki2551/EES_Project/PB/Data/poland_gdynia_2020_wielki-kack-small.pb
  Algorithm: EES
  Utility: cost
  Completion: add-one
  Exhaustive: False
  Output: /gpfs/home/uki2551/EES_Project/PB/results/ees/cost/add-one/poland_gdynia_2020_wielki-kack-small.csv

Results saved to: /gpfs/home/uki2551/EES_Project/PB/results/ees/cost/add-one/poland_gdynia_2020_wielki-kack-small.csv

Summary:
  Highest efficiency: 0.9816
  Projects selected: 5
  Budget increases: 64
