==============================================
Submitting PB jobs with configuration:
  Algorithm:   ees
  Utility:     cost
  Completion:  add-opt
  Exhaustive:  --exhaustive
==============================================
Running on file: ../Data/poland_swiecie_2023_.pb
Array task ID: 256
Running PB algorithm:
  Input: /gpfs/home/uki2551/EES_Project/PB/Data/poland_swiecie_2023_.pb
  Algorithm: EES
  Utility: cost
  Completion: add-opt
  Exhaustive: True
  Output: /gpfs/home/uki2551/EES_Project/PB/results/ees/cost/add-opt_exhaustive/poland_swiecie_2023_.csv

Results saved to: /gpfs/home/uki2551/EES_Project/PB/results/ees/cost/add-opt_exhaustive/poland_swiecie_2023_.csv

Summary:
  Highest efficiency: 0.9723
  Projects selected: 17
  Budget increases: 441
