==============================================
Submitting PB jobs with configuration:
  Algorithm:   ees
  Utility:     cost
  Completion:  add-opt
  Exhaustive:  --exhaustive
==============================================
Running on file: ../Data/netherlands_amsterdam_267_.pb
Array task ID: 26
Running PB algorithm:
  Input: /gpfs/home/uki2551/EES_Project/PB/Data/netherlands_amsterdam_267_.pb
  Algorithm: EES
  Utility: cost
  Completion: add-opt
  Exhaustive: True
  Output: /gpfs/home/uki2551/EES_Project/PB/results/ees/cost/add-opt_exhaustive/netherlands_amsterdam_267_.csv

Results saved to: /gpfs/home/uki2551/EES_Project/PB/results/ees/cost/add-opt_exhaustive/netherlands_amsterdam_267_.csv

Summary:
  Highest efficiency: 0.9749
  Projects selected: 15
  Budget increases: 4238
