==============================================
Submitting PB jobs with configuration:
  Algorithm:   ees
  Utility:     cost
  Completion:  add-opt
  Exhaustive:  --exhaustive
==============================================
Running on file: ../Data/poland_warszawa_2017_grochow-poludniowy.pb
Array task ID: 273
Running PB algorithm:
  Input: /gpfs/home/uki2551/EES_Project/PB/Data/poland_warszawa_2017_grochow-poludniowy.pb
  Algorithm: EES
  Utility: cost
  Completion: add-opt
  Exhaustive: True
  Output: /gpfs/home/uki2551/EES_Project/PB/results/ees/cost/add-opt_exhaustive/poland_warszawa_2017_grochow-poludniowy.csv

Results saved to: /gpfs/home/uki2551/EES_Project/PB/results/ees/cost/add-opt_exhaustive/poland_warszawa_2017_grochow-poludniowy.csv

Summary:
  Highest efficiency: 0.8945
  Projects selected: 13
  Budget increases: 564
