==============================================
Submitting PB jobs with configuration:
  Algorithm:   ees
  Utility:     cost
  Completion:  add-opt
  Exhaustive:  --exhaustive
==============================================
Running on file: ../Data/poland_warszawa_2017_lotnisko-bemowo-lotnisko-fort-bema.pb
Array task ID: 277
Running PB algorithm:
  Input: /gpfs/home/uki2551/EES_Project/PB/Data/poland_warszawa_2017_lotnisko-bemowo-lotnisko-fort-bema.pb
  Algorithm: EES
  Utility: cost
  Completion: add-opt
  Exhaustive: True
  Output: /gpfs/home/uki2551/EES_Project/PB/results/ees/cost/add-opt_exhaustive/poland_warszawa_2017_lotnisko-bemowo-lotnisko-fort-bema.csv

Results saved to: /gpfs/home/uki2551/EES_Project/PB/results/ees/cost/add-opt_exhaustive/poland_warszawa_2017_lotnisko-bemowo-lotnisko-fort-bema.csv

Summary:
  Highest efficiency: 0.9730
  Projects selected: 11
  Budget increases: 615
