==============================================
Submitting PB jobs with configuration:
  Algorithm:   ees
  Utility:     cost
  Completion:  add-opt
  Exhaustive:  --exhaustive
==============================================
Running on file: ../Data/poland_warszawa_2018_obszar-1-plac-wojska-polskiego-wola-grzybowska-centrum-groszowka-grzybowa-zielona.pb
Array task ID: 369
Running PB algorithm:
  Input: /gpfs/home/uki2551/EES_Project/PB/Data/poland_warszawa_2018_obszar-1-plac-wojska-polskiego-wola-grzybowska-centrum-groszowka-grzybowa-zielona.pb
  Algorithm: EES
  Utility: cost
  Completion: add-opt
  Exhaustive: True
  Output: /gpfs/home/uki2551/EES_Project/PB/results/ees/cost/add-opt_exhaustive/poland_warszawa_2018_obszar-1-plac-wojska-polskiego-wola-grzybowska-centrum-groszowka-grzybowa-zielona.csv

Results saved to: /gpfs/home/uki2551/EES_Project/PB/results/ees/cost/add-opt_exhaustive/poland_warszawa_2018_obszar-1-plac-wojska-polskiego-wola-grzybowska-centrum-groszowka-grzybowa-zielona.csv

Summary:
  Highest efficiency: 0.9975
  Projects selected: 7
  Budget increases: 47
