==============================================
Submitting PB jobs with configuration:
  Algorithm:   ees
  Utility:     cost
  Completion:  add-opt
  Exhaustive:  --exhaustive
==============================================
Running on file: ../Data/poland_warszawa_2019_obszar-2-choszczowka-bialoleka-dworska-dabrowka-szlachecka-henrykow-szamocin.pb
Array task ID: 438
Running PB algorithm:
  Input: /gpfs/home/uki2551/EES_Project/PB/Data/poland_warszawa_2019_obszar-2-choszczowka-bialoleka-dworska-dabrowka-szlachecka-henrykow-szamocin.pb
  Algorithm: EES
  Utility: cost
  Completion: add-opt
  Exhaustive: True
  Output: /gpfs/home/uki2551/EES_Project/PB/results/ees/cost/add-opt_exhaustive/poland_warszawa_2019_obszar-2-choszczowka-bialoleka-dworska-dabrowka-szlachecka-henrykow-szamocin.csv

Results saved to: /gpfs/home/uki2551/EES_Project/PB/results/ees/cost/add-opt_exhaustive/poland_warszawa_2019_obszar-2-choszczowka-bialoleka-dworska-dabrowka-szlachecka-henrykow-szamocin.csv

Summary:
  Highest efficiency: 0.9906
  Projects selected: 25
  Budget increases: 5508
