==============================================
Submitting PB jobs with configuration:
  Algorithm:   ees
  Utility:     cost
  Completion:  add-opt
  Exhaustive:  --exhaustive
==============================================
Running on file: ../Data/poland_warszawa_2019_sluzew.pb
Array task ID: 465
Running PB algorithm:
  Input: /gpfs/home/uki2551/EES_Project/PB/Data/poland_warszawa_2019_sluzew.pb
  Algorithm: EES
  Utility: cost
  Completion: add-opt
  Exhaustive: True
  Output: /gpfs/home/uki2551/EES_Project/PB/results/ees/cost/add-opt_exhaustive/poland_warszawa_2019_sluzew.csv

Results saved to: /gpfs/home/uki2551/EES_Project/PB/results/ees/cost/add-opt_exhaustive/poland_warszawa_2019_sluzew.csv

Summary:
  Highest efficiency: 0.9760
  Projects selected: 6
  Budget increases: 34
