==============================================
Submitting PB jobs with configuration:
  Algorithm:   ees
  Utility:     cost
  Completion:  add-opt
  Exhaustive:  --exhaustive
==============================================
Running on file: ../Data/poland_warszawa_2026_kamionek-saska-kepa.pb
Array task ID: 618
Running PB algorithm:
  Input: /gpfs/home/uki2551/EES_Project/PB/Data/poland_warszawa_2026_kamionek-saska-kepa.pb
  Algorithm: EES
  Utility: cost
  Completion: add-opt
  Exhaustive: True
  Output: /gpfs/home/uki2551/EES_Project/PB/results/ees/cost/add-opt_exhaustive/poland_warszawa_2026_kamionek-saska-kepa.csv

Results saved to: /gpfs/home/uki2551/EES_Project/PB/results/ees/cost/add-opt_exhaustive/poland_warszawa_2026_kamionek-saska-kepa.csv

Summary:
  Highest efficiency: 0.9784
  Projects selected: 8
  Budget increases: 384
