==============================================
Submitting PB jobs with configuration:
  Algorithm:   ees
  Utility:     cost
  Completion:  add-opt
  Exhaustive:  --exhaustive
==============================================
Running on file: ../Data/poland_gdynia_2020_chwarzno-wiczlino-small.pb
Array task ID: 64
Running PB algorithm:
  Input: /gpfs/home/uki2551/EES_Project/PB/Data/poland_gdynia_2020_chwarzno-wiczlino-small.pb
  Algorithm: EES
  Utility: cost
  Completion: add-opt
  Exhaustive: True
  Output: /gpfs/home/uki2551/EES_Project/PB/results/ees/cost/add-opt_exhaustive/poland_gdynia_2020_chwarzno-wiczlino-small.csv

Results saved to: /gpfs/home/uki2551/EES_Project/PB/results/ees/cost/add-opt_exhaustive/poland_gdynia_2020_chwarzno-wiczlino-small.csv

Summary:
  Highest efficiency: 0.9517
  Projects selected: 8
  Budget increases: 59
