==============================================
Submitting PB jobs with configuration:
  Algorithm:   ees
  Utility:     cost
  Completion:  add-opt
  Exhaustive:  --exhaustive
==============================================
Running on file: ../Data/us_stanford-dataset_sf-tenderloin-december-2022_vote-knapsacks.pb
Array task ID: 748
Running PB algorithm:
  Input: /gpfs/home/uki2551/EES_Project/PB/Data/us_stanford-dataset_sf-tenderloin-december-2022_vote-knapsacks.pb
  Algorithm: EES
  Utility: cost
  Completion: add-opt
  Exhaustive: True
  Output: /gpfs/home/uki2551/EES_Project/PB/results/ees/cost/add-opt_exhaustive/us_stanford-dataset_sf-tenderloin-december-2022_vote-knapsacks.csv

Results saved to: /gpfs/home/uki2551/EES_Project/PB/results/ees/cost/add-opt_exhaustive/us_stanford-dataset_sf-tenderloin-december-2022_vote-knapsacks.csv

Summary:
  Highest efficiency: 0.9665
  Projects selected: 24
  Budget increases: 2969
