==============================================
Submitting PB jobs with configuration:
  Algorithm:   ees
  Utility:     cost
  Completion:  add-opt
  Exhaustive:  --exhaustive
==============================================
Running on file: ../Data/us_stanford-dataset_your-voice-your-choice-parks-and-streets-seattle-2017-district-1_vote-approvals.pb
Array task ID: 751
Running PB algorithm:
  Input: /gpfs/home/uki2551/EES_Project/PB/Data/us_stanford-dataset_your-voice-your-choice-parks-and-streets-seattle-2017-district-1_vote-approvals.pb
  Algorithm: EES
  Utility: cost
  Completion: add-opt
  Exhaustive: True
  Output: /gpfs/home/uki2551/EES_Project/PB/results/ees/cost/add-opt_exhaustive/us_stanford-dataset_your-voice-your-choice-parks-and-streets-seattle-2017-district-1_vote-approvals.csv

Results saved to: /gpfs/home/uki2551/EES_Project/PB/results/ees/cost/add-opt_exhaustive/us_stanford-dataset_your-voice-your-choice-parks-and-streets-seattle-2017-district-1_vote-approvals.csv

Summary:
  Highest efficiency: 0.9938
  Projects selected: 4
  Budget increases: 33
