==============================================
Submitting PB jobs with configuration:
  Algorithm:   ees
  Utility:     cost
  Completion:  add-one
  Exhaustive:  --exhaustive
==============================================
Running on file: ../Data/poland_lodz_2024_zarzew.pb
Array task ID: 240
Running PB algorithm:
  Input: /gpfs/home/uki2551/EES_Project/PB/Data/poland_lodz_2024_zarzew.pb
  Algorithm: EES
  Utility: cost
  Completion: add-one
  Exhaustive: True
  Output: /gpfs/home/uki2551/EES_Project/PB/results/ees/cost/add-one_exhaustive/poland_lodz_2024_zarzew.csv

Results saved to: /gpfs/home/uki2551/EES_Project/PB/results/ees/cost/add-one_exhaustive/poland_lodz_2024_zarzew.csv

Summary:
  Highest efficiency: 0.8810
  Projects selected: 15
  Budget increases: 1336
