==============================================
Submitting PB jobs with configuration:
  Algorithm:   ees
  Utility:     cost
  Completion:  add-one
  Exhaustive:  --exhaustive
==============================================
Running on file: ../Data/France_Toulouse_2022_12_-_Pont_des_Demoiselles_Ormeau_Montaudran_La_Terrasse_Malepere.pb
Array task ID: 3
Running PB algorithm:
  Input: /gpfs/home/uki2551/EES_Project/PB/Data/France_Toulouse_2022_12_-_Pont_des_Demoiselles_Ormeau_Montaudran_La_Terrasse_Malepere.pb
  Algorithm: EES
  Utility: cost
  Completion: add-one
  Exhaustive: True
  Output: /gpfs/home/uki2551/EES_Project/PB/results/ees/cost/add-one_exhaustive/France_Toulouse_2022_12_-_Pont_des_Demoiselles_Ormeau_Montaudran_La_Terrasse_Malepere.csv

Results saved to: /gpfs/home/uki2551/EES_Project/PB/results/ees/cost/add-one_exhaustive/France_Toulouse_2022_12_-_Pont_des_Demoiselles_Ormeau_Montaudran_La_Terrasse_Malepere.csv

Summary:
  Highest efficiency: 0.5875
  Projects selected: 5
  Budget increases: 2671
