==============================================
Submitting PB jobs with configuration:
  Algorithm:   ees
  Utility:     cost
  Completion:  add-one
  Exhaustive:  --exhaustive
==============================================
Running on file: ../Data/poland_warszawa_2018_obszar-2-stara-milosna.pb
Array task ID: 372
Running PB algorithm:
  Input: /gpfs/home/uki2551/EES_Project/PB/Data/poland_warszawa_2018_obszar-2-stara-milosna.pb
  Algorithm: EES
  Utility: cost
  Completion: add-one
  Exhaustive: True
  Output: /gpfs/home/uki2551/EES_Project/PB/results/ees/cost/add-one_exhaustive/poland_warszawa_2018_obszar-2-stara-milosna.csv

Results saved to: /gpfs/home/uki2551/EES_Project/PB/results/ees/cost/add-one_exhaustive/poland_warszawa_2018_obszar-2-stara-milosna.csv

Summary:
  Highest efficiency: 0.9819
  Projects selected: 5
  Budget increases: 437
