==============================================
Submitting PB jobs with configuration:
  Algorithm:   ees
  Utility:     cost
  Completion:  add-one
  Exhaustive:  --exhaustive
==============================================
Running on file: ../Data/poland_warszawa_2018_targowek-fabryczny-elsnerow-i-utrata.pb
Array task ID: 402
Running PB algorithm:
  Input: /gpfs/home/uki2551/EES_Project/PB/Data/poland_warszawa_2018_targowek-fabryczny-elsnerow-i-utrata.pb
  Algorithm: EES
  Utility: cost
  Completion: add-one
  Exhaustive: True
  Output: /gpfs/home/uki2551/EES_Project/PB/results/ees/cost/add-one_exhaustive/poland_warszawa_2018_targowek-fabryczny-elsnerow-i-utrata.csv

Results saved to: /gpfs/home/uki2551/EES_Project/PB/results/ees/cost/add-one_exhaustive/poland_warszawa_2018_targowek-fabryczny-elsnerow-i-utrata.csv

Summary:
  Highest efficiency: 0.7748
  Projects selected: 10
  Budget increases: 876
