==============================================
Submitting PB jobs with configuration:
  Algorithm:   ees
  Utility:     cost
  Completion:  add-one
  Exhaustive:  --exhaustive
==============================================
Running on file: ../Data/poland_warszawa_2019_obszar-1-tarchomin-nowodwory-kepa-tarchominska.pb
Array task ID: 436
Running PB algorithm:
  Input: /gpfs/home/uki2551/EES_Project/PB/Data/poland_warszawa_2019_obszar-1-tarchomin-nowodwory-kepa-tarchominska.pb
  Algorithm: EES
  Utility: cost
  Completion: add-one
  Exhaustive: True
  Output: /gpfs/home/uki2551/EES_Project/PB/results/ees/cost/add-one_exhaustive/poland_warszawa_2019_obszar-1-tarchomin-nowodwory-kepa-tarchominska.csv

Results saved to: /gpfs/home/uki2551/EES_Project/PB/results/ees/cost/add-one_exhaustive/poland_warszawa_2019_obszar-1-tarchomin-nowodwory-kepa-tarchominska.csv

Summary:
  Highest efficiency: 0.9632
  Projects selected: 24
  Budget increases: 6979
