==============================================
Submitting PB jobs with configuration:
  Algorithm:   ees
  Utility:     cost
  Completion:  add-one
  Exhaustive:  --exhaustive
==============================================
Running on file: ../Data/poland_warszawa_2021_wola.pb
Array task ID: 525
Running PB algorithm:
  Input: /gpfs/home/uki2551/EES_Project/PB/Data/poland_warszawa_2021_wola.pb
  Algorithm: EES
  Utility: cost
  Completion: add-one
  Exhaustive: True
  Output: /gpfs/home/uki2551/EES_Project/PB/results/ees/cost/add-one_exhaustive/poland_warszawa_2021_wola.csv

Results saved to: /gpfs/home/uki2551/EES_Project/PB/results/ees/cost/add-one_exhaustive/poland_warszawa_2021_wola.csv

Summary:
  Highest efficiency: 0.9987
  Projects selected: 60
  Budget increases: 984
