==============================================
Submitting PB jobs with configuration:
  Algorithm:   ees
  Utility:     cost
  Completion:  add-one
  Exhaustive:  --exhaustive
==============================================
Running on file: ../Data/poland_warszawa_2026_wyczolki-grabow-jeziorki-polnocne-jeziorki-poludniowe-pyry-dabrowka-skarpa-powsinska-teren-wydzielony-rezerwat-las-kabacki.pb
Array task ID: 672
Running PB algorithm:
  Input: /gpfs/home/uki2551/EES_Project/PB/Data/poland_warszawa_2026_wyczolki-grabow-jeziorki-polnocne-jeziorki-poludniowe-pyry-dabrowka-skarpa-powsinska-teren-wydzielony-rezerwat-las-kabacki.pb
  Algorithm: EES
  Utility: cost
  Completion: add-one
  Exhaustive: True
  Output: /gpfs/home/uki2551/EES_Project/PB/results/ees/cost/add-one_exhaustive/poland_warszawa_2026_wyczolki-grabow-jeziorki-polnocne-jeziorki-poludniowe-pyry-dabrowka-skarpa-powsinska-teren-wydzielony-rezerwat-las-kabacki.csv

Results saved to: /gpfs/home/uki2551/EES_Project/PB/results/ees/cost/add-one_exhaustive/poland_warszawa_2026_wyczolki-grabow-jeziorki-polnocne-jeziorki-poludniowe-pyry-dabrowka-skarpa-powsinska-teren-wydzielony-rezerwat-las-kabacki.csv

Summary:
  Highest efficiency: 0.9795
  Projects selected: 7
  Budget increases: 227
