==============================================
Submitting PB jobs with configuration:
  Algorithm:   ees
  Utility:     cardinal
  Completion:  add-one
  Exhaustive:  --exhaustive
==============================================
Running on file: ../Data/France_Toulouse_2022_19_-_Casselardit_Fontaine-Bayonne_Cartoucherie.pb
Array task ID: 10
Running PB algorithm:
  Input: /gpfs/home/uki2551/EES_Project/PB/Data/France_Toulouse_2022_19_-_Casselardit_Fontaine-Bayonne_Cartoucherie.pb
  Algorithm: EES
  Utility: cardinal
  Completion: add-one
  Exhaustive: True
  Output: /gpfs/home/uki2551/EES_Project/PB/results/ees/cardinal/add-one_exhaustive/France_Toulouse_2022_19_-_Casselardit_Fontaine-Bayonne_Cartoucherie.csv

Results saved to: /gpfs/home/uki2551/EES_Project/PB/results/ees/cardinal/add-one_exhaustive/France_Toulouse_2022_19_-_Casselardit_Fontaine-Bayonne_Cartoucherie.csv

Summary:
  Highest efficiency: 0.8525
  Projects selected: 6
  Budget increases: 665
