==============================================
Submitting PB jobs with configuration:
  Algorithm:   ees
  Utility:     cardinal
  Completion:  add-one
  Exhaustive:  --exhaustive
==============================================
Running on file: ../Data/France_Toulouse_2022_6_-_Saint-Cyprien.pb
Array task ID: 17
Running PB algorithm:
  Input: /gpfs/home/uki2551/EES_Project/PB/Data/France_Toulouse_2022_6_-_Saint-Cyprien.pb
  Algorithm: EES
  Utility: cardinal
  Completion: add-one
  Exhaustive: True
  Output: /gpfs/home/uki2551/EES_Project/PB/results/ees/cardinal/add-one_exhaustive/France_Toulouse_2022_6_-_Saint-Cyprien.csv

Results saved to: /gpfs/home/uki2551/EES_Project/PB/results/ees/cardinal/add-one_exhaustive/France_Toulouse_2022_6_-_Saint-Cyprien.csv

Summary:
  Highest efficiency: 0.7475
  Projects selected: 3
  Budget increases: 1593
