==============================================
Submitting PB jobs with configuration:
  Algorithm:   ees
  Utility:     cardinal
  Completion:  add-one
  Exhaustive:  --exhaustive
==============================================
Running on file: ../Data/poland_poznan_2023_8-chartowo-rataje-zegrze.pb
Array task ID: 254
Running PB algorithm:
  Input: /gpfs/home/uki2551/EES_Project/PB/Data/poland_poznan_2023_8-chartowo-rataje-zegrze.pb
  Algorithm: EES
  Utility: cardinal
  Completion: add-one
  Exhaustive: True
  Output: /gpfs/home/uki2551/EES_Project/PB/results/ees/cardinal/add-one_exhaustive/poland_poznan_2023_8-chartowo-rataje-zegrze.csv

Results saved to: /gpfs/home/uki2551/EES_Project/PB/results/ees/cardinal/add-one_exhaustive/poland_poznan_2023_8-chartowo-rataje-zegrze.csv

Summary:
  Highest efficiency: 0.7606
  Projects selected: 2
  Budget increases: 1605
