==============================================
Submitting PB jobs with configuration:
  Algorithm:   ees
  Utility:     cardinal
  Completion:  add-one
  Exhaustive:  --exhaustive
==============================================
Running on file: ../Data/poland_warszawa_2021_targowek.pb
Array task ID: 518
Running PB algorithm:
  Input: /gpfs/home/uki2551/EES_Project/PB/Data/poland_warszawa_2021_targowek.pb
  Algorithm: EES
  Utility: cardinal
  Completion: add-one
  Exhaustive: True
  Output: /gpfs/home/uki2551/EES_Project/PB/results/ees/cardinal/add-one_exhaustive/poland_warszawa_2021_targowek.csv

Results saved to: /gpfs/home/uki2551/EES_Project/PB/results/ees/cardinal/add-one_exhaustive/poland_warszawa_2021_targowek.csv

Summary:
  Highest efficiency: 0.9686
  Projects selected: 57
  Budget increases: 665
