==============================================
Submitting PB jobs with configuration:
  Algorithm:   ees
  Utility:     cardinal
  Completion:  add-one
  Exhaustive:  --exhaustive
==============================================
Running on file: ../Data/poland_warszawa_2022_rembertow.pb
Array task ID: 535
Running PB algorithm:
  Input: /gpfs/home/uki2551/EES_Project/PB/Data/poland_warszawa_2022_rembertow.pb
  Algorithm: EES
  Utility: cardinal
  Completion: add-one
  Exhaustive: True
  Output: /gpfs/home/uki2551/EES_Project/PB/results/ees/cardinal/add-one_exhaustive/poland_warszawa_2022_rembertow.csv

Results saved to: /gpfs/home/uki2551/EES_Project/PB/results/ees/cardinal/add-one_exhaustive/poland_warszawa_2022_rembertow.csv

Summary:
  Highest efficiency: 0.9936
  Projects selected: 40
  Budget increases: 794
