==============================================
Submitting PB jobs with configuration:
  Algorithm:   ees
  Utility:     cardinal
  Completion:  add-one
  Exhaustive:  --exhaustive
==============================================
Running on file: ../Data/poland_warszawa_2026_muranow-nowe-miasto-stare-miasto.pb
Array task ID: 629
Running PB algorithm:
  Input: /gpfs/home/uki2551/EES_Project/PB/Data/poland_warszawa_2026_muranow-nowe-miasto-stare-miasto.pb
  Algorithm: EES
  Utility: cardinal
  Completion: add-one
  Exhaustive: True
  Output: /gpfs/home/uki2551/EES_Project/PB/results/ees/cardinal/add-one_exhaustive/poland_warszawa_2026_muranow-nowe-miasto-stare-miasto.csv

Results saved to: /gpfs/home/uki2551/EES_Project/PB/results/ees/cardinal/add-one_exhaustive/poland_warszawa_2026_muranow-nowe-miasto-stare-miasto.csv

Summary:
  Highest efficiency: 0.6893
  Projects selected: 7
  Budget increases: 122
