==============================================
Submitting PB jobs with configuration:
  Algorithm:   ees
  Utility:     cardinal
  Completion:  add-one
  Exhaustive:  --exhaustive
==============================================
Running on file: ../Data/poland_warszawa_2026_targowek-mieszkaniowy-targowek-fabryczny-elsnerow-utrata.pb
Array task ID: 659
Running PB algorithm:
  Input: /gpfs/home/uki2551/EES_Project/PB/Data/poland_warszawa_2026_targowek-mieszkaniowy-targowek-fabryczny-elsnerow-utrata.pb
  Algorithm: EES
  Utility: cardinal
  Completion: add-one
  Exhaustive: True
  Output: /gpfs/home/uki2551/EES_Project/PB/results/ees/cardinal/add-one_exhaustive/poland_warszawa_2026_targowek-mieszkaniowy-targowek-fabryczny-elsnerow-utrata.csv

Results saved to: /gpfs/home/uki2551/EES_Project/PB/results/ees/cardinal/add-one_exhaustive/poland_warszawa_2026_targowek-mieszkaniowy-targowek-fabryczny-elsnerow-utrata.csv

Summary:
  Highest efficiency: 0.9372
  Projects selected: 27
  Budget increases: 1452
