==============================================
Submitting PB jobs with configuration:
  Algorithm:   ees
  Utility:     cardinal
  Completion:  add-one
  Exhaustive:  --exhaustive
==============================================
Running on file: ../Data/poland_wieliczka_2023_green-budget.pb
Array task ID: 675
Running PB algorithm:
  Input: /gpfs/home/uki2551/EES_Project/PB/Data/poland_wieliczka_2023_green-budget.pb
  Algorithm: EES
  Utility: cardinal
  Completion: add-one
  Exhaustive: True
  Output: /gpfs/home/uki2551/EES_Project/PB/results/ees/cardinal/add-one_exhaustive/poland_wieliczka_2023_green-budget.csv

Results saved to: /gpfs/home/uki2551/EES_Project/PB/results/ees/cardinal/add-one_exhaustive/poland_wieliczka_2023_green-budget.csv

Summary:
  Highest efficiency: 0.9184
  Projects selected: 32
  Budget increases: 3430
