==============================================
Submitting PB jobs with configuration:
  Algorithm:   ees
  Utility:     cardinal
  Completion:  add-one
  Exhaustive:  --exhaustive
==============================================
Running on file: ../Data/us_stanford-dataset_pb-chicago-35th-ward-2021_vote-knapsacks.pb
Array task ID: 706
Running PB algorithm:
  Input: /gpfs/home/uki2551/EES_Project/PB/Data/us_stanford-dataset_pb-chicago-35th-ward-2021_vote-knapsacks.pb
  Algorithm: EES
  Utility: cardinal
  Completion: add-one
  Exhaustive: True
  Output: /gpfs/home/uki2551/EES_Project/PB/results/ees/cardinal/add-one_exhaustive/us_stanford-dataset_pb-chicago-35th-ward-2021_vote-knapsacks.csv

Results saved to: /gpfs/home/uki2551/EES_Project/PB/results/ees/cardinal/add-one_exhaustive/us_stanford-dataset_pb-chicago-35th-ward-2021_vote-knapsacks.csv

Summary:
  Highest efficiency: 0.8000
  Projects selected: 2
  Budget increases: 259
