==============================================
Submitting PB jobs with configuration:
  Algorithm:   ees
  Utility:     cardinal
  Completion:  add-one
  Exhaustive:  --exhaustive
==============================================
Running on file: ../Data/poland_gdynia_2020_wzgorze-sw-maksymiliana-small.pb
Array task ID: 99
Running PB algorithm:
  Input: /gpfs/home/uki2551/EES_Project/PB/Data/poland_gdynia_2020_wzgorze-sw-maksymiliana-small.pb
  Algorithm: EES
  Utility: cardinal
  Completion: add-one
  Exhaustive: True
  Output: /gpfs/home/uki2551/EES_Project/PB/results/ees/cardinal/add-one_exhaustive/poland_gdynia_2020_wzgorze-sw-maksymiliana-small.csv

Results saved to: /gpfs/home/uki2551/EES_Project/PB/results/ees/cardinal/add-one_exhaustive/poland_gdynia_2020_wzgorze-sw-maksymiliana-small.csv

Summary:
  Highest efficiency: 0.8328
  Projects selected: 3
  Budget increases: 207
