==============================================
Submitting PB jobs with configuration:
  Algorithm:   ees
  Utility:     cost
  Completion:  add-opt-skip
  Exhaustive:  no
==============================================
Running on file: ../Data/poland_lodz_2020_lublinek-pienista.pb
Array task ID: 111
Running PB algorithm:
  Input: /gpfs/home/uki2551/EES_Project/PB/Data/poland_lodz_2020_lublinek-pienista.pb
  Algorithm: EES
  Utility: cost
  Completion: add-opt-skip
  Exhaustive: False
  Output: /gpfs/home/uki2551/EES_Project/PB/results/ees/cost/add-opt-skip/poland_lodz_2020_lublinek-pienista.csv

Results saved to: /gpfs/home/uki2551/EES_Project/PB/results/ees/cost/add-opt-skip/poland_lodz_2020_lublinek-pienista.csv

Summary:
  Highest efficiency: 0.9092
  Projects selected: 6
  Budget increases: 5
