==============================================
Submitting PB jobs with configuration:
  Algorithm:   ees
  Utility:     cost
  Completion:  add-opt-skip
  Exhaustive:  no
==============================================
Running on file: ../Data/France_Toulouse_2022_2_-_Amidonniers_Compans-Caffarelli_Brouardel.pb
Array task ID: 13
Running PB algorithm:
  Input: /gpfs/home/uki2551/EES_Project/PB/Data/France_Toulouse_2022_2_-_Amidonniers_Compans-Caffarelli_Brouardel.pb
  Algorithm: EES
  Utility: cost
  Completion: add-opt-skip
  Exhaustive: False
  Output: /gpfs/home/uki2551/EES_Project/PB/results/ees/cost/add-opt-skip/France_Toulouse_2022_2_-_Amidonniers_Compans-Caffarelli_Brouardel.csv

Results saved to: /gpfs/home/uki2551/EES_Project/PB/results/ees/cost/add-opt-skip/France_Toulouse_2022_2_-_Amidonniers_Compans-Caffarelli_Brouardel.csv

Summary:
  Highest efficiency: 0.8423
  Projects selected: 7
  Budget increases: 7
