==============================================
Submitting PB jobs with configuration:
  Algorithm:   ees
  Utility:     cost
  Completion:  add-opt-skip
  Exhaustive:  no
==============================================
Running on file: ../Data/France_Toulouse_2022_9_-_Trois_Cocus_Borderouge_Croix-Daurade_Paleficat_Grand_Selve.pb
Array task ID: 20
Running PB algorithm:
  Input: /gpfs/home/uki2551/EES_Project/PB/Data/France_Toulouse_2022_9_-_Trois_Cocus_Borderouge_Croix-Daurade_Paleficat_Grand_Selve.pb
  Algorithm: EES
  Utility: cost
  Completion: add-opt-skip
  Exhaustive: False
  Output: /gpfs/home/uki2551/EES_Project/PB/results/ees/cost/add-opt-skip/France_Toulouse_2022_9_-_Trois_Cocus_Borderouge_Croix-Daurade_Paleficat_Grand_Selve.csv

Results saved to: /gpfs/home/uki2551/EES_Project/PB/results/ees/cost/add-opt-skip/France_Toulouse_2022_9_-_Trois_Cocus_Borderouge_Croix-Daurade_Paleficat_Grand_Selve.csv

Summary:
  Highest efficiency: 0.8818
  Projects selected: 8
  Budget increases: 4
