==============================================
Submitting PB jobs with configuration:
  Algorithm:   ees
  Utility:     cost
  Completion:  add-opt-skip
  Exhaustive:  no
==============================================
Running on file: ../Data/poland_warszawa_2018_ursynow-wysoki-polnocny.pb
Array task ID: 407
Running PB algorithm:
  Input: /gpfs/home/uki2551/EES_Project/PB/Data/poland_warszawa_2018_ursynow-wysoki-polnocny.pb
  Algorithm: EES
  Utility: cost
  Completion: add-opt-skip
  Exhaustive: False
  Output: /gpfs/home/uki2551/EES_Project/PB/results/ees/cost/add-opt-skip/poland_warszawa_2018_ursynow-wysoki-polnocny.csv

Results saved to: /gpfs/home/uki2551/EES_Project/PB/results/ees/cost/add-opt-skip/poland_warszawa_2018_ursynow-wysoki-polnocny.csv

Summary:
  Highest efficiency: 0.9705
  Projects selected: 41
  Budget increases: 42
