==============================================
Submitting PB jobs with configuration:
  Algorithm:   ees
  Utility:     cost
  Completion:  add-opt-skip
  Exhaustive:  no
==============================================
Running on file: ../Data/poland_warszawa_2019_obszar-iv-wilanow-zachodni-osiedle-arbuzowa.pb
Array task ID: 448
Running PB algorithm:
  Input: /gpfs/home/uki2551/EES_Project/PB/Data/poland_warszawa_2019_obszar-iv-wilanow-zachodni-osiedle-arbuzowa.pb
  Algorithm: EES
  Utility: cost
  Completion: add-opt-skip
  Exhaustive: False
  Output: /gpfs/home/uki2551/EES_Project/PB/results/ees/cost/add-opt-skip/poland_warszawa_2019_obszar-iv-wilanow-zachodni-osiedle-arbuzowa.csv

Results saved to: /gpfs/home/uki2551/EES_Project/PB/results/ees/cost/add-opt-skip/poland_warszawa_2019_obszar-iv-wilanow-zachodni-osiedle-arbuzowa.csv

Summary:
  Highest efficiency: 0.8576
  Projects selected: 10
  Budget increases: 7
