==============================================
Submitting PB jobs with configuration:
  Algorithm:   ees
  Utility:     cost
  Completion:  add-opt-skip
  Exhaustive:  no
==============================================
Running on file: ../Data/poland_warszawa_2024_ochota.pb
Array task ID: 569
Running PB algorithm:
  Input: /gpfs/home/uki2551/EES_Project/PB/Data/poland_warszawa_2024_ochota.pb
  Algorithm: EES
  Utility: cost
  Completion: add-opt-skip
  Exhaustive: False
  Output: /gpfs/home/uki2551/EES_Project/PB/results/ees/cost/add-opt-skip/poland_warszawa_2024_ochota.csv

Results saved to: /gpfs/home/uki2551/EES_Project/PB/results/ees/cost/add-opt-skip/poland_warszawa_2024_ochota.csv

Summary:
  Highest efficiency: 0.9905
  Projects selected: 27
  Budget increases: 18
