==============================================
Submitting PB jobs with configuration:
  Algorithm:   ees
  Utility:     cost
  Completion:  add-opt-skip
  Exhaustive:  no
==============================================
Running on file: ../Data/poland_warszawa_2026_kobialka-grodzisk-brzeziny.pb
Array task ID: 619
Running PB algorithm:
  Input: /gpfs/home/uki2551/EES_Project/PB/Data/poland_warszawa_2026_kobialka-grodzisk-brzeziny.pb
  Algorithm: EES
  Utility: cost
  Completion: add-opt-skip
  Exhaustive: False
  Output: /gpfs/home/uki2551/EES_Project/PB/results/ees/cost/add-opt-skip/poland_warszawa_2026_kobialka-grodzisk-brzeziny.csv

Results saved to: /gpfs/home/uki2551/EES_Project/PB/results/ees/cost/add-opt-skip/poland_warszawa_2026_kobialka-grodzisk-brzeziny.csv

Summary:
  Highest efficiency: 0.9165
  Projects selected: 3
  Budget increases: 3
