==============================================
Submitting PB jobs with configuration:
  Algorithm:   ees
  Utility:     cost
  Completion:  add-opt-skip
  Exhaustive:  no
==============================================
Running on file: ../Data/us_stanford-dataset_pb-vallejo-2015_vote-approvals.pb
Array task ID: 743
Running PB algorithm:
  Input: /gpfs/home/uki2551/EES_Project/PB/Data/us_stanford-dataset_pb-vallejo-2015_vote-approvals.pb
  Algorithm: EES
  Utility: cost
  Completion: add-opt-skip
  Exhaustive: False
  Output: /gpfs/home/uki2551/EES_Project/PB/results/ees/cost/add-opt-skip/us_stanford-dataset_pb-vallejo-2015_vote-approvals.csv

Results saved to: /gpfs/home/uki2551/EES_Project/PB/results/ees/cost/add-opt-skip/us_stanford-dataset_pb-vallejo-2015_vote-approvals.csv

Summary:
  Highest efficiency: 0.9670
  Projects selected: 8
  Budget increases: 11
