==============================================
Submitting PB jobs with configuration:
  Algorithm:   mes
  Utility:     cost
  Completion:  add-one
  Exhaustive:  no
==============================================
Running on file: ../Data/France_Toulouse_2022_10_-_Jolimont_Soupetard_Roseraie_Gloire_Gramont_Amouroux.pb
Array task ID: 1
Running PB algorithm:
  Input: /gpfs/home/uki2551/EES_Project/PB/Data/France_Toulouse_2022_10_-_Jolimont_Soupetard_Roseraie_Gloire_Gramont_Amouroux.pb
  Algorithm: MES
  Utility: cost
  Completion: add-one
  Exhaustive: False
  Output: /gpfs/home/uki2551/EES_Project/PB/results/mes/cost/add-one/France_Toulouse_2022_10_-_Jolimont_Soupetard_Roseraie_Gloire_Gramont_Amouroux.csv

Results saved to: /gpfs/home/uki2551/EES_Project/PB/results/mes/cost/add-one/France_Toulouse_2022_10_-_Jolimont_Soupetard_Roseraie_Gloire_Gramont_Amouroux.csv

Summary:
  Highest efficiency: 0.6300
  Projects selected: 7
  Budget increases: 85
