==============================================
Submitting PB jobs with configuration:
  Algorithm:   mes
  Utility:     cost
  Completion:  add-one
  Exhaustive:  no
==============================================
Running on file: ../Data/poland_lodz_2020_radogoszcz.pb
Array task ID: 119
Running PB algorithm:
  Input: /gpfs/home/uki2551/EES_Project/PB/Data/poland_lodz_2020_radogoszcz.pb
  Algorithm: MES
  Utility: cost
  Completion: add-one
  Exhaustive: False
  Output: /gpfs/home/uki2551/EES_Project/PB/results/mes/cost/add-one/poland_lodz_2020_radogoszcz.csv

Results saved to: /gpfs/home/uki2551/EES_Project/PB/results/mes/cost/add-one/poland_lodz_2020_radogoszcz.csv

Summary:
  Highest efficiency: 0.5897
  Projects selected: 13
  Budget increases: 101
