==============================================
Submitting PB jobs with configuration:
  Algorithm:   mes
  Utility:     cost
  Completion:  add-one
  Exhaustive:  no
==============================================
Running on file: ../Data/poland_lodz_2022_lublinek-pienista.pb
Array task ID: 147
Running PB algorithm:
  Input: /gpfs/home/uki2551/EES_Project/PB/Data/poland_lodz_2022_lublinek-pienista.pb
  Algorithm: MES
  Utility: cost
  Completion: add-one
  Exhaustive: False
  Output: /gpfs/home/uki2551/EES_Project/PB/results/mes/cost/add-one/poland_lodz_2022_lublinek-pienista.csv

Results saved to: /gpfs/home/uki2551/EES_Project/PB/results/mes/cost/add-one/poland_lodz_2022_lublinek-pienista.csv

Summary:
  Highest efficiency: 0.8344
  Projects selected: 8
  Budget increases: 84
