==============================================
Submitting PB jobs with configuration:
  Algorithm:   mes
  Utility:     cost
  Completion:  add-one
  Exhaustive:  no
==============================================
Running on file: ../Data/France_Toulouse_2022_4_-_Lapujade_Bonnefoy_Periole_Marengo_La_Colonne.pb
Array task ID: 15
Running PB algorithm:
  Input: /gpfs/home/uki2551/EES_Project/PB/Data/France_Toulouse_2022_4_-_Lapujade_Bonnefoy_Periole_Marengo_La_Colonne.pb
  Algorithm: MES
  Utility: cost
  Completion: add-one
  Exhaustive: False
  Output: /gpfs/home/uki2551/EES_Project/PB/results/mes/cost/add-one/France_Toulouse_2022_4_-_Lapujade_Bonnefoy_Periole_Marengo_La_Colonne.csv

Results saved to: /gpfs/home/uki2551/EES_Project/PB/results/mes/cost/add-one/France_Toulouse_2022_4_-_Lapujade_Bonnefoy_Periole_Marengo_La_Colonne.csv

Summary:
  Highest efficiency: 0.8008
  Projects selected: 8
  Budget increases: 456
