==============================================
Submitting PB jobs with configuration:
  Algorithm:   mes
  Utility:     cost
  Completion:  add-one
  Exhaustive:  no
==============================================
Running on file: ../Data/poland_lodz_2024_teofilow-wielkopolska.pb
Array task ID: 236
Running PB algorithm:
  Input: /gpfs/home/uki2551/EES_Project/PB/Data/poland_lodz_2024_teofilow-wielkopolska.pb
  Algorithm: MES
  Utility: cost
  Completion: add-one
  Exhaustive: False
  Output: /gpfs/home/uki2551/EES_Project/PB/results/mes/cost/add-one/poland_lodz_2024_teofilow-wielkopolska.csv

Results saved to: /gpfs/home/uki2551/EES_Project/PB/results/mes/cost/add-one/poland_lodz_2024_teofilow-wielkopolska.csv

Summary:
  Highest efficiency: 0.9627
  Projects selected: 10
  Budget increases: 190
