==============================================
Submitting PB jobs with configuration:
  Algorithm:   mes
  Utility:     cost
  Completion:  add-one
  Exhaustive:  no
==============================================
Running on file: ../Data/poland_poznan_2023_2-kiekrz-krzyzowniki-smochowice-podolany-strzeszyn.pb
Array task ID: 248
Running PB algorithm:
  Input: /gpfs/home/uki2551/EES_Project/PB/Data/poland_poznan_2023_2-kiekrz-krzyzowniki-smochowice-podolany-strzeszyn.pb
  Algorithm: MES
  Utility: cost
  Completion: add-one
  Exhaustive: False
  Output: /gpfs/home/uki2551/EES_Project/PB/results/mes/cost/add-one/poland_poznan_2023_2-kiekrz-krzyzowniki-smochowice-podolany-strzeszyn.csv

Results saved to: /gpfs/home/uki2551/EES_Project/PB/results/mes/cost/add-one/poland_poznan_2023_2-kiekrz-krzyzowniki-smochowice-podolany-strzeszyn.csv

Summary:
  Highest efficiency: 0.9337
  Projects selected: 3
  Budget increases: 71
