==============================================
Submitting PB jobs with configuration:
  Algorithm:   mes
  Utility:     cost
  Completion:  add-one
  Exhaustive:  no
==============================================
Running on file: ../Data/poland_warszawa_2017_sawa.pb
Array task ID: 306
Running PB algorithm:
  Input: /gpfs/home/uki2551/EES_Project/PB/Data/poland_warszawa_2017_sawa.pb
  Algorithm: MES
  Utility: cost
  Completion: add-one
  Exhaustive: False
  Output: /gpfs/home/uki2551/EES_Project/PB/results/mes/cost/add-one/poland_warszawa_2017_sawa.csv

Results saved to: /gpfs/home/uki2551/EES_Project/PB/results/mes/cost/add-one/poland_warszawa_2017_sawa.csv

Summary:
  Highest efficiency: 0.8094
  Projects selected: 11
  Budget increases: 85
