==============================================
Submitting PB jobs with configuration:
  Algorithm:   mes
  Utility:     cost
  Completion:  add-one
  Exhaustive:  no
==============================================
Running on file: ../Data/netherlands_amsterdam_492_.pb
Array task ID: 41
Running PB algorithm:
  Input: /gpfs/home/uki2551/EES_Project/PB/Data/netherlands_amsterdam_492_.pb
  Algorithm: MES
  Utility: cost
  Completion: add-one
  Exhaustive: False
  Output: /gpfs/home/uki2551/EES_Project/PB/results/mes/cost/add-one/netherlands_amsterdam_492_.csv

Results saved to: /gpfs/home/uki2551/EES_Project/PB/results/mes/cost/add-one/netherlands_amsterdam_492_.csv

Summary:
  Highest efficiency: 0.9549
  Projects selected: 14
  Budget increases: 32
