==============================================
Submitting PB jobs with configuration:
  Algorithm:   mes
  Utility:     cost
  Completion:  add-one
  Exhaustive:  no
==============================================
Running on file: ../Data/poland_warszawa_2025_bemowo.pb
Array task ID: 584
Running PB algorithm:
  Input: /gpfs/home/uki2551/EES_Project/PB/Data/poland_warszawa_2025_bemowo.pb
  Algorithm: MES
  Utility: cost
  Completion: add-one
  Exhaustive: False
  Output: /gpfs/home/uki2551/EES_Project/PB/results/mes/cost/add-one/poland_warszawa_2025_bemowo.csv

Results saved to: /gpfs/home/uki2551/EES_Project/PB/results/mes/cost/add-one/poland_warszawa_2025_bemowo.csv

Summary:
  Highest efficiency: 0.9985
  Projects selected: 53
  Budget increases: 27
