==============================================
Submitting PB jobs with configuration:
  Algorithm:   mes
  Utility:     cost
  Completion:  add-one
  Exhaustive:  no
==============================================
Running on file: ../Data/poland_warszawa_2025_ochota.pb
Array task ID: 588
Running PB algorithm:
  Input: /gpfs/home/uki2551/EES_Project/PB/Data/poland_warszawa_2025_ochota.pb
  Algorithm: MES
  Utility: cost
  Completion: add-one
  Exhaustive: False
  Output: /gpfs/home/uki2551/EES_Project/PB/results/mes/cost/add-one/poland_warszawa_2025_ochota.csv

Results saved to: /gpfs/home/uki2551/EES_Project/PB/results/mes/cost/add-one/poland_warszawa_2025_ochota.csv

Summary:
  Highest efficiency: 0.9837
  Projects selected: 25
  Budget increases: 23
