==============================================
Submitting PB jobs with configuration:
  Algorithm:   mes
  Utility:     cost
  Completion:  add-one
  Exhaustive:  no
==============================================
Running on file: ../Data/poland_warszawa_2026_wierzbno-ksawerow.pb
Array task ID: 667
Running PB algorithm:
  Input: /gpfs/home/uki2551/EES_Project/PB/Data/poland_warszawa_2026_wierzbno-ksawerow.pb
  Algorithm: MES
  Utility: cost
  Completion: add-one
  Exhaustive: False
  Output: /gpfs/home/uki2551/EES_Project/PB/results/mes/cost/add-one/poland_warszawa_2026_wierzbno-ksawerow.csv

Results saved to: /gpfs/home/uki2551/EES_Project/PB/results/mes/cost/add-one/poland_warszawa_2026_wierzbno-ksawerow.csv

Summary:
  Highest efficiency: 0.9753
  Projects selected: 10
  Budget increases: 60
