==============================================
Submitting PB jobs with configuration:
  Algorithm:   mes
  Utility:     cost
  Completion:  add-one
  Exhaustive:  no
==============================================
Running on file: ../Data/us_stanford-dataset_pb-long-beach-district-9-2015_vote-approvals.pb
Array task ID: 737
Running PB algorithm:
  Input: /gpfs/home/uki2551/EES_Project/PB/Data/us_stanford-dataset_pb-long-beach-district-9-2015_vote-approvals.pb
  Algorithm: MES
  Utility: cost
  Completion: add-one
  Exhaustive: False
  Output: /gpfs/home/uki2551/EES_Project/PB/results/mes/cost/add-one/us_stanford-dataset_pb-long-beach-district-9-2015_vote-approvals.csv

Results saved to: /gpfs/home/uki2551/EES_Project/PB/results/mes/cost/add-one/us_stanford-dataset_pb-long-beach-district-9-2015_vote-approvals.csv

Summary:
  Highest efficiency: 0.8412
  Projects selected: 4
  Budget increases: 19
