==============================================
Submitting PB jobs with configuration:
  Algorithm:   ees
  Utility:     cardinal
  Completion:  add-opt-skip
  Exhaustive:  --exhaustive
==============================================
Running on file: ../Data/poland_poznan_2023_11-fabianowo-kotowo-gorczyn-junikowo-kwiatowe-lawica.pb
Array task ID: 244
Running PB algorithm:
  Input: /gpfs/home/uki2551/EES_Project/PB/Data/poland_poznan_2023_11-fabianowo-kotowo-gorczyn-junikowo-kwiatowe-lawica.pb
  Algorithm: EES
  Utility: cardinal
  Completion: add-opt-skip
  Exhaustive: True
  Output: /gpfs/home/uki2551/EES_Project/PB/results/ees/cardinal/add-opt-skip_exhaustive/poland_poznan_2023_11-fabianowo-kotowo-gorczyn-junikowo-kwiatowe-lawica.csv

Results saved to: /gpfs/home/uki2551/EES_Project/PB/results/ees/cardinal/add-opt-skip_exhaustive/poland_poznan_2023_11-fabianowo-kotowo-gorczyn-junikowo-kwiatowe-lawica.csv

Summary:
  Highest efficiency: 0.7280
  Projects selected: 3
  Budget increases: 6
