==============================================
Submitting PB jobs with configuration:
  Algorithm:   ees
  Utility:     cardinal
  Completion:  add-opt-skip
  Exhaustive:  --exhaustive
==============================================
Running on file: ../Data/poland_warszawa_2018_obszar-4-zoliborz-poludniowy-powazki.pb
Array task ID: 374
Running PB algorithm:
  Input: /gpfs/home/uki2551/EES_Project/PB/Data/poland_warszawa_2018_obszar-4-zoliborz-poludniowy-powazki.pb
  Algorithm: EES
  Utility: cardinal
  Completion: add-opt-skip
  Exhaustive: True
  Output: /gpfs/home/uki2551/EES_Project/PB/results/ees/cardinal/add-opt-skip_exhaustive/poland_warszawa_2018_obszar-4-zoliborz-poludniowy-powazki.csv

Results saved to: /gpfs/home/uki2551/EES_Project/PB/results/ees/cardinal/add-opt-skip_exhaustive/poland_warszawa_2018_obszar-4-zoliborz-poludniowy-powazki.csv

Summary:
  Highest efficiency: 0.3908
  Projects selected: 3
  Budget increases: 3
