==============================================
Submitting PB jobs with configuration:
  Algorithm:   ees
  Utility:     cardinal
  Completion:  add-opt-skip
  Exhaustive:  --exhaustive
==============================================
Running on file: ../Data/poland_warszawa_2018_rejon-5.pb
Array task ID: 386
Running PB algorithm:
  Input: /gpfs/home/uki2551/EES_Project/PB/Data/poland_warszawa_2018_rejon-5.pb
  Algorithm: EES
  Utility: cardinal
  Completion: add-opt-skip
  Exhaustive: True
  Output: /gpfs/home/uki2551/EES_Project/PB/results/ees/cardinal/add-opt-skip_exhaustive/poland_warszawa_2018_rejon-5.csv

Results saved to: /gpfs/home/uki2551/EES_Project/PB/results/ees/cardinal/add-opt-skip_exhaustive/poland_warszawa_2018_rejon-5.csv

Summary:
  Highest efficiency: 0.9109
  Projects selected: 11
  Budget increases: 39
