==============================================
Submitting PB jobs with configuration:
  Algorithm:   ees
  Utility:     cardinal
  Completion:  add-opt-skip
  Exhaustive:  --exhaustive
==============================================
Running on file: ../Data/France_Toulouse_2022_14_-_Saint-Simon_Lafourguette_Oncopole-Campus_Sante_du_Futur.pb
Array task ID: 5
Running PB algorithm:
  Input: /gpfs/home/uki2551/EES_Project/PB/Data/France_Toulouse_2022_14_-_Saint-Simon_Lafourguette_Oncopole-Campus_Sante_du_Futur.pb
  Algorithm: EES
  Utility: cardinal
  Completion: add-opt-skip
  Exhaustive: True
  Output: /gpfs/home/uki2551/EES_Project/PB/results/ees/cardinal/add-opt-skip_exhaustive/France_Toulouse_2022_14_-_Saint-Simon_Lafourguette_Oncopole-Campus_Sante_du_Futur.csv

Results saved to: /gpfs/home/uki2551/EES_Project/PB/results/ees/cardinal/add-opt-skip_exhaustive/France_Toulouse_2022_14_-_Saint-Simon_Lafourguette_Oncopole-Campus_Sante_du_Futur.csv

Summary:
  Highest efficiency: 0.9942
  Projects selected: 9
  Budget increases: 6
