==============================================
Submitting PB jobs with configuration:
  Algorithm:   ees
  Utility:     cardinal
  Completion:  add-opt-skip
  Exhaustive:  --exhaustive
==============================================
Running on file: ../Data/netherlands_amsterdam_621_.pb
Array task ID: 53
Running PB algorithm:
  Input: /gpfs/home/uki2551/EES_Project/PB/Data/netherlands_amsterdam_621_.pb
  Algorithm: EES
  Utility: cardinal
  Completion: add-opt-skip
  Exhaustive: True
  Output: /gpfs/home/uki2551/EES_Project/PB/results/ees/cardinal/add-opt-skip_exhaustive/netherlands_amsterdam_621_.csv

Results saved to: /gpfs/home/uki2551/EES_Project/PB/results/ees/cardinal/add-opt-skip_exhaustive/netherlands_amsterdam_621_.csv

Summary:
  Highest efficiency: 0.9721
  Projects selected: 39
  Budget increases: 133
