==============================================
Submitting PB jobs with configuration:
  Algorithm:   ees
  Utility:     cardinal
  Completion:  add-opt-skip
  Exhaustive:  --exhaustive
==============================================
Running on file: ../Data/poland_warszawa_2026_nadwisle-miedzeszyn-aleksandrow-falenica.pb
Array task ID: 630
Running PB algorithm:
  Input: /gpfs/home/uki2551/EES_Project/PB/Data/poland_warszawa_2026_nadwisle-miedzeszyn-aleksandrow-falenica.pb
  Algorithm: EES
  Utility: cardinal
  Completion: add-opt-skip
  Exhaustive: True
  Output: /gpfs/home/uki2551/EES_Project/PB/results/ees/cardinal/add-opt-skip_exhaustive/poland_warszawa_2026_nadwisle-miedzeszyn-aleksandrow-falenica.csv

Results saved to: /gpfs/home/uki2551/EES_Project/PB/results/ees/cardinal/add-opt-skip_exhaustive/poland_warszawa_2026_nadwisle-miedzeszyn-aleksandrow-falenica.csv

Summary:
  Highest efficiency: 0.9412
  Projects selected: 13
  Budget increases: 18
