==============================================
Submitting PB jobs with configuration:
  Algorithm:   ees
  Utility:     cardinal
  Completion:  add-opt-skip
  Exhaustive:  --exhaustive
==============================================
Running on file: ../Data/us_stanford-dataset_participatory-budgeting-project-pb2-2022-ballot_vote-approvals.pb
Array task ID: 689
Running PB algorithm:
  Input: /gpfs/home/uki2551/EES_Project/PB/Data/us_stanford-dataset_participatory-budgeting-project-pb2-2022-ballot_vote-approvals.pb
  Algorithm: EES
  Utility: cardinal
  Completion: add-opt-skip
  Exhaustive: True
  Output: /gpfs/home/uki2551/EES_Project/PB/results/ees/cardinal/add-opt-skip_exhaustive/us_stanford-dataset_participatory-budgeting-project-pb2-2022-ballot_vote-approvals.csv

Results saved to: /gpfs/home/uki2551/EES_Project/PB/results/ees/cardinal/add-opt-skip_exhaustive/us_stanford-dataset_participatory-budgeting-project-pb2-2022-ballot_vote-approvals.csv

Summary:
  Highest efficiency: 0.7500
  Projects selected: 3
  Budget increases: 5
