==============================================
Submitting PB jobs with configuration:
  Algorithm:   ees
  Utility:     cost
  Completion:  add-opt-skip
  Exhaustive:  --exhaustive
==============================================
Running on file: ../Data/poland_lodz_2022_rokicie.pb
Array task ID: 157
Running PB algorithm:
  Input: /gpfs/home/uki2551/EES_Project/PB/Data/poland_lodz_2022_rokicie.pb
  Algorithm: EES
  Utility: cost
  Completion: add-opt-skip
  Exhaustive: True
  Output: /gpfs/home/uki2551/EES_Project/PB/results/ees/cost/add-opt-skip_exhaustive/poland_lodz_2022_rokicie.csv

Results saved to: /gpfs/home/uki2551/EES_Project/PB/results/ees/cost/add-opt-skip_exhaustive/poland_lodz_2022_rokicie.csv

Summary:
  Highest efficiency: 0.7780
  Projects selected: 11
  Budget increases: 13
