==============================================
Submitting PB jobs with configuration:
  Algorithm:   ees
  Utility:     cost
  Completion:  add-opt-skip
  Exhaustive:  --exhaustive
==============================================
Running on file: ../Data/poland_poznan_2023_12-antoninek-zieliniec-kobylepole-glowna-ostrow-tumski-srodka-zawady-komandoria-warszawskie-pomet-maltanskie.pb
Array task ID: 245
Running PB algorithm:
  Input: /gpfs/home/uki2551/EES_Project/PB/Data/poland_poznan_2023_12-antoninek-zieliniec-kobylepole-glowna-ostrow-tumski-srodka-zawady-komandoria-warszawskie-pomet-maltanskie.pb
  Algorithm: EES
  Utility: cost
  Completion: add-opt-skip
  Exhaustive: True
  Output: /gpfs/home/uki2551/EES_Project/PB/results/ees/cost/add-opt-skip_exhaustive/poland_poznan_2023_12-antoninek-zieliniec-kobylepole-glowna-ostrow-tumski-srodka-zawady-komandoria-warszawskie-pomet-maltanskie.csv

Results saved to: /gpfs/home/uki2551/EES_Project/PB/results/ees/cost/add-opt-skip_exhaustive/poland_poznan_2023_12-antoninek-zieliniec-kobylepole-glowna-ostrow-tumski-srodka-zawady-komandoria-warszawskie-pomet-maltanskie.csv

Summary:
  Highest efficiency: 0.5963
  Projects selected: 3
  Budget increases: 15
