==============================================
Submitting PB jobs with configuration:
  Algorithm:   ees
  Utility:     cost
  Completion:  add-opt-skip
  Exhaustive:  --exhaustive
==============================================
Running on file: ../Data/poland_poznan_2023_8-chartowo-rataje-zegrze.pb
Array task ID: 254
Running PB algorithm:
  Input: /gpfs/home/uki2551/EES_Project/PB/Data/poland_poznan_2023_8-chartowo-rataje-zegrze.pb
  Algorithm: EES
  Utility: cost
  Completion: add-opt-skip
  Exhaustive: True
  Output: /gpfs/home/uki2551/EES_Project/PB/results/ees/cost/add-opt-skip_exhaustive/poland_poznan_2023_8-chartowo-rataje-zegrze.csv

Results saved to: /gpfs/home/uki2551/EES_Project/PB/results/ees/cost/add-opt-skip_exhaustive/poland_poznan_2023_8-chartowo-rataje-zegrze.csv

Summary:
  Highest efficiency: 0.7606
  Projects selected: 2
  Budget increases: 8
