==============================================
Submitting PB jobs with configuration:
  Algorithm:   ees
  Utility:     cost
  Completion:  add-opt-skip
  Exhaustive:  --exhaustive
==============================================
Running on file: ../Data/poland_warszawa_2018_boernerowo-fort-radiowo-groty-gorce.pb
Array task ID: 345
Running PB algorithm:
  Input: /gpfs/home/uki2551/EES_Project/PB/Data/poland_warszawa_2018_boernerowo-fort-radiowo-groty-gorce.pb
  Algorithm: EES
  Utility: cost
  Completion: add-opt-skip
  Exhaustive: True
  Output: /gpfs/home/uki2551/EES_Project/PB/results/ees/cost/add-opt-skip_exhaustive/poland_warszawa_2018_boernerowo-fort-radiowo-groty-gorce.csv

Results saved to: /gpfs/home/uki2551/EES_Project/PB/results/ees/cost/add-opt-skip_exhaustive/poland_warszawa_2018_boernerowo-fort-radiowo-groty-gorce.csv

Summary:
  Highest efficiency: 0.9644
  Projects selected: 9
  Budget increases: 22
