==============================================
Submitting PB jobs with configuration:
  Algorithm:   ees
  Utility:     cost
  Completion:  add-opt-skip
  Exhaustive:  --exhaustive
==============================================
Running on file: ../Data/France_Toulouse_2022_13_-_Rangueil_Sauzelong_Jules-Julien_Pech-David_Pouvourville.pb
Array task ID: 4
Running PB algorithm:
  Input: /gpfs/home/uki2551/EES_Project/PB/Data/France_Toulouse_2022_13_-_Rangueil_Sauzelong_Jules-Julien_Pech-David_Pouvourville.pb
  Algorithm: EES
  Utility: cost
  Completion: add-opt-skip
  Exhaustive: True
  Output: /gpfs/home/uki2551/EES_Project/PB/results/ees/cost/add-opt-skip_exhaustive/France_Toulouse_2022_13_-_Rangueil_Sauzelong_Jules-Julien_Pech-David_Pouvourville.csv

Results saved to: /gpfs/home/uki2551/EES_Project/PB/results/ees/cost/add-opt-skip_exhaustive/France_Toulouse_2022_13_-_Rangueil_Sauzelong_Jules-Julien_Pech-David_Pouvourville.csv

Summary:
  Highest efficiency: 0.5655
  Projects selected: 5
  Budget increases: 12
