==============================================
Submitting PB jobs with configuration:
  Algorithm:   ees
  Utility:     cost
  Completion:  add-opt-skip
  Exhaustive:  --exhaustive
==============================================
Running on file: ../Data/poland_warszawa_2019_obszar-3-marymont-potok-zoliborz-dziennikarski.pb
Array task ID: 441
Running PB algorithm:
  Input: /gpfs/home/uki2551/EES_Project/PB/Data/poland_warszawa_2019_obszar-3-marymont-potok-zoliborz-dziennikarski.pb
  Algorithm: EES
  Utility: cost
  Completion: add-opt-skip
  Exhaustive: True
  Output: /gpfs/home/uki2551/EES_Project/PB/results/ees/cost/add-opt-skip_exhaustive/poland_warszawa_2019_obszar-3-marymont-potok-zoliborz-dziennikarski.csv

Results saved to: /gpfs/home/uki2551/EES_Project/PB/results/ees/cost/add-opt-skip_exhaustive/poland_warszawa_2019_obszar-3-marymont-potok-zoliborz-dziennikarski.csv

Summary:
  Highest efficiency: 0.6659
  Projects selected: 9
  Budget increases: 5
