==============================================
Submitting PB jobs with configuration:
  Algorithm:   ees
  Utility:     cost
  Completion:  add-opt-skip
  Exhaustive:  --exhaustive
==============================================
Running on file: ../Data/poland_warszawa_2019_przywisle.pb
Array task ID: 455
Running PB algorithm:
  Input: /gpfs/home/uki2551/EES_Project/PB/Data/poland_warszawa_2019_przywisle.pb
  Algorithm: EES
  Utility: cost
  Completion: add-opt-skip
  Exhaustive: True
  Output: /gpfs/home/uki2551/EES_Project/PB/results/ees/cost/add-opt-skip_exhaustive/poland_warszawa_2019_przywisle.csv

Results saved to: /gpfs/home/uki2551/EES_Project/PB/results/ees/cost/add-opt-skip_exhaustive/poland_warszawa_2019_przywisle.csv

Summary:
  Highest efficiency: 0.7900
  Projects selected: 6
  Budget increases: 11
