==============================================
Submitting PB jobs with configuration:
  Algorithm:   ees
  Utility:     cost
  Completion:  add-opt-skip
  Exhaustive:  --exhaustive
==============================================
Running on file: ../Data/netherlands_assen_2024_.pb
Array task ID: 61
Running PB algorithm:
  Input: /gpfs/home/uki2551/EES_Project/PB/Data/netherlands_assen_2024_.pb
  Algorithm: EES
  Utility: cost
  Completion: add-opt-skip
  Exhaustive: True
  Output: /gpfs/home/uki2551/EES_Project/PB/results/ees/cost/add-opt-skip_exhaustive/netherlands_assen_2024_.csv

Results saved to: /gpfs/home/uki2551/EES_Project/PB/results/ees/cost/add-opt-skip_exhaustive/netherlands_assen_2024_.csv

Summary:
  Highest efficiency: 0.7670
  Projects selected: 9
  Budget increases: 13
