==============================================
Submitting PB jobs with configuration:
  Algorithm:   ees
  Utility:     cost
  Completion:  add-opt-skip
  Exhaustive:  --exhaustive
==============================================
Running on file: ../Data/poland_gdynia_2020_obluze-large.pb
Array task ID: 82
Running PB algorithm:
  Input: /gpfs/home/uki2551/EES_Project/PB/Data/poland_gdynia_2020_obluze-large.pb
  Algorithm: EES
  Utility: cost
  Completion: add-opt-skip
  Exhaustive: True
  Output: /gpfs/home/uki2551/EES_Project/PB/results/ees/cost/add-opt-skip_exhaustive/poland_gdynia_2020_obluze-large.csv

Results saved to: /gpfs/home/uki2551/EES_Project/PB/results/ees/cost/add-opt-skip_exhaustive/poland_gdynia_2020_obluze-large.csv

Summary:
  Highest efficiency: 0.6881
  Projects selected: 2
  Budget increases: 12
