==============================================
Submitting PB jobs with configuration:
  Algorithm:   ees
  Utility:     cost
  Completion:  add-opt-skip
  Exhaustive:  --exhaustive
==============================================
Running on file: ../Data/France_Toulouse_2022_18_-_Lardenne_Pradettes_Basso-Cambo.pb
Array task ID: 9
Running PB algorithm:
  Input: /gpfs/home/uki2551/EES_Project/PB/Data/France_Toulouse_2022_18_-_Lardenne_Pradettes_Basso-Cambo.pb
  Algorithm: EES
  Utility: cost
  Completion: add-opt-skip
  Exhaustive: True
  Output: /gpfs/home/uki2551/EES_Project/PB/results/ees/cost/add-opt-skip_exhaustive/France_Toulouse_2022_18_-_Lardenne_Pradettes_Basso-Cambo.csv

Results saved to: /gpfs/home/uki2551/EES_Project/PB/results/ees/cost/add-opt-skip_exhaustive/France_Toulouse_2022_18_-_Lardenne_Pradettes_Basso-Cambo.csv

Summary:
  Highest efficiency: 0.9067
  Projects selected: 5
  Budget increases: 8
