==============================================
Submitting PB jobs with configuration:
  Algorithm:   ees
  Utility:     cardinal
  Completion:  add-one
  Exhaustive:  no
==============================================
Running on file: ../Data/poland_lodz_2023_karolew-retkinia-wschod.pb
Array task ID: 179
Running PB algorithm:
  Input: /gpfs/home/uki2551/EES_Project/PB/Data/poland_lodz_2023_karolew-retkinia-wschod.pb
  Algorithm: EES
  Utility: cardinal
  Completion: add-one
  Exhaustive: False
  Output: /gpfs/home/uki2551/EES_Project/PB/results/ees/cardinal/add-one/poland_lodz_2023_karolew-retkinia-wschod.csv

Results saved to: /gpfs/home/uki2551/EES_Project/PB/results/ees/cardinal/add-one/poland_lodz_2023_karolew-retkinia-wschod.csv

Summary:
  Highest efficiency: 0.9976
  Projects selected: 16
  Budget increases: 358
