==============================================
Submitting PB jobs with configuration:
  Algorithm:   ees
  Utility:     cardinal
  Completion:  add-one
  Exhaustive:  no
==============================================
Running on file: ../Data/France_Toulouse_2022_7_-_Sept_Deniers_Ginestous-Sesquieres_Lalande.pb
Array task ID: 18
Running PB algorithm:
  Input: /gpfs/home/uki2551/EES_Project/PB/Data/France_Toulouse_2022_7_-_Sept_Deniers_Ginestous-Sesquieres_Lalande.pb
  Algorithm: EES
  Utility: cardinal
  Completion: add-one
  Exhaustive: False
  Output: /gpfs/home/uki2551/EES_Project/PB/results/ees/cardinal/add-one/France_Toulouse_2022_7_-_Sept_Deniers_Ginestous-Sesquieres_Lalande.csv

Results saved to: /gpfs/home/uki2551/EES_Project/PB/results/ees/cardinal/add-one/France_Toulouse_2022_7_-_Sept_Deniers_Ginestous-Sesquieres_Lalande.csv

Summary:
  Highest efficiency: 0.9557
  Projects selected: 7
  Budget increases: 6620
