==============================================
Submitting PB jobs with configuration:
  Algorithm:   ees
  Utility:     cardinal
  Completion:  add-one
  Exhaustive:  no
==============================================
Running on file: ../Data/poland_lodz_2023_stare-polesie.pb
Array task ID: 196
Running PB algorithm:
  Input: /gpfs/home/uki2551/EES_Project/PB/Data/poland_lodz_2023_stare-polesie.pb
  Algorithm: EES
  Utility: cardinal
  Completion: add-one
  Exhaustive: False
  Output: /gpfs/home/uki2551/EES_Project/PB/results/ees/cardinal/add-one/poland_lodz_2023_stare-polesie.csv

Results saved to: /gpfs/home/uki2551/EES_Project/PB/results/ees/cardinal/add-one/poland_lodz_2023_stare-polesie.csv

Summary:
  Highest efficiency: 0.8762
  Projects selected: 17
  Budget increases: 583
