==============================================
Submitting PB jobs with configuration:
  Algorithm:   ees
  Utility:     cardinal
  Completion:  add-one
  Exhaustive:  no
==============================================
Running on file: ../Data/poland_swiecie_2023_.pb
Array task ID: 256
Running PB algorithm:
  Input: /gpfs/home/uki2551/EES_Project/PB/Data/poland_swiecie_2023_.pb
  Algorithm: EES
  Utility: cardinal
  Completion: add-one
  Exhaustive: False
  Output: /gpfs/home/uki2551/EES_Project/PB/results/ees/cardinal/add-one/poland_swiecie_2023_.csv

Results saved to: /gpfs/home/uki2551/EES_Project/PB/results/ees/cardinal/add-one/poland_swiecie_2023_.csv

Summary:
  Highest efficiency: 0.7751
  Projects selected: 17
  Budget increases: 577
