==============================================
Submitting PB jobs with configuration:
  Algorithm:   ees
  Utility:     cardinal
  Completion:  none
  Exhaustive:  no
==============================================
Running on file: ../Data/poland_lodz_2024_stoki-sikawa-podgorze.pb
Array task ID: 235
Running PB algorithm:
  Input: /gpfs/home/uki2551/EES_Project/PB/Data/poland_lodz_2024_stoki-sikawa-podgorze.pb
  Algorithm: EES
  Utility: cardinal
  Completion: none
  Exhaustive: False
  Output: /gpfs/home/uki2551/EES_Project/PB/PB_scripts/results/ees/cardinal/none/poland_lodz_2024_stoki-sikawa-podgorze.csv

Results saved to: /gpfs/home/uki2551/EES_Project/PB/PB_scripts/results/ees/cardinal/none/poland_lodz_2024_stoki-sikawa-podgorze.csv

Summary:
  Highest efficiency: 0.3415
  Projects selected: 8
  Budget increases: 0
