==============================================
Submitting PB jobs with configuration:
  Algorithm:   ees
  Utility:     cardinal
  Completion:  none
  Exhaustive:  no
==============================================
Running on file: ../Data/poland_poznan_2023_2-kiekrz-krzyzowniki-smochowice-podolany-strzeszyn.pb
Array task ID: 248
Running PB algorithm:
  Input: /gpfs/home/uki2551/EES_Project/PB/Data/poland_poznan_2023_2-kiekrz-krzyzowniki-smochowice-podolany-strzeszyn.pb
  Algorithm: EES
  Utility: cardinal
  Completion: none
  Exhaustive: False
  Output: /gpfs/home/uki2551/EES_Project/PB/PB_scripts/results/ees/cardinal/none/poland_poznan_2023_2-kiekrz-krzyzowniki-smochowice-podolany-strzeszyn.csv

Results saved to: /gpfs/home/uki2551/EES_Project/PB/PB_scripts/results/ees/cardinal/none/poland_poznan_2023_2-kiekrz-krzyzowniki-smochowice-podolany-strzeszyn.csv

Summary:
  Highest efficiency: 0.2025
  Projects selected: 2
  Budget increases: 0
