==============================================
Submitting PB jobs with configuration:
  Algorithm:   ees
  Utility:     cardinal
  Completion:  none
  Exhaustive:  no
==============================================
Running on file: ../Data/poland_warszawa_2017_lotnisko-bemowo-lotnisko-fort-bema.pb
Array task ID: 277
Running PB algorithm:
  Input: /gpfs/home/uki2551/EES_Project/PB/Data/poland_warszawa_2017_lotnisko-bemowo-lotnisko-fort-bema.pb
  Algorithm: EES
  Utility: cardinal
  Completion: none
  Exhaustive: False
  Output: /gpfs/home/uki2551/EES_Project/PB/PB_scripts/results/ees/cardinal/none/poland_warszawa_2017_lotnisko-bemowo-lotnisko-fort-bema.csv

Results saved to: /gpfs/home/uki2551/EES_Project/PB/PB_scripts/results/ees/cardinal/none/poland_warszawa_2017_lotnisko-bemowo-lotnisko-fort-bema.csv

Summary:
  Highest efficiency: 0.3778
  Projects selected: 9
  Budget increases: 0
