==============================================
Submitting PB jobs with configuration:
  Algorithm:   ees
  Utility:     cardinal
  Completion:  none
  Exhaustive:  no
==============================================
Running on file: ../Data/poland_warszawa_2019_miedzylesie.pb
Array task ID: 434
Running PB algorithm:
  Input: /gpfs/home/uki2551/EES_Project/PB/Data/poland_warszawa_2019_miedzylesie.pb
  Algorithm: EES
  Utility: cardinal
  Completion: none
  Exhaustive: False
  Output: /gpfs/home/uki2551/EES_Project/PB/PB_scripts/results/ees/cardinal/none/poland_warszawa_2019_miedzylesie.csv

Results saved to: /gpfs/home/uki2551/EES_Project/PB/PB_scripts/results/ees/cardinal/none/poland_warszawa_2019_miedzylesie.csv

Summary:
  Highest efficiency: 0.4780
  Projects selected: 5
  Budget increases: 0
