==============================================
Submitting PB jobs with configuration:
  Algorithm:   ees
  Utility:     cardinal
  Completion:  none
  Exhaustive:  no
==============================================
Running on file: ../Data/poland_warszawa_2023_.pb
Array task ID: 551
Running PB algorithm:
  Input: /gpfs/home/uki2551/EES_Project/PB/Data/poland_warszawa_2023_.pb
  Algorithm: EES
  Utility: cardinal
  Completion: none
  Exhaustive: False
  Output: /gpfs/home/uki2551/EES_Project/PB/PB_scripts/results/ees/cardinal/none/poland_warszawa_2023_.csv

Results saved to: /gpfs/home/uki2551/EES_Project/PB/PB_scripts/results/ees/cardinal/none/poland_warszawa_2023_.csv

Summary:
  Highest efficiency: 0.3817
  Projects selected: 63
  Budget increases: 0
