==============================================
Submitting PB jobs with configuration:
  Algorithm:   ees
  Utility:     cardinal
  Completion:  none
  Exhaustive:  no
==============================================
Running on file: ../Data/poland_warszawa_2026_ursynow-polnocny-ursynow-centrum-stary-sluzew-stary-imielin.pb
Array task ID: 663
Running PB algorithm:
  Input: /gpfs/home/uki2551/EES_Project/PB/Data/poland_warszawa_2026_ursynow-polnocny-ursynow-centrum-stary-sluzew-stary-imielin.pb
  Algorithm: EES
  Utility: cardinal
  Completion: none
  Exhaustive: False
  Output: /gpfs/home/uki2551/EES_Project/PB/PB_scripts/results/ees/cardinal/none/poland_warszawa_2026_ursynow-polnocny-ursynow-centrum-stary-sluzew-stary-imielin.csv

Results saved to: /gpfs/home/uki2551/EES_Project/PB/PB_scripts/results/ees/cardinal/none/poland_warszawa_2026_ursynow-polnocny-ursynow-centrum-stary-sluzew-stary-imielin.csv

Summary:
  Highest efficiency: 0.4759
  Projects selected: 11
  Budget increases: 0
