==============================================
Submitting PB jobs with configuration:
  Algorithm:   ees
  Utility:     cardinal
  Completion:  none
  Exhaustive:  no
==============================================
Running on file: ../Data/us_stanford-dataset_pb-chicago-47th-ward-2020_vote-knapsacks.pb
Array task ID: 720
Running PB algorithm:
  Input: /gpfs/home/uki2551/EES_Project/PB/Data/us_stanford-dataset_pb-chicago-47th-ward-2020_vote-knapsacks.pb
  Algorithm: EES
  Utility: cardinal
  Completion: none
  Exhaustive: False
  Output: /gpfs/home/uki2551/EES_Project/PB/PB_scripts/results/ees/cardinal/none/us_stanford-dataset_pb-chicago-47th-ward-2020_vote-knapsacks.csv

Results saved to: /gpfs/home/uki2551/EES_Project/PB/PB_scripts/results/ees/cardinal/none/us_stanford-dataset_pb-chicago-47th-ward-2020_vote-knapsacks.csv

Summary:
  Highest efficiency: 0.4133
  Projects selected: 3
  Budget increases: 0
