==============================================
Submitting PB jobs with configuration:
  Algorithm:   ees
  Utility:     cardinal
  Completion:  none
  Exhaustive:  no
==============================================
Running on file: ../Data/us_stanford-dataset_pb-long-beach-district-9-2015_vote-approvals.pb
Array task ID: 737
Running PB algorithm:
  Input: /gpfs/home/uki2551/EES_Project/PB/Data/us_stanford-dataset_pb-long-beach-district-9-2015_vote-approvals.pb
  Algorithm: EES
  Utility: cardinal
  Completion: none
  Exhaustive: False
  Output: /gpfs/home/uki2551/EES_Project/PB/PB_scripts/results/ees/cardinal/none/us_stanford-dataset_pb-long-beach-district-9-2015_vote-approvals.csv

Results saved to: /gpfs/home/uki2551/EES_Project/PB/PB_scripts/results/ees/cardinal/none/us_stanford-dataset_pb-long-beach-district-9-2015_vote-approvals.csv

Summary:
  Highest efficiency: 0.4412
  Projects selected: 3
  Budget increases: 0
