==============================================
Submitting PB jobs with configuration:
  Algorithm:   ees
  Utility:     cardinal
  Completion:  none
  Exhaustive:  no
==============================================
Running on file: ../Data/us_stanford-dataset_your-voice-your-choice-parks-and-streets-seattle-2019-district-4_vote-approvals.pb
Array task ID: 770
Running PB algorithm:
  Input: /gpfs/home/uki2551/EES_Project/PB/Data/us_stanford-dataset_your-voice-your-choice-parks-and-streets-seattle-2019-district-4_vote-approvals.pb
  Algorithm: EES
  Utility: cardinal
  Completion: none
  Exhaustive: False
  Output: /gpfs/home/uki2551/EES_Project/PB/PB_scripts/results/ees/cardinal/none/us_stanford-dataset_your-voice-your-choice-parks-and-streets-seattle-2019-district-4_vote-approvals.csv

Results saved to: /gpfs/home/uki2551/EES_Project/PB/PB_scripts/results/ees/cardinal/none/us_stanford-dataset_your-voice-your-choice-parks-and-streets-seattle-2019-district-4_vote-approvals.csv

Summary:
  Highest efficiency: 0.3150
  Projects selected: 2
  Budget increases: 0
