==============================================
Submitting PB jobs with configuration:
  Algorithm:   ees
  Utility:     cardinal
  Completion:  none
  Exhaustive:  no
==============================================
Running on file: ../Data/poland_lodz_2022_zarzew.pb
Array task ID: 166
Running PB algorithm:
  Input: /gpfs/home/uki2551/EES_Project/PB/Data/poland_lodz_2022_zarzew.pb
  Algorithm: EES
  Utility: cardinal
  Completion: none
  Exhaustive: False
  Output: /gpfs/home/uki2551/EES_Project/PB/results/ees/cardinal/none/poland_lodz_2022_zarzew.csv

Results saved to: /gpfs/home/uki2551/EES_Project/PB/results/ees/cardinal/none/poland_lodz_2022_zarzew.csv

Summary:
  Highest efficiency: 0.3129
  Projects selected: 7
  Budget increases: 0
