==============================================
Submitting PB jobs with configuration:
  Algorithm:   ees
  Utility:     cardinal
  Completion:  none
  Exhaustive:  no
==============================================
Running on file: ../Data/France_Toulouse_2022_8_-_Minimes_Barriere_de_Paris_Ponts-Jumeaux_La_Vache_Raisins_Fondeyre.pb
Array task ID: 19
Running PB algorithm:
  Input: /gpfs/home/uki2551/EES_Project/PB/Data/France_Toulouse_2022_8_-_Minimes_Barriere_de_Paris_Ponts-Jumeaux_La_Vache_Raisins_Fondeyre.pb
  Algorithm: EES
  Utility: cardinal
  Completion: none
  Exhaustive: False
  Output: /gpfs/home/uki2551/EES_Project/PB/results/ees/cardinal/none/France_Toulouse_2022_8_-_Minimes_Barriere_de_Paris_Ponts-Jumeaux_La_Vache_Raisins_Fondeyre.csv

Results saved to: /gpfs/home/uki2551/EES_Project/PB/results/ees/cardinal/none/France_Toulouse_2022_8_-_Minimes_Barriere_de_Paris_Ponts-Jumeaux_La_Vache_Raisins_Fondeyre.csv

Summary:
  Highest efficiency: 0.2325
  Projects selected: 4
  Budget increases: 0
