==============================================
Submitting PB jobs with configuration:
  Algorithm:   ees
  Utility:     cardinal
  Completion:  none
  Exhaustive:  no
==============================================
Running on file: ../Data/poland_lodz_2023_retkinia-zachod-smulsko.pb
Array task ID: 192
Running PB algorithm:
  Input: /gpfs/home/uki2551/EES_Project/PB/Data/poland_lodz_2023_retkinia-zachod-smulsko.pb
  Algorithm: EES
  Utility: cardinal
  Completion: none
  Exhaustive: False
  Output: /gpfs/home/uki2551/EES_Project/PB/results/ees/cardinal/none/poland_lodz_2023_retkinia-zachod-smulsko.csv

Results saved to: /gpfs/home/uki2551/EES_Project/PB/results/ees/cardinal/none/poland_lodz_2023_retkinia-zachod-smulsko.csv

Summary:
  Highest efficiency: 0.3792
  Projects selected: 7
  Budget increases: 0
