==============================================
Submitting PB jobs with configuration:
  Algorithm:   ees
  Utility:     cardinal
  Completion:  none
  Exhaustive:  no
==============================================
Running on file: ../Data/netherlands_amsterdam_179_.pb
Array task ID: 23
Running PB algorithm:
  Input: /gpfs/home/uki2551/EES_Project/PB/Data/netherlands_amsterdam_179_.pb
  Algorithm: EES
  Utility: cardinal
  Completion: none
  Exhaustive: False
  Output: /gpfs/home/uki2551/EES_Project/PB/results/ees/cardinal/none/netherlands_amsterdam_179_.csv

Results saved to: /gpfs/home/uki2551/EES_Project/PB/results/ees/cardinal/none/netherlands_amsterdam_179_.csv

Summary:
  Highest efficiency: 0.6625
  Projects selected: 21
  Budget increases: 0
