==============================================
Submitting PB jobs with configuration:
  Algorithm:   ees
  Utility:     cardinal
  Completion:  none
  Exhaustive:  no
==============================================
Running on file: ../Data/poland_warszawa_2017_centrum-wola-grzybowska-groszowka.pb
Array task ID: 263
Running PB algorithm:
  Input: /gpfs/home/uki2551/EES_Project/PB/Data/poland_warszawa_2017_centrum-wola-grzybowska-groszowka.pb
  Algorithm: EES
  Utility: cardinal
  Completion: none
  Exhaustive: False
  Output: /gpfs/home/uki2551/EES_Project/PB/results/ees/cardinal/none/poland_warszawa_2017_centrum-wola-grzybowska-groszowka.csv

Results saved to: /gpfs/home/uki2551/EES_Project/PB/results/ees/cardinal/none/poland_warszawa_2017_centrum-wola-grzybowska-groszowka.csv

Summary:
  Highest efficiency: 0.3999
  Projects selected: 6
  Budget increases: 0
