==============================================
Submitting PB jobs with configuration:
  Algorithm:   ees
  Utility:     cardinal
  Completion:  none
  Exhaustive:  no
==============================================
Running on file: ../Data/poland_warszawa_2018_boernerowo-fort-radiowo-groty-gorce.pb
Array task ID: 345
Running PB algorithm:
  Input: /gpfs/home/uki2551/EES_Project/PB/Data/poland_warszawa_2018_boernerowo-fort-radiowo-groty-gorce.pb
  Algorithm: EES
  Utility: cardinal
  Completion: none
  Exhaustive: False
  Output: /gpfs/home/uki2551/EES_Project/PB/results/ees/cardinal/none/poland_warszawa_2018_boernerowo-fort-radiowo-groty-gorce.csv

Results saved to: /gpfs/home/uki2551/EES_Project/PB/results/ees/cardinal/none/poland_warszawa_2018_boernerowo-fort-radiowo-groty-gorce.csv

Summary:
  Highest efficiency: 0.3533
  Projects selected: 7
  Budget increases: 0
