==============================================
Submitting PB jobs with configuration:
  Algorithm:   ees
  Utility:     cardinal
  Completion:  none
  Exhaustive:  no
==============================================
Running on file: ../Data/poland_warszawa_2018_obszar-ii-stara-praga-ze-szmulowizna-z-michalowem.pb
Array task ID: 375
Running PB algorithm:
  Input: /gpfs/home/uki2551/EES_Project/PB/Data/poland_warszawa_2018_obszar-ii-stara-praga-ze-szmulowizna-z-michalowem.pb
  Algorithm: EES
  Utility: cardinal
  Completion: none
  Exhaustive: False
  Output: /gpfs/home/uki2551/EES_Project/PB/results/ees/cardinal/none/poland_warszawa_2018_obszar-ii-stara-praga-ze-szmulowizna-z-michalowem.csv

Results saved to: /gpfs/home/uki2551/EES_Project/PB/results/ees/cardinal/none/poland_warszawa_2018_obszar-ii-stara-praga-ze-szmulowizna-z-michalowem.csv

Summary:
  Highest efficiency: 0.3235
  Projects selected: 10
  Budget increases: 0
