==============================================
Submitting PB jobs with configuration:
  Algorithm:   ees
  Utility:     cardinal
  Completion:  none
  Exhaustive:  no
==============================================
Running on file: ../Data/France_Toulouse_2022_14_-_Saint-Simon_Lafourguette_Oncopole-Campus_Sante_du_Futur.pb
Array task ID: 5
Running PB algorithm:
  Input: /gpfs/home/uki2551/EES_Project/PB/Data/France_Toulouse_2022_14_-_Saint-Simon_Lafourguette_Oncopole-Campus_Sante_du_Futur.pb
  Algorithm: EES
  Utility: cardinal
  Completion: none
  Exhaustive: False
  Output: /gpfs/home/uki2551/EES_Project/PB/results/ees/cardinal/none/France_Toulouse_2022_14_-_Saint-Simon_Lafourguette_Oncopole-Campus_Sante_du_Futur.csv

Results saved to: /gpfs/home/uki2551/EES_Project/PB/results/ees/cardinal/none/France_Toulouse_2022_14_-_Saint-Simon_Lafourguette_Oncopole-Campus_Sante_du_Futur.csv

Summary:
  Highest efficiency: 0.3930
  Projects selected: 5
  Budget increases: 0
