==============================================
Submitting PB jobs with configuration:
  Algorithm:   ees
  Utility:     cardinal
  Completion:  none
  Exhaustive:  no
==============================================
Running on file: ../Data/poland_warszawa_2023_praga-poludnie.pb
Array task ID: 553
Running PB algorithm:
  Input: /gpfs/home/uki2551/EES_Project/PB/Data/poland_warszawa_2023_praga-poludnie.pb
  Algorithm: EES
  Utility: cardinal
  Completion: none
  Exhaustive: False
  Output: /gpfs/home/uki2551/EES_Project/PB/results/ees/cardinal/none/poland_warszawa_2023_praga-poludnie.csv

Results saved to: /gpfs/home/uki2551/EES_Project/PB/results/ees/cardinal/none/poland_warszawa_2023_praga-poludnie.csv

Summary:
  Highest efficiency: 0.4774
  Projects selected: 34
  Budget increases: 0
