==============================================
Submitting PB jobs with configuration:
  Algorithm:   ees
  Utility:     cardinal
  Completion:  none
  Exhaustive:  no
==============================================
Running on file: ../Data/netherlands_amsterdam_644_.pb
Array task ID: 57
Running PB algorithm:
  Input: /gpfs/home/uki2551/EES_Project/PB/Data/netherlands_amsterdam_644_.pb
  Algorithm: EES
  Utility: cardinal
  Completion: none
  Exhaustive: False
  Output: /gpfs/home/uki2551/EES_Project/PB/results/ees/cardinal/none/netherlands_amsterdam_644_.csv

Results saved to: /gpfs/home/uki2551/EES_Project/PB/results/ees/cardinal/none/netherlands_amsterdam_644_.csv

Summary:
  Highest efficiency: 0.3752
  Projects selected: 14
  Budget increases: 0
