==============================================
Submitting PB jobs with configuration:
  Algorithm:   ees
  Utility:     cardinal
  Completion:  none
  Exhaustive:  no
==============================================
Running on file: ../Data/poland_warszawa_2026_las-bielanski-marymont-ruda-marymont-kaskada.pb
Array task ID: 621
Running PB algorithm:
  Input: /gpfs/home/uki2551/EES_Project/PB/Data/poland_warszawa_2026_las-bielanski-marymont-ruda-marymont-kaskada.pb
  Algorithm: EES
  Utility: cardinal
  Completion: none
  Exhaustive: False
  Output: /gpfs/home/uki2551/EES_Project/PB/results/ees/cardinal/none/poland_warszawa_2026_las-bielanski-marymont-ruda-marymont-kaskada.csv

Results saved to: /gpfs/home/uki2551/EES_Project/PB/results/ees/cardinal/none/poland_warszawa_2026_las-bielanski-marymont-ruda-marymont-kaskada.csv

Summary:
  Highest efficiency: 0.4457
  Projects selected: 5
  Budget increases: 0
