==============================================
Submitting PB jobs with configuration:
  Algorithm:   ees
  Utility:     cardinal
  Completion:  none
  Exhaustive:  no
==============================================
Running on file: ../Data/poland_warszawa_2026_las-zerzen-wawer-sadul.pb
Array task ID: 622
Running PB algorithm:
  Input: /gpfs/home/uki2551/EES_Project/PB/Data/poland_warszawa_2026_las-zerzen-wawer-sadul.pb
  Algorithm: EES
  Utility: cardinal
  Completion: none
  Exhaustive: False
  Output: /gpfs/home/uki2551/EES_Project/PB/results/ees/cardinal/none/poland_warszawa_2026_las-zerzen-wawer-sadul.csv

Results saved to: /gpfs/home/uki2551/EES_Project/PB/results/ees/cardinal/none/poland_warszawa_2026_las-zerzen-wawer-sadul.csv

Summary:
  Highest efficiency: 0.3935
  Projects selected: 9
  Budget increases: 0
