==============================================
Submitting PB jobs with configuration:
  Algorithm:   ees
  Utility:     cardinal
  Completion:  none
  Exhaustive:  no
==============================================
Running on file: ../Data/poland_wroclaw_2017_.pb
Array task ID: 677
Running PB algorithm:
  Input: /gpfs/home/uki2551/EES_Project/PB/Data/poland_wroclaw_2017_.pb
  Algorithm: EES
  Utility: cardinal
  Completion: none
  Exhaustive: False
  Output: /gpfs/home/uki2551/EES_Project/PB/results/ees/cardinal/none/poland_wroclaw_2017_.csv

Results saved to: /gpfs/home/uki2551/EES_Project/PB/results/ees/cardinal/none/poland_wroclaw_2017_.csv

Summary:
  Highest efficiency: 0.0425
  Projects selected: 2
  Budget increases: 0
