==============================================
Submitting PB jobs with configuration:
  Algorithm:   ees
  Utility:     cardinal
  Completion:  none
  Exhaustive:  no
==============================================
Running on file: ../Data/us_stanford-dataset_pb-chicago-39th-ward-2021_vote-knapsacks.pb
Array task ID: 713
Running PB algorithm:
  Input: /gpfs/home/uki2551/EES_Project/PB/Data/us_stanford-dataset_pb-chicago-39th-ward-2021_vote-knapsacks.pb
  Algorithm: EES
  Utility: cardinal
  Completion: none
  Exhaustive: False
  Output: /gpfs/home/uki2551/EES_Project/PB/results/ees/cardinal/none/us_stanford-dataset_pb-chicago-39th-ward-2021_vote-knapsacks.csv

Results saved to: /gpfs/home/uki2551/EES_Project/PB/results/ees/cardinal/none/us_stanford-dataset_pb-chicago-39th-ward-2021_vote-knapsacks.csv

Summary:
  Highest efficiency: 0.5480
  Projects selected: 13
  Budget increases: 0
