==============================================
Submitting PB jobs with configuration:
  Algorithm:   ees
  Utility:     cardinal
  Completion:  none
  Exhaustive:  no
==============================================
Running on file: ../Data/us_stanford-dataset_your-voice-your-choice-parks-and-streets-seattle-2019-district-5_vote-knapsacks.pb
Array task ID: 772
Running PB algorithm:
  Input: /gpfs/home/uki2551/EES_Project/PB/Data/us_stanford-dataset_your-voice-your-choice-parks-and-streets-seattle-2019-district-5_vote-knapsacks.pb
  Algorithm: EES
  Utility: cardinal
  Completion: none
  Exhaustive: False
  Output: /gpfs/home/uki2551/EES_Project/PB/results/ees/cardinal/none/us_stanford-dataset_your-voice-your-choice-parks-and-streets-seattle-2019-district-5_vote-knapsacks.csv

Results saved to: /gpfs/home/uki2551/EES_Project/PB/results/ees/cardinal/none/us_stanford-dataset_your-voice-your-choice-parks-and-streets-seattle-2019-district-5_vote-knapsacks.csv

Summary:
  Highest efficiency: 0.5229
  Projects selected: 3
  Budget increases: 0
