==============================================
Submitting PB jobs with configuration:
  Algorithm:   ees
  Utility:     cardinal
  Completion:  none
  Exhaustive:  no
==============================================
Running on file: ../Data/poland_gdynia_2020_pustki-cisowskie-demptowo-small.pb
Array task ID: 91
Running PB algorithm:
  Input: /gpfs/home/uki2551/EES_Project/PB/Data/poland_gdynia_2020_pustki-cisowskie-demptowo-small.pb
  Algorithm: EES
  Utility: cardinal
  Completion: none
  Exhaustive: False
  Output: /gpfs/home/uki2551/EES_Project/PB/results/ees/cardinal/none/poland_gdynia_2020_pustki-cisowskie-demptowo-small.csv

Results saved to: /gpfs/home/uki2551/EES_Project/PB/results/ees/cardinal/none/poland_gdynia_2020_pustki-cisowskie-demptowo-small.csv

Summary:
  Highest efficiency: 0.3302
  Projects selected: 1
  Budget increases: 0
