==============================================
Submitting PB jobs with configuration:
  Algorithm:   ees
  Utility:     cardinal
  Completion:  add-one
  Exhaustive:  no
==============================================
Running on file: ../Data/poland_lodz_2024_koziny.pb
Array task ID: 218
Running PB algorithm:
  Input: /gpfs/home/uki2551/EES_Project/PB/Data/poland_lodz_2024_koziny.pb
  Algorithm: EES
  Utility: cardinal
  Completion: add-one
  Exhaustive: False
  Output: /gpfs/home/uki2551/EES_Project/PB/results/ees/cardinal/add-one/poland_lodz_2024_koziny.csv

Results saved to: /gpfs/home/uki2551/EES_Project/PB/results/ees/cardinal/add-one/poland_lodz_2024_koziny.csv

Summary:
  Highest efficiency: 0.9899
  Projects selected: 14
  Budget increases: 301
