==============================================
Submitting PB jobs with configuration:
  Algorithm:   ees
  Utility:     cardinal
  Completion:  add-one
  Exhaustive:  no
==============================================
Running on file: ../Data/poland_warszawa_2018_ursus-polnocny.pb
Array task ID: 405
Running PB algorithm:
  Input: /gpfs/home/uki2551/EES_Project/PB/Data/poland_warszawa_2018_ursus-polnocny.pb
  Algorithm: EES
  Utility: cardinal
  Completion: add-one
  Exhaustive: False
  Output: /gpfs/home/uki2551/EES_Project/PB/results/ees/cardinal/add-one/poland_warszawa_2018_ursus-polnocny.csv

Results saved to: /gpfs/home/uki2551/EES_Project/PB/results/ees/cardinal/add-one/poland_warszawa_2018_ursus-polnocny.csv

Summary:
  Highest efficiency: 0.8316
  Projects selected: 15
  Budget increases: 192
