==============================================
Submitting PB jobs with configuration:
  Algorithm:   ees
  Utility:     cardinal
  Completion:  add-one
  Exhaustive:  no
==============================================
Running on file: ../Data/poland_warszawa_2019_wrzeciono-mlociny.pb
Array task ID: 487
Running PB algorithm:
  Input: /gpfs/home/uki2551/EES_Project/PB/Data/poland_warszawa_2019_wrzeciono-mlociny.pb
  Algorithm: EES
  Utility: cardinal
  Completion: add-one
  Exhaustive: False
  Output: /gpfs/home/uki2551/EES_Project/PB/results/ees/cardinal/add-one/poland_warszawa_2019_wrzeciono-mlociny.csv

Results saved to: /gpfs/home/uki2551/EES_Project/PB/results/ees/cardinal/add-one/poland_warszawa_2019_wrzeciono-mlociny.csv

Summary:
  Highest efficiency: 0.9545
  Projects selected: 20
  Budget increases: 222
