==============================================
Submitting PB jobs with configuration:
  Algorithm:   ees
  Utility:     cardinal
  Completion:  add-one
  Exhaustive:  no
==============================================
Running on file: ../Data/netherlands_amsterdam_613_.pb
Array task ID: 51
Running PB algorithm:
  Input: /gpfs/home/uki2551/EES_Project/PB/Data/netherlands_amsterdam_613_.pb
  Algorithm: EES
  Utility: cardinal
  Completion: add-one
  Exhaustive: False
  Output: /gpfs/home/uki2551/EES_Project/PB/results/ees/cardinal/add-one/netherlands_amsterdam_613_.csv

Results saved to: /gpfs/home/uki2551/EES_Project/PB/results/ees/cardinal/add-one/netherlands_amsterdam_613_.csv

Summary:
  Highest efficiency: 0.9697
  Projects selected: 27
  Budget increases: 98
