==============================================
Submitting PB jobs with configuration:
  Algorithm:   ees
  Utility:     cardinal
  Completion:  add-one
  Exhaustive:  no
==============================================
Running on file: ../Data/poland_wroclaw_2016_.pb
Array task ID: 676
Running PB algorithm:
  Input: /gpfs/home/uki2551/EES_Project/PB/Data/poland_wroclaw_2016_.pb
  Algorithm: EES
  Utility: cardinal
  Completion: add-one
  Exhaustive: False
  Output: /gpfs/home/uki2551/EES_Project/PB/results/ees/cardinal/add-one/poland_wroclaw_2016_.csv

Results saved to: /gpfs/home/uki2551/EES_Project/PB/results/ees/cardinal/add-one/poland_wroclaw_2016_.csv

Summary:
  Highest efficiency: 0.9556
  Projects selected: 10
  Budget increases: 235
