==============================================
Submitting PB jobs with configuration:
  Algorithm:   ees
  Utility:     cardinal
  Completion:  add-one
  Exhaustive:  no
==============================================
Running on file: ../Data/us_stanford-dataset_south-lake-tahoe-2021-quadrant-1_vote-knapsacks.pb
Array task ID: 749
Running PB algorithm:
  Input: /gpfs/home/uki2551/EES_Project/PB/Data/us_stanford-dataset_south-lake-tahoe-2021-quadrant-1_vote-knapsacks.pb
  Algorithm: EES
  Utility: cardinal
  Completion: add-one
  Exhaustive: False
  Output: /gpfs/home/uki2551/EES_Project/PB/results/ees/cardinal/add-one/us_stanford-dataset_south-lake-tahoe-2021-quadrant-1_vote-knapsacks.csv

Results saved to: /gpfs/home/uki2551/EES_Project/PB/results/ees/cardinal/add-one/us_stanford-dataset_south-lake-tahoe-2021-quadrant-1_vote-knapsacks.csv

Summary:
  Highest efficiency: 0.9792
  Projects selected: 17
  Budget increases: 93
