==============================================
Submitting PB jobs with configuration:
  Algorithm:   mes
  Utility:     cardinal
  Completion:  add-one
  Exhaustive:  no
==============================================
Running on file: ../Data/poland_lodz_2020_julianow-marysin-rogi.pb
Array task ID: 108
Running PB algorithm:
  Input: /gpfs/home/uki2551/EES_Project/PB/Data/poland_lodz_2020_julianow-marysin-rogi.pb
  Algorithm: MES
  Utility: cardinal
  Completion: add-one
  Exhaustive: False
  Output: /gpfs/home/uki2551/EES_Project/PB/results/mes/cardinal/add-one/poland_lodz_2020_julianow-marysin-rogi.csv

Results saved to: /gpfs/home/uki2551/EES_Project/PB/results/mes/cardinal/add-one/poland_lodz_2020_julianow-marysin-rogi.csv

Summary:
  Highest efficiency: 0.9524
  Projects selected: 12
  Budget increases: 242
