==============================================
Submitting PB jobs with configuration:
  Algorithm:   mes
  Utility:     cardinal
  Completion:  add-one
  Exhaustive:  no
==============================================
Running on file: ../Data/poland_lodz_2023_baluty-centrum.pb
Array task ID: 170
Running PB algorithm:
  Input: /gpfs/home/uki2551/EES_Project/PB/Data/poland_lodz_2023_baluty-centrum.pb
  Algorithm: MES
  Utility: cardinal
  Completion: add-one
  Exhaustive: False
  Output: /gpfs/home/uki2551/EES_Project/PB/results/mes/cardinal/add-one/poland_lodz_2023_baluty-centrum.csv

Results saved to: /gpfs/home/uki2551/EES_Project/PB/results/mes/cardinal/add-one/poland_lodz_2023_baluty-centrum.csv

Summary:
  Highest efficiency: 0.8954
  Projects selected: 18
  Budget increases: 119
