==============================================
Submitting PB jobs with configuration:
  Algorithm:   mes
  Utility:     cardinal
  Completion:  add-one
  Exhaustive:  no
==============================================
Running on file: ../Data/poland_lodz_2023_im-jozefa-montwilla-mireckiego.pb
Array task ID: 177
Running PB algorithm:
  Input: /gpfs/home/uki2551/EES_Project/PB/Data/poland_lodz_2023_im-jozefa-montwilla-mireckiego.pb
  Algorithm: MES
  Utility: cardinal
  Completion: add-one
  Exhaustive: False
  Output: /gpfs/home/uki2551/EES_Project/PB/results/mes/cardinal/add-one/poland_lodz_2023_im-jozefa-montwilla-mireckiego.csv

Results saved to: /gpfs/home/uki2551/EES_Project/PB/results/mes/cardinal/add-one/poland_lodz_2023_im-jozefa-montwilla-mireckiego.csv

Summary:
  Highest efficiency: 0.8327
  Projects selected: 7
  Budget increases: 118
