==============================================
Submitting PB jobs with configuration:
  Algorithm:   mes
  Utility:     cardinal
  Completion:  add-one
  Exhaustive:  no
==============================================
Running on file: ../Data/poland_warszawa_2018_lotnisko-bemowo-lotnisko-fort-bema.pb
Array task ID: 359
Running PB algorithm:
  Input: /gpfs/home/uki2551/EES_Project/PB/Data/poland_warszawa_2018_lotnisko-bemowo-lotnisko-fort-bema.pb
  Algorithm: MES
  Utility: cardinal
  Completion: add-one
  Exhaustive: False
  Output: /gpfs/home/uki2551/EES_Project/PB/results/mes/cardinal/add-one/poland_warszawa_2018_lotnisko-bemowo-lotnisko-fort-bema.csv

Results saved to: /gpfs/home/uki2551/EES_Project/PB/results/mes/cardinal/add-one/poland_warszawa_2018_lotnisko-bemowo-lotnisko-fort-bema.csv

Summary:
  Highest efficiency: 0.9778
  Projects selected: 19
  Budget increases: 60
