==============================================
Submitting PB jobs with configuration:
  Algorithm:   mes
  Utility:     cardinal
  Completion:  add-one
  Exhaustive:  no
==============================================
Running on file: ../Data/poland_warszawa_2018_obszar-2-sady-zoliborskie-zatrasie.pb
Array task ID: 371
Running PB algorithm:
  Input: /gpfs/home/uki2551/EES_Project/PB/Data/poland_warszawa_2018_obszar-2-sady-zoliborskie-zatrasie.pb
  Algorithm: MES
  Utility: cardinal
  Completion: add-one
  Exhaustive: False
  Output: /gpfs/home/uki2551/EES_Project/PB/results/mes/cardinal/add-one/poland_warszawa_2018_obszar-2-sady-zoliborskie-zatrasie.csv

Results saved to: /gpfs/home/uki2551/EES_Project/PB/results/mes/cardinal/add-one/poland_warszawa_2018_obszar-2-sady-zoliborskie-zatrasie.csv

Summary:
  Highest efficiency: 0.9167
  Projects selected: 14
  Budget increases: 65
