==============================================
Submitting PB jobs with configuration:
  Algorithm:   mes
  Utility:     cardinal
  Completion:  add-one
  Exhaustive:  no
==============================================
Running on file: ../Data/poland_warszawa_2018_wilanow.pb
Array task ID: 412
Running PB algorithm:
  Input: /gpfs/home/uki2551/EES_Project/PB/Data/poland_warszawa_2018_wilanow.pb
  Algorithm: MES
  Utility: cardinal
  Completion: add-one
  Exhaustive: False
  Output: /gpfs/home/uki2551/EES_Project/PB/results/mes/cardinal/add-one/poland_warszawa_2018_wilanow.csv

Results saved to: /gpfs/home/uki2551/EES_Project/PB/results/mes/cardinal/add-one/poland_warszawa_2018_wilanow.csv

Summary:
  Highest efficiency: 0.8144
  Projects selected: 7
  Budget increases: 179
