==============================================
Submitting PB jobs with configuration:
  Algorithm:   mes
  Utility:     cardinal
  Completion:  add-one
  Exhaustive:  no
==============================================
Running on file: ../Data/poland_warszawa_2019_obszar-2-choszczowka-bialoleka-dworska-dabrowka-szlachecka-henrykow-szamocin.pb
Array task ID: 438
Running PB algorithm:
  Input: /gpfs/home/uki2551/EES_Project/PB/Data/poland_warszawa_2019_obszar-2-choszczowka-bialoleka-dworska-dabrowka-szlachecka-henrykow-szamocin.pb
  Algorithm: MES
  Utility: cardinal
  Completion: add-one
  Exhaustive: False
  Output: /gpfs/home/uki2551/EES_Project/PB/results/mes/cardinal/add-one/poland_warszawa_2019_obszar-2-choszczowka-bialoleka-dworska-dabrowka-szlachecka-henrykow-szamocin.csv

Results saved to: /gpfs/home/uki2551/EES_Project/PB/results/mes/cardinal/add-one/poland_warszawa_2019_obszar-2-choszczowka-bialoleka-dworska-dabrowka-szlachecka-henrykow-szamocin.csv

Summary:
  Highest efficiency: 0.7583
  Projects selected: 25
  Budget increases: 68
