==============================================
Submitting PB jobs with configuration:
  Algorithm:   mes
  Utility:     cardinal
  Completion:  add-one
  Exhaustive:  no
==============================================
Running on file: ../Data/poland_warszawa_2022_ursynow.pb
Array task ID: 539
Running PB algorithm:
  Input: /gpfs/home/uki2551/EES_Project/PB/Data/poland_warszawa_2022_ursynow.pb
  Algorithm: MES
  Utility: cardinal
  Completion: add-one
  Exhaustive: False
  Output: /gpfs/home/uki2551/EES_Project/PB/results/mes/cardinal/add-one/poland_warszawa_2022_ursynow.csv

Results saved to: /gpfs/home/uki2551/EES_Project/PB/results/mes/cardinal/add-one/poland_warszawa_2022_ursynow.csv

Summary:
  Highest efficiency: 0.9327
  Projects selected: 62
  Budget increases: 28
