==============================================
Submitting PB jobs with configuration:
  Algorithm:   mes
  Utility:     cardinal
  Completion:  add-one
  Exhaustive:  no
==============================================
Running on file: ../Data/poland_warszawa_2026_kobialka-grodzisk-brzeziny.pb
Array task ID: 619
Running PB algorithm:
  Input: /gpfs/home/uki2551/EES_Project/PB/Data/poland_warszawa_2026_kobialka-grodzisk-brzeziny.pb
  Algorithm: MES
  Utility: cardinal
  Completion: add-one
  Exhaustive: False
  Output: /gpfs/home/uki2551/EES_Project/PB/results/mes/cardinal/add-one/poland_warszawa_2026_kobialka-grodzisk-brzeziny.csv

Results saved to: /gpfs/home/uki2551/EES_Project/PB/results/mes/cardinal/add-one/poland_warszawa_2026_kobialka-grodzisk-brzeziny.csv

Summary:
  Highest efficiency: 0.8297
  Projects selected: 4
  Budget increases: 59
