==============================================
Submitting PB jobs with configuration:
  Algorithm:   mes
  Utility:     cardinal
  Completion:  add-one
  Exhaustive:  no
==============================================
Running on file: ../Data/poland_wroclaw_2017_.pb
Array task ID: 677
Running PB algorithm:
  Input: /gpfs/home/uki2551/EES_Project/PB/Data/poland_wroclaw_2017_.pb
  Algorithm: MES
  Utility: cardinal
  Completion: add-one
  Exhaustive: False
  Output: /gpfs/home/uki2551/EES_Project/PB/results/mes/cardinal/add-one/poland_wroclaw_2017_.csv

Results saved to: /gpfs/home/uki2551/EES_Project/PB/results/mes/cardinal/add-one/poland_wroclaw_2017_.csv

Summary:
  Highest efficiency: 0.8675
  Projects selected: 8
  Budget increases: 246
