==============================================
Submitting PB jobs with configuration:
  Algorithm:   mes
  Utility:     cardinal
  Completion:  add-one
  Exhaustive:  no
==============================================
Running on file: ../Data/us_stanford-dataset_pb-vallejo-2017_vote-approvals.pb
Array task ID: 744
Running PB algorithm:
  Input: /gpfs/home/uki2551/EES_Project/PB/Data/us_stanford-dataset_pb-vallejo-2017_vote-approvals.pb
  Algorithm: MES
  Utility: cardinal
  Completion: add-one
  Exhaustive: False
  Output: /gpfs/home/uki2551/EES_Project/PB/results/mes/cardinal/add-one/us_stanford-dataset_pb-vallejo-2017_vote-approvals.csv

Results saved to: /gpfs/home/uki2551/EES_Project/PB/results/mes/cardinal/add-one/us_stanford-dataset_pb-vallejo-2017_vote-approvals.csv

Summary:
  Highest efficiency: 0.9050
  Projects selected: 11
  Budget increases: 52
