==============================================
Submitting PB jobs with configuration:
  Algorithm:   mes
  Utility:     cardinal
  Completion:  add-one
  Exhaustive:  no
==============================================
Running on file: ../Data/us_stanford-dataset_your-voice-your-choice-parks-and-streets-seattle-2019-district-1_vote-knapsacks.pb
Array task ID: 766
Running PB algorithm:
  Input: /gpfs/home/uki2551/EES_Project/PB/Data/us_stanford-dataset_your-voice-your-choice-parks-and-streets-seattle-2019-district-1_vote-knapsacks.pb
  Algorithm: MES
  Utility: cardinal
  Completion: add-one
  Exhaustive: False
  Output: /gpfs/home/uki2551/EES_Project/PB/results/mes/cardinal/add-one/us_stanford-dataset_your-voice-your-choice-parks-and-streets-seattle-2019-district-1_vote-knapsacks.csv

Results saved to: /gpfs/home/uki2551/EES_Project/PB/results/mes/cardinal/add-one/us_stanford-dataset_your-voice-your-choice-parks-and-streets-seattle-2019-district-1_vote-knapsacks.csv

Summary:
  Highest efficiency: 0.8925
  Projects selected: 6
  Budget increases: 166
