==============================================
Submitting PB jobs with configuration:
  Algorithm:   mes
  Utility:     cardinal
  Completion:  add-one
  Exhaustive:  no
==============================================
Running on file: ../Data/poland_gdynia_2020_.pb
Array task ID: 87
Running PB algorithm:
  Input: /gpfs/home/uki2551/EES_Project/PB/Data/poland_gdynia_2020_.pb
  Algorithm: MES
  Utility: cardinal
  Completion: add-one
  Exhaustive: False
  Output: /gpfs/home/uki2551/EES_Project/PB/results/mes/cardinal/add-one/poland_gdynia_2020_.csv

Results saved to: /gpfs/home/uki2551/EES_Project/PB/results/mes/cardinal/add-one/poland_gdynia_2020_.csv

Summary:
  Highest efficiency: 0.8667
  Projects selected: 2
  Budget increases: 135
