==============================================
Submitting PB jobs with configuration:
  Algorithm:   ees
  Utility:     cardinal
  Completion:  add-opt
  Exhaustive:  --exhaustive
==============================================
Running on file: ../Data/poland_lodz_2024_im-jozefa-montwilla-mireckiego.pb
Array task ID: 214
Running PB algorithm:
  Input: /gpfs/home/uki2551/EES_Project/PB/Data/poland_lodz_2024_im-jozefa-montwilla-mireckiego.pb
  Algorithm: EES
  Utility: cardinal
  Completion: add-opt
  Exhaustive: True
  Output: /gpfs/home/uki2551/EES_Project/PB/results/ees/cardinal/add-opt_exhaustive/poland_lodz_2024_im-jozefa-montwilla-mireckiego.csv

Results saved to: /gpfs/home/uki2551/EES_Project/PB/results/ees/cardinal/add-opt_exhaustive/poland_lodz_2024_im-jozefa-montwilla-mireckiego.csv

Summary:
  Highest efficiency: 0.8646
  Projects selected: 8
  Budget increases: 62
