==============================================
Submitting PB jobs with configuration:
  Algorithm:   ees
  Utility:     cardinal
  Completion:  add-opt
  Exhaustive:  --exhaustive
==============================================
Running on file: ../Data/poland_poznan_2023_13-jezyce-sw-lazarz.pb
Array task ID: 246
Running PB algorithm:
  Input: /gpfs/home/uki2551/EES_Project/PB/Data/poland_poznan_2023_13-jezyce-sw-lazarz.pb
  Algorithm: EES
  Utility: cardinal
  Completion: add-opt
  Exhaustive: True
  Output: /gpfs/home/uki2551/EES_Project/PB/results/ees/cardinal/add-opt_exhaustive/poland_poznan_2023_13-jezyce-sw-lazarz.csv

Results saved to: /gpfs/home/uki2551/EES_Project/PB/results/ees/cardinal/add-opt_exhaustive/poland_poznan_2023_13-jezyce-sw-lazarz.csv

Summary:
  Highest efficiency: 0.8679
  Projects selected: 4
  Budget increases: 335
