==============================================
Submitting PB jobs with configuration:
  Algorithm:   ees
  Utility:     cardinal
  Completion:  add-opt
  Exhaustive:  --exhaustive
==============================================
Running on file: ../Data/poland_warszawa_2017_lotnisko-bemowo-lotnisko-fort-bema.pb
Array task ID: 277
Running PB algorithm:
  Input: /gpfs/home/uki2551/EES_Project/PB/Data/poland_warszawa_2017_lotnisko-bemowo-lotnisko-fort-bema.pb
  Algorithm: EES
  Utility: cardinal
  Completion: add-opt
  Exhaustive: True
  Output: /gpfs/home/uki2551/EES_Project/PB/results/ees/cardinal/add-opt_exhaustive/poland_warszawa_2017_lotnisko-bemowo-lotnisko-fort-bema.csv

Results saved to: /gpfs/home/uki2551/EES_Project/PB/results/ees/cardinal/add-opt_exhaustive/poland_warszawa_2017_lotnisko-bemowo-lotnisko-fort-bema.csv

Summary:
  Highest efficiency: 0.8855
  Projects selected: 14
  Budget increases: 229
