==============================================
Submitting PB jobs with configuration:
  Algorithm:   ees
  Utility:     cardinal
  Completion:  add-opt
  Exhaustive:  --exhaustive
==============================================
Running on file: ../Data/poland_warszawa_2017_miedzylesie.pb
Array task ID: 282
Running PB algorithm:
  Input: /gpfs/home/uki2551/EES_Project/PB/Data/poland_warszawa_2017_miedzylesie.pb
  Algorithm: EES
  Utility: cardinal
  Completion: add-opt
  Exhaustive: True
  Output: /gpfs/home/uki2551/EES_Project/PB/results/ees/cardinal/add-opt_exhaustive/poland_warszawa_2017_miedzylesie.csv

Results saved to: /gpfs/home/uki2551/EES_Project/PB/results/ees/cardinal/add-opt_exhaustive/poland_warszawa_2017_miedzylesie.csv

Summary:
  Highest efficiency: 0.7383
  Projects selected: 8
  Budget increases: 36
