==============================================
Submitting PB jobs with configuration:
  Algorithm:   ees
  Utility:     cardinal
  Completion:  add-opt
  Exhaustive:  --exhaustive
==============================================
Running on file: ../Data/poland_warszawa_2017_wilanow-obszar-ii.pb
Array task ID: 328
Running PB algorithm:
  Input: /gpfs/home/uki2551/EES_Project/PB/Data/poland_warszawa_2017_wilanow-obszar-ii.pb
  Algorithm: EES
  Utility: cardinal
  Completion: add-opt
  Exhaustive: True
  Output: /gpfs/home/uki2551/EES_Project/PB/results/ees/cardinal/add-opt_exhaustive/poland_warszawa_2017_wilanow-obszar-ii.csv

Results saved to: /gpfs/home/uki2551/EES_Project/PB/results/ees/cardinal/add-opt_exhaustive/poland_warszawa_2017_wilanow-obszar-ii.csv

Summary:
  Highest efficiency: 0.8710
  Projects selected: 13
  Budget increases: 194
