==============================================
Submitting PB jobs with configuration:
  Algorithm:   ees
  Utility:     cardinal
  Completion:  add-opt
  Exhaustive:  --exhaustive
==============================================
Running on file: ../Data/poland_warszawa_2018_aleksandrow.pb
Array task ID: 338
Running PB algorithm:
  Input: /gpfs/home/uki2551/EES_Project/PB/Data/poland_warszawa_2018_aleksandrow.pb
  Algorithm: EES
  Utility: cardinal
  Completion: add-opt
  Exhaustive: True
  Output: /gpfs/home/uki2551/EES_Project/PB/results/ees/cardinal/add-opt_exhaustive/poland_warszawa_2018_aleksandrow.csv

Results saved to: /gpfs/home/uki2551/EES_Project/PB/results/ees/cardinal/add-opt_exhaustive/poland_warszawa_2018_aleksandrow.csv

Summary:
  Highest efficiency: 0.9963
  Projects selected: 2
  Budget increases: 8
