==============================================
Submitting PB jobs with configuration:
  Algorithm:   ees
  Utility:     cardinal
  Completion:  add-opt
  Exhaustive:  --exhaustive
==============================================
Running on file: ../Data/poland_warszawa_2018_ursus-poludniowy.pb
Array task ID: 406
Running PB algorithm:
  Input: /gpfs/home/uki2551/EES_Project/PB/Data/poland_warszawa_2018_ursus-poludniowy.pb
  Algorithm: EES
  Utility: cardinal
  Completion: add-opt
  Exhaustive: True
  Output: /gpfs/home/uki2551/EES_Project/PB/results/ees/cardinal/add-opt_exhaustive/poland_warszawa_2018_ursus-poludniowy.csv

Results saved to: /gpfs/home/uki2551/EES_Project/PB/results/ees/cardinal/add-opt_exhaustive/poland_warszawa_2018_ursus-poludniowy.csv

Summary:
  Highest efficiency: 0.9118
  Projects selected: 21
  Budget increases: 1620
