==============================================
Submitting PB jobs with configuration:
  Algorithm:   ees
  Utility:     cardinal
  Completion:  add-opt
  Exhaustive:  --exhaustive
==============================================
Running on file: ../Data/poland_warszawa_2018_wilanow-obszar-i.pb
Array task ID: 411
Running PB algorithm:
  Input: /gpfs/home/uki2551/EES_Project/PB/Data/poland_warszawa_2018_wilanow-obszar-i.pb
  Algorithm: EES
  Utility: cardinal
  Completion: add-opt
  Exhaustive: True
  Output: /gpfs/home/uki2551/EES_Project/PB/results/ees/cardinal/add-opt_exhaustive/poland_warszawa_2018_wilanow-obszar-i.csv

Results saved to: /gpfs/home/uki2551/EES_Project/PB/results/ees/cardinal/add-opt_exhaustive/poland_warszawa_2018_wilanow-obszar-i.csv

Summary:
  Highest efficiency: 0.9375
  Projects selected: 7
  Budget increases: 21
