==============================================
Submitting PB jobs with configuration:
  Algorithm:   ees
  Utility:     cardinal
  Completion:  add-opt
  Exhaustive:  --exhaustive
==============================================
Running on file: ../Data/poland_wroclaw_2017_.pb
Array task ID: 677
Running PB algorithm:
  Input: /gpfs/home/uki2551/EES_Project/PB/Data/poland_wroclaw_2017_.pb
  Algorithm: EES
  Utility: cardinal
  Completion: add-opt
  Exhaustive: True
  Output: /gpfs/home/uki2551/EES_Project/PB/results/ees/cardinal/add-opt_exhaustive/poland_wroclaw_2017_.csv

Results saved to: /gpfs/home/uki2551/EES_Project/PB/results/ees/cardinal/add-opt_exhaustive/poland_wroclaw_2017_.csv

Summary:
  Highest efficiency: 0.8550
  Projects selected: 7
  Budget increases: 366
