==============================================
Submitting PB jobs with configuration:
  Algorithm:   ees
  Utility:     cardinal
  Completion:  add-opt
  Exhaustive:  --exhaustive
==============================================
Running on file: ../Data/us_stanford-dataset_2023-youth-power-pb-lb_vote-approvals.pb
Array task ID: 686
Running PB algorithm:
  Input: /gpfs/home/uki2551/EES_Project/PB/Data/us_stanford-dataset_2023-youth-power-pb-lb_vote-approvals.pb
  Algorithm: EES
  Utility: cardinal
  Completion: add-opt
  Exhaustive: True
  Output: /gpfs/home/uki2551/EES_Project/PB/results/ees/cardinal/add-opt_exhaustive/us_stanford-dataset_2023-youth-power-pb-lb_vote-approvals.csv

Results saved to: /gpfs/home/uki2551/EES_Project/PB/results/ees/cardinal/add-opt_exhaustive/us_stanford-dataset_2023-youth-power-pb-lb_vote-approvals.csv

Summary:
  Highest efficiency: 0.8975
  Projects selected: 9
  Budget increases: 202
