==============================================
Submitting PB jobs with configuration:
  Algorithm:   ees
  Utility:     cardinal
  Completion:  add-opt
  Exhaustive:  --exhaustive
==============================================
Running on file: ../Data/poland_gdynia_2020_kamienna-gora-small.pb
Array task ID: 75
Running PB algorithm:
  Input: /gpfs/home/uki2551/EES_Project/PB/Data/poland_gdynia_2020_kamienna-gora-small.pb
  Algorithm: EES
  Utility: cardinal
  Completion: add-opt
  Exhaustive: True
  Output: /gpfs/home/uki2551/EES_Project/PB/results/ees/cardinal/add-opt_exhaustive/poland_gdynia_2020_kamienna-gora-small.csv

Results saved to: /gpfs/home/uki2551/EES_Project/PB/results/ees/cardinal/add-opt_exhaustive/poland_gdynia_2020_kamienna-gora-small.csv

Summary:
  Highest efficiency: 0.6860
  Projects selected: 2
  Budget increases: 2
