==============================================
Submitting PB jobs with configuration:
  Algorithm:   ees
  Utility:     cardinal
  Completion:  add-opt
  Exhaustive:  no
==============================================
Running on file: ../Data/poland_lodz_2023_piastow-kurak.pb
Array task ID: 190
Running PB algorithm:
  Input: /gpfs/home/uki2551/EES_Project/PB/Data/poland_lodz_2023_piastow-kurak.pb
  Algorithm: EES
  Utility: cardinal
  Completion: add-opt
  Exhaustive: False
  Output: /gpfs/home/uki2551/EES_Project/PB/results/ees/cardinal/add-opt/poland_lodz_2023_piastow-kurak.csv

Results saved to: /gpfs/home/uki2551/EES_Project/PB/results/ees/cardinal/add-opt/poland_lodz_2023_piastow-kurak.csv

Summary:
  Highest efficiency: 0.8162
  Projects selected: 11
  Budget increases: 74
