==============================================
Submitting PB jobs with configuration:
  Algorithm:   ees
  Utility:     cardinal
  Completion:  add-opt
  Exhaustive:  no
==============================================
Running on file: ../Data/poland_warszawa_2018_lotnisko-bemowo-lotnisko-fort-bema.pb
Array task ID: 359
Running PB algorithm:
  Input: /gpfs/home/uki2551/EES_Project/PB/Data/poland_warszawa_2018_lotnisko-bemowo-lotnisko-fort-bema.pb
  Algorithm: EES
  Utility: cardinal
  Completion: add-opt
  Exhaustive: False
  Output: /gpfs/home/uki2551/EES_Project/PB/results/ees/cardinal/add-opt/poland_warszawa_2018_lotnisko-bemowo-lotnisko-fort-bema.csv

Results saved to: /gpfs/home/uki2551/EES_Project/PB/results/ees/cardinal/add-opt/poland_warszawa_2018_lotnisko-bemowo-lotnisko-fort-bema.csv

Summary:
  Highest efficiency: 0.9589
  Projects selected: 19
  Budget increases: 650
