==============================================
Submitting PB jobs with configuration:
  Algorithm:   ees
  Utility:     cardinal
  Completion:  add-opt
  Exhaustive:  no
==============================================
Running on file: ../Data/poland_warszawa_2019_ursynow-polnocny.pb
Array task ID: 480
Running PB algorithm:
  Input: /gpfs/home/uki2551/EES_Project/PB/Data/poland_warszawa_2019_ursynow-polnocny.pb
  Algorithm: EES
  Utility: cardinal
  Completion: add-opt
  Exhaustive: False
  Output: /gpfs/home/uki2551/EES_Project/PB/results/ees/cardinal/add-opt/poland_warszawa_2019_ursynow-polnocny.csv

Results saved to: /gpfs/home/uki2551/EES_Project/PB/results/ees/cardinal/add-opt/poland_warszawa_2019_ursynow-polnocny.csv

Summary:
  Highest efficiency: 0.9924
  Projects selected: 29
  Budget increases: 1775
