==============================================
Submitting PB jobs with configuration:
  Algorithm:   ees
  Utility:     cardinal
  Completion:  add-opt
  Exhaustive:  no
==============================================
Running on file: ../Data/poland_warszawa_2024_rembertow.pb
Array task ID: 573
Running PB algorithm:
  Input: /gpfs/home/uki2551/EES_Project/PB/Data/poland_warszawa_2024_rembertow.pb
  Algorithm: EES
  Utility: cardinal
  Completion: add-opt
  Exhaustive: False
  Output: /gpfs/home/uki2551/EES_Project/PB/results/ees/cardinal/add-opt/poland_warszawa_2024_rembertow.csv

Results saved to: /gpfs/home/uki2551/EES_Project/PB/results/ees/cardinal/add-opt/poland_warszawa_2024_rembertow.csv

Summary:
  Highest efficiency: 0.9643
  Projects selected: 26
  Budget increases: 532
