==============================================
Submitting PB jobs with configuration:
  Algorithm:   ees
  Utility:     cardinal
  Completion:  add-opt
  Exhaustive:  no
==============================================
Running on file: ../Data/poland_warszawa_2025_srodmiescie.pb
Array task ID: 593
Running PB algorithm:
  Input: /gpfs/home/uki2551/EES_Project/PB/Data/poland_warszawa_2025_srodmiescie.pb
  Algorithm: EES
  Utility: cardinal
  Completion: add-opt
  Exhaustive: False
  Output: /gpfs/home/uki2551/EES_Project/PB/results/ees/cardinal/add-opt/poland_warszawa_2025_srodmiescie.csv

Results saved to: /gpfs/home/uki2551/EES_Project/PB/results/ees/cardinal/add-opt/poland_warszawa_2025_srodmiescie.csv

Summary:
  Highest efficiency: 0.9630
  Projects selected: 38
  Budget increases: 1251
