==============================================
Submitting PB jobs with configuration:
  Algorithm:   ees
  Utility:     cardinal
  Completion:  add-opt
  Exhaustive:  no
==============================================
Running on file: ../Data/poland_warszawa_2026_choszczowka-dabrowka-szlachecka-henrykow-bialoleka-dworska-szamocin-zeran.pb
Array task ID: 612
Running PB algorithm:
  Input: /gpfs/home/uki2551/EES_Project/PB/Data/poland_warszawa_2026_choszczowka-dabrowka-szlachecka-henrykow-bialoleka-dworska-szamocin-zeran.pb
  Algorithm: EES
  Utility: cardinal
  Completion: add-opt
  Exhaustive: False
  Output: /gpfs/home/uki2551/EES_Project/PB/results/ees/cardinal/add-opt/poland_warszawa_2026_choszczowka-dabrowka-szlachecka-henrykow-bialoleka-dworska-szamocin-zeran.csv

Results saved to: /gpfs/home/uki2551/EES_Project/PB/results/ees/cardinal/add-opt/poland_warszawa_2026_choszczowka-dabrowka-szlachecka-henrykow-bialoleka-dworska-szamocin-zeran.csv

Summary:
  Highest efficiency: 0.8391
  Projects selected: 7
  Budget increases: 46
