==============================================
Submitting PB jobs with configuration:
  Algorithm:   ees
  Utility:     cardinal
  Completion:  add-opt
  Exhaustive:  no
==============================================
Running on file: ../Data/poland_warszawa_2026_ursynow-polnocny-ursynow-centrum-stary-sluzew-stary-imielin.pb
Array task ID: 663
Running PB algorithm:
  Input: /gpfs/home/uki2551/EES_Project/PB/Data/poland_warszawa_2026_ursynow-polnocny-ursynow-centrum-stary-sluzew-stary-imielin.pb
  Algorithm: EES
  Utility: cardinal
  Completion: add-opt
  Exhaustive: False
  Output: /gpfs/home/uki2551/EES_Project/PB/results/ees/cardinal/add-opt/poland_warszawa_2026_ursynow-polnocny-ursynow-centrum-stary-sluzew-stary-imielin.csv

Results saved to: /gpfs/home/uki2551/EES_Project/PB/results/ees/cardinal/add-opt/poland_warszawa_2026_ursynow-polnocny-ursynow-centrum-stary-sluzew-stary-imielin.csv

Summary:
  Highest efficiency: 0.9161
  Projects selected: 16
  Budget increases: 193
