==============================================
Submitting PB jobs with configuration:
  Algorithm:   ees
  Utility:     cardinal
  Completion:  add-opt
  Exhaustive:  no
==============================================
Running on file: ../Data/us_stanford-dataset_pb-chicago-33rd-ward-2021_vote-approvals.pb
Array task ID: 703
Running PB algorithm:
  Input: /gpfs/home/uki2551/EES_Project/PB/Data/us_stanford-dataset_pb-chicago-33rd-ward-2021_vote-approvals.pb
  Algorithm: EES
  Utility: cardinal
  Completion: add-opt
  Exhaustive: False
  Output: /gpfs/home/uki2551/EES_Project/PB/results/ees/cardinal/add-opt/us_stanford-dataset_pb-chicago-33rd-ward-2021_vote-approvals.csv

Results saved to: /gpfs/home/uki2551/EES_Project/PB/results/ees/cardinal/add-opt/us_stanford-dataset_pb-chicago-33rd-ward-2021_vote-approvals.csv

Summary:
  Highest efficiency: 0.6000
  Projects selected: 12
  Budget increases: 6
