==============================================
Submitting PB jobs with configuration:
  Algorithm:   ees
  Utility:     cardinal
  Completion:  add-opt
  Exhaustive:  no
==============================================
Running on file: ../Data/us_stanford-dataset_pb-chicago-47th-ward-2022-youth_vote-knapsacks.pb
Array task ID: 724
Running PB algorithm:
  Input: /gpfs/home/uki2551/EES_Project/PB/Data/us_stanford-dataset_pb-chicago-47th-ward-2022-youth_vote-knapsacks.pb
  Algorithm: EES
  Utility: cardinal
  Completion: add-opt
  Exhaustive: False
  Output: /gpfs/home/uki2551/EES_Project/PB/results/ees/cardinal/add-opt/us_stanford-dataset_pb-chicago-47th-ward-2022-youth_vote-knapsacks.csv

Results saved to: /gpfs/home/uki2551/EES_Project/PB/results/ees/cardinal/add-opt/us_stanford-dataset_pb-chicago-47th-ward-2022-youth_vote-knapsacks.csv

Summary:
  Highest efficiency: 0.8500
  Projects selected: 2
  Budget increases: 2
