==============================================
Submitting PB jobs with configuration:
  Algorithm:   ees
  Utility:     cardinal
  Completion:  add-opt
  Exhaustive:  no
==============================================
Running on file: ../Data/us_stanford-dataset_pb-chicago-49th-ward-2016_vote-approvals.pb
Array task ID: 726
Running PB algorithm:
  Input: /gpfs/home/uki2551/EES_Project/PB/Data/us_stanford-dataset_pb-chicago-49th-ward-2016_vote-approvals.pb
  Algorithm: EES
  Utility: cardinal
  Completion: add-opt
  Exhaustive: False
  Output: /gpfs/home/uki2551/EES_Project/PB/results/ees/cardinal/add-opt/us_stanford-dataset_pb-chicago-49th-ward-2016_vote-approvals.csv

Results saved to: /gpfs/home/uki2551/EES_Project/PB/results/ees/cardinal/add-opt/us_stanford-dataset_pb-chicago-49th-ward-2016_vote-approvals.csv

Summary:
  Highest efficiency: 0.5762
  Projects selected: 8
  Budget increases: 1
