==============================================
Submitting PB jobs with configuration:
  Algorithm:   ees
  Utility:     cardinal
  Completion:  add-opt
  Exhaustive:  no
==============================================
Running on file: ../Data/poland_gdynia_2020_pustki-cisowskie-demptowo-small.pb
Array task ID: 91
Running PB algorithm:
  Input: /gpfs/home/uki2551/EES_Project/PB/Data/poland_gdynia_2020_pustki-cisowskie-demptowo-small.pb
  Algorithm: EES
  Utility: cardinal
  Completion: add-opt
  Exhaustive: False
  Output: /gpfs/home/uki2551/EES_Project/PB/results/ees/cardinal/add-opt/poland_gdynia_2020_pustki-cisowskie-demptowo-small.csv

Results saved to: /gpfs/home/uki2551/EES_Project/PB/results/ees/cardinal/add-opt/poland_gdynia_2020_pustki-cisowskie-demptowo-small.csv

Summary:
  Highest efficiency: 0.8375
  Projects selected: 3
  Budget increases: 4
