==============================================
Submitting PB jobs with configuration:
  Algorithm:   mes
  Utility:     cost
  Completion:  none
  Exhaustive:  no
==============================================
Running on file: ../Data/France_Toulouse_2022_19_-_Casselardit_Fontaine-Bayonne_Cartoucherie.pb
Array task ID: 10
Running PB algorithm:
  Input: /gpfs/home/uki2551/EES_Project/PB/Data/France_Toulouse_2022_19_-_Casselardit_Fontaine-Bayonne_Cartoucherie.pb
  Algorithm: MES
  Utility: cost
  Completion: none
  Exhaustive: False
  Output: /gpfs/home/uki2551/EES_Project/PB/results/mes/cost/none/France_Toulouse_2022_19_-_Casselardit_Fontaine-Bayonne_Cartoucherie.csv

Results saved to: /gpfs/home/uki2551/EES_Project/PB/results/mes/cost/none/France_Toulouse_2022_19_-_Casselardit_Fontaine-Bayonne_Cartoucherie.csv

Summary:
  Highest efficiency: 0.4125
  Projects selected: 3
  Budget increases: 0
