==============================================
Submitting PB jobs with configuration:
  Algorithm:   mes
  Utility:     cost
  Completion:  none
  Exhaustive:  no
==============================================
Running on file: ../Data/poland_lodz_2020_rokicie.pb
Array task ID: 121
Running PB algorithm:
  Input: /gpfs/home/uki2551/EES_Project/PB/Data/poland_lodz_2020_rokicie.pb
  Algorithm: MES
  Utility: cost
  Completion: none
  Exhaustive: False
  Output: /gpfs/home/uki2551/EES_Project/PB/results/mes/cost/none/poland_lodz_2020_rokicie.csv

Results saved to: /gpfs/home/uki2551/EES_Project/PB/results/mes/cost/none/poland_lodz_2020_rokicie.csv

Summary:
  Highest efficiency: 0.4375
  Projects selected: 7
  Budget increases: 0
