==============================================
Submitting PB jobs with configuration:
  Algorithm:   mes
  Utility:     cost
  Completion:  none
  Exhaustive:  no
==============================================
Running on file: ../Data/France_Toulouse_2022_2_-_Amidonniers_Compans-Caffarelli_Brouardel.pb
Array task ID: 13
Running PB algorithm:
  Input: /gpfs/home/uki2551/EES_Project/PB/Data/France_Toulouse_2022_2_-_Amidonniers_Compans-Caffarelli_Brouardel.pb
  Algorithm: MES
  Utility: cost
  Completion: none
  Exhaustive: False
  Output: /gpfs/home/uki2551/EES_Project/PB/results/mes/cost/none/France_Toulouse_2022_2_-_Amidonniers_Compans-Caffarelli_Brouardel.csv

Results saved to: /gpfs/home/uki2551/EES_Project/PB/results/mes/cost/none/France_Toulouse_2022_2_-_Amidonniers_Compans-Caffarelli_Brouardel.csv

Summary:
  Highest efficiency: 0.1297
  Projects selected: 4
  Budget increases: 0
