==============================================
Submitting PB jobs with configuration:
  Algorithm:   mes
  Utility:     cost
  Completion:  none
  Exhaustive:  no
==============================================
Running on file: ../Data/France_Toulouse_2022_9_-_Trois_Cocus_Borderouge_Croix-Daurade_Paleficat_Grand_Selve.pb
Array task ID: 20
Running PB algorithm:
  Input: /gpfs/home/uki2551/EES_Project/PB/Data/France_Toulouse_2022_9_-_Trois_Cocus_Borderouge_Croix-Daurade_Paleficat_Grand_Selve.pb
  Algorithm: MES
  Utility: cost
  Completion: none
  Exhaustive: False
  Output: /gpfs/home/uki2551/EES_Project/PB/results/mes/cost/none/France_Toulouse_2022_9_-_Trois_Cocus_Borderouge_Croix-Daurade_Paleficat_Grand_Selve.csv

Results saved to: /gpfs/home/uki2551/EES_Project/PB/results/mes/cost/none/France_Toulouse_2022_9_-_Trois_Cocus_Borderouge_Croix-Daurade_Paleficat_Grand_Selve.csv

Summary:
  Highest efficiency: 0.3067
  Projects selected: 6
  Budget increases: 0
