==============================================
Submitting PB jobs with configuration:
  Algorithm:   mes
  Utility:     cost
  Completion:  none
  Exhaustive:  no
==============================================
Running on file: ../Data/France_Toulouse_2022.pb
Array task ID: 21
Running PB algorithm:
  Input: /gpfs/home/uki2551/EES_Project/PB/Data/France_Toulouse_2022.pb
  Algorithm: MES
  Utility: cost
  Completion: none
  Exhaustive: False
  Output: /gpfs/home/uki2551/EES_Project/PB/results/mes/cost/none/France_Toulouse_2022.csv

Results saved to: /gpfs/home/uki2551/EES_Project/PB/results/mes/cost/none/France_Toulouse_2022.csv

Summary:
  Highest efficiency: 0.5104
  Projects selected: 91
  Budget increases: 0
