==============================================
Submitting PB jobs with configuration:
  Algorithm:   mes
  Utility:     cost
  Completion:  none
  Exhaustive:  no
==============================================
Running on file: ../Data/poland_lodz_2024_stary-widzew.pb
Array task ID: 234
Running PB algorithm:
  Input: /gpfs/home/uki2551/EES_Project/PB/Data/poland_lodz_2024_stary-widzew.pb
  Algorithm: MES
  Utility: cost
  Completion: none
  Exhaustive: False
  Output: /gpfs/home/uki2551/EES_Project/PB/results/mes/cost/none/poland_lodz_2024_stary-widzew.csv

Results saved to: /gpfs/home/uki2551/EES_Project/PB/results/mes/cost/none/poland_lodz_2024_stary-widzew.csv

Summary:
  Highest efficiency: 0.4190
  Projects selected: 12
  Budget increases: 0
