==============================================
Submitting PB jobs with configuration:
  Algorithm:   mes
  Utility:     cost
  Completion:  none
  Exhaustive:  no
==============================================
Running on file: ../Data/netherlands_amsterdam_304_.pb
Array task ID: 31
Running PB algorithm:
  Input: /gpfs/home/uki2551/EES_Project/PB/Data/netherlands_amsterdam_304_.pb
  Algorithm: MES
  Utility: cost
  Completion: none
  Exhaustive: False
  Output: /gpfs/home/uki2551/EES_Project/PB/results/mes/cost/none/netherlands_amsterdam_304_.csv

Results saved to: /gpfs/home/uki2551/EES_Project/PB/results/mes/cost/none/netherlands_amsterdam_304_.csv

Summary:
  Highest efficiency: 0.7849
  Projects selected: 17
  Budget increases: 0
