==============================================
Submitting PB jobs with configuration:
  Algorithm:   mes
  Utility:     cost
  Completion:  none
  Exhaustive:  no
==============================================
Running on file: ../Data/poland_warszawa_2017_targowek-mieszkaniowy.pb
Array task ID: 318
Running PB algorithm:
  Input: /gpfs/home/uki2551/EES_Project/PB/Data/poland_warszawa_2017_targowek-mieszkaniowy.pb
  Algorithm: MES
  Utility: cost
  Completion: none
  Exhaustive: False
  Output: /gpfs/home/uki2551/EES_Project/PB/results/mes/cost/none/poland_warszawa_2017_targowek-mieszkaniowy.csv

Results saved to: /gpfs/home/uki2551/EES_Project/PB/results/mes/cost/none/poland_warszawa_2017_targowek-mieszkaniowy.csv

Summary:
  Highest efficiency: 0.7133
  Projects selected: 9
  Budget increases: 0
