==============================================
Submitting PB jobs with configuration:
  Algorithm:   mes
  Utility:     cost
  Completion:  none
  Exhaustive:  no
==============================================
Running on file: ../Data/poland_warszawa_2018_obszar-3-marymont-potok-zoliborz-dziennikarski.pb
Array task ID: 373
Running PB algorithm:
  Input: /gpfs/home/uki2551/EES_Project/PB/Data/poland_warszawa_2018_obszar-3-marymont-potok-zoliborz-dziennikarski.pb
  Algorithm: MES
  Utility: cost
  Completion: none
  Exhaustive: False
  Output: /gpfs/home/uki2551/EES_Project/PB/results/mes/cost/none/poland_warszawa_2018_obszar-3-marymont-potok-zoliborz-dziennikarski.csv

Results saved to: /gpfs/home/uki2551/EES_Project/PB/results/mes/cost/none/poland_warszawa_2018_obszar-3-marymont-potok-zoliborz-dziennikarski.csv

Summary:
  Highest efficiency: 0.5532
  Projects selected: 8
  Budget increases: 0
