==============================================
Submitting PB jobs with configuration:
  Algorithm:   mes
  Utility:     cost
  Completion:  none
  Exhaustive:  no
==============================================
Running on file: ../Data/poland_warszawa_2019_obszar-iv-wilanow-zachodni-osiedle-arbuzowa.pb
Array task ID: 448
Running PB algorithm:
  Input: /gpfs/home/uki2551/EES_Project/PB/Data/poland_warszawa_2019_obszar-iv-wilanow-zachodni-osiedle-arbuzowa.pb
  Algorithm: MES
  Utility: cost
  Completion: none
  Exhaustive: False
  Output: /gpfs/home/uki2551/EES_Project/PB/results/mes/cost/none/poland_warszawa_2019_obszar-iv-wilanow-zachodni-osiedle-arbuzowa.csv

Results saved to: /gpfs/home/uki2551/EES_Project/PB/results/mes/cost/none/poland_warszawa_2019_obszar-iv-wilanow-zachodni-osiedle-arbuzowa.csv

Summary:
  Highest efficiency: 0.7568
  Projects selected: 8
  Budget increases: 0
