==============================================
Submitting PB jobs with configuration:
  Algorithm:   mes
  Utility:     cost
  Completion:  none
  Exhaustive:  no
==============================================
Running on file: ../Data/poland_warszawa_2022_srodmiescie.pb
Array task ID: 536
Running PB algorithm:
  Input: /gpfs/home/uki2551/EES_Project/PB/Data/poland_warszawa_2022_srodmiescie.pb
  Algorithm: MES
  Utility: cost
  Completion: none
  Exhaustive: False
  Output: /gpfs/home/uki2551/EES_Project/PB/results/mes/cost/none/poland_warszawa_2022_srodmiescie.csv

Results saved to: /gpfs/home/uki2551/EES_Project/PB/results/mes/cost/none/poland_warszawa_2022_srodmiescie.csv

Summary:
  Highest efficiency: 0.6056
  Projects selected: 17
  Budget increases: 0
