==============================================
Submitting PB jobs with configuration:
  Algorithm:   mes
  Utility:     cost
  Completion:  none
  Exhaustive:  no
==============================================
Running on file: ../Data/poland_warszawa_2026_boernerowo-lotnisko-fort-radiowo-groty.pb
Array task ID: 608
Running PB algorithm:
  Input: /gpfs/home/uki2551/EES_Project/PB/Data/poland_warszawa_2026_boernerowo-lotnisko-fort-radiowo-groty.pb
  Algorithm: MES
  Utility: cost
  Completion: none
  Exhaustive: False
  Output: /gpfs/home/uki2551/EES_Project/PB/results/mes/cost/none/poland_warszawa_2026_boernerowo-lotnisko-fort-radiowo-groty.csv

Results saved to: /gpfs/home/uki2551/EES_Project/PB/results/mes/cost/none/poland_warszawa_2026_boernerowo-lotnisko-fort-radiowo-groty.csv

Summary:
  Highest efficiency: 0.5718
  Projects selected: 1
  Budget increases: 0
