==============================================
Submitting PB jobs with configuration:
  Algorithm:   mes
  Utility:     cost
  Completion:  none
  Exhaustive:  no
==============================================
Running on file: ../Data/netherlands_assen_2024_.pb
Array task ID: 61
Running PB algorithm:
  Input: /gpfs/home/uki2551/EES_Project/PB/Data/netherlands_assen_2024_.pb
  Algorithm: MES
  Utility: cost
  Completion: none
  Exhaustive: False
  Output: /gpfs/home/uki2551/EES_Project/PB/results/mes/cost/none/netherlands_assen_2024_.csv

Results saved to: /gpfs/home/uki2551/EES_Project/PB/results/mes/cost/none/netherlands_assen_2024_.csv

Summary:
  Highest efficiency: 0.6070
  Projects selected: 7
  Budget increases: 0
