==============================================
Submitting PB jobs with configuration:
  Algorithm:   mes
  Utility:     cost
  Completion:  none
  Exhaustive:  no
==============================================
Running on file: ../Data/poland_warszawa_2026_olszynka-grochowska-goclawek.pb
Array task ID: 635
Running PB algorithm:
  Input: /gpfs/home/uki2551/EES_Project/PB/Data/poland_warszawa_2026_olszynka-grochowska-goclawek.pb
  Algorithm: MES
  Utility: cost
  Completion: none
  Exhaustive: False
  Output: /gpfs/home/uki2551/EES_Project/PB/results/mes/cost/none/poland_warszawa_2026_olszynka-grochowska-goclawek.csv

Results saved to: /gpfs/home/uki2551/EES_Project/PB/results/mes/cost/none/poland_warszawa_2026_olszynka-grochowska-goclawek.csv

Summary:
  Highest efficiency: 0.5888
  Projects selected: 4
  Budget increases: 0
