==============================================
Submitting PB jobs with configuration:
  Algorithm:   mes
  Utility:     cost
  Completion:  none
  Exhaustive:  no
==============================================
Running on file: ../Data/us_stanford-dataset_pb-chicago-35th-ward-2019_vote-approvals.pb
Array task ID: 705
Running PB algorithm:
  Input: /gpfs/home/uki2551/EES_Project/PB/Data/us_stanford-dataset_pb-chicago-35th-ward-2019_vote-approvals.pb
  Algorithm: MES
  Utility: cost
  Completion: none
  Exhaustive: False
  Output: /gpfs/home/uki2551/EES_Project/PB/results/mes/cost/none/us_stanford-dataset_pb-chicago-35th-ward-2019_vote-approvals.csv

Results saved to: /gpfs/home/uki2551/EES_Project/PB/results/mes/cost/none/us_stanford-dataset_pb-chicago-35th-ward-2019_vote-approvals.csv

Summary:
  Highest efficiency: 0.3400
  Projects selected: 3
  Budget increases: 0
