==============================================
Submitting PB jobs with configuration:
  Algorithm:   mes
  Utility:     cost
  Completion:  none
  Exhaustive:  no
==============================================
Running on file: ../Data/us_stanford-dataset_pb-chicago-39th-ward-2020_vote-knapsacks.pb
Array task ID: 711
Running PB algorithm:
  Input: /gpfs/home/uki2551/EES_Project/PB/Data/us_stanford-dataset_pb-chicago-39th-ward-2020_vote-knapsacks.pb
  Algorithm: MES
  Utility: cost
  Completion: none
  Exhaustive: False
  Output: /gpfs/home/uki2551/EES_Project/PB/results/mes/cost/none/us_stanford-dataset_pb-chicago-39th-ward-2020_vote-knapsacks.csv

Results saved to: /gpfs/home/uki2551/EES_Project/PB/results/mes/cost/none/us_stanford-dataset_pb-chicago-39th-ward-2020_vote-knapsacks.csv

Summary:
  Highest efficiency: 0.3678
  Projects selected: 11
  Budget increases: 0
