==============================================
Submitting PB jobs with configuration:
  Algorithm:   mes
  Utility:     cost
  Completion:  none
  Exhaustive:  no
==============================================
Running on file: ../Data/us_stanford-dataset_south-lake-tahoe-2021-quadrant-3_vote-knapsacks.pb
Array task ID: 750
Running PB algorithm:
  Input: /gpfs/home/uki2551/EES_Project/PB/Data/us_stanford-dataset_south-lake-tahoe-2021-quadrant-3_vote-knapsacks.pb
  Algorithm: MES
  Utility: cost
  Completion: none
  Exhaustive: False
  Output: /gpfs/home/uki2551/EES_Project/PB/results/mes/cost/none/us_stanford-dataset_south-lake-tahoe-2021-quadrant-3_vote-knapsacks.csv

Results saved to: /gpfs/home/uki2551/EES_Project/PB/results/mes/cost/none/us_stanford-dataset_south-lake-tahoe-2021-quadrant-3_vote-knapsacks.csv

Summary:
  Highest efficiency: 0.7151
  Projects selected: 15
  Budget increases: 0
