==============================================
Submitting PB jobs with configuration:
  Algorithm:   mes
  Utility:     cost
  Completion:  none
  Exhaustive:  no
==============================================
Running on file: ../Data/us_stanford-dataset_your-voice-your-choice-parks-and-streets-seattle-2019-district-7_vote-approvals.pb
Array task ID: 775
Running PB algorithm:
  Input: /gpfs/home/uki2551/EES_Project/PB/Data/us_stanford-dataset_your-voice-your-choice-parks-and-streets-seattle-2019-district-7_vote-approvals.pb
  Algorithm: MES
  Utility: cost
  Completion: none
  Exhaustive: False
  Output: /gpfs/home/uki2551/EES_Project/PB/results/mes/cost/none/us_stanford-dataset_your-voice-your-choice-parks-and-streets-seattle-2019-district-7_vote-approvals.csv

Results saved to: /gpfs/home/uki2551/EES_Project/PB/results/mes/cost/none/us_stanford-dataset_your-voice-your-choice-parks-and-streets-seattle-2019-district-7_vote-approvals.csv

Summary:
  Highest efficiency: 0.2363
  Projects selected: 2
  Budget increases: 0
