==============================================
Submitting PB jobs with configuration:
  Algorithm:   ees
  Utility:     cardinal
  Completion:  add-opt-skip
  Exhaustive:  no
==============================================
Running on file: ../Data/poland_poznan_2023_10-swierczewo-wilda-zielony-debiec.pb
Array task ID: 243
Running PB algorithm:
  Input: /gpfs/home/uki2551/EES_Project/PB/Data/poland_poznan_2023_10-swierczewo-wilda-zielony-debiec.pb
  Algorithm: EES
  Utility: cardinal
  Completion: add-opt-skip
  Exhaustive: False
  Output: /gpfs/home/uki2551/EES_Project/PB/results/ees/cardinal/add-opt-skip/poland_poznan_2023_10-swierczewo-wilda-zielony-debiec.csv

Results saved to: /gpfs/home/uki2551/EES_Project/PB/results/ees/cardinal/add-opt-skip/poland_poznan_2023_10-swierczewo-wilda-zielony-debiec.csv

Summary:
  Highest efficiency: 0.9610
  Projects selected: 3
  Budget increases: 4
