==============================================
Submitting PB jobs with configuration:
  Algorithm:   ees
  Utility:     cardinal
  Completion:  add-opt-skip
  Exhaustive:  no
==============================================
Running on file: ../Data/poland_poznan_2023_7-morasko-radojewo-naramowice-umultowo.pb
Array task ID: 253
Running PB algorithm:
  Input: /gpfs/home/uki2551/EES_Project/PB/Data/poland_poznan_2023_7-morasko-radojewo-naramowice-umultowo.pb
  Algorithm: EES
  Utility: cardinal
  Completion: add-opt-skip
  Exhaustive: False
  Output: /gpfs/home/uki2551/EES_Project/PB/results/ees/cardinal/add-opt-skip/poland_poznan_2023_7-morasko-radojewo-naramowice-umultowo.csv

Results saved to: /gpfs/home/uki2551/EES_Project/PB/results/ees/cardinal/add-opt-skip/poland_poznan_2023_7-morasko-radojewo-naramowice-umultowo.csv

Summary:
  Highest efficiency: 0.6942
  Projects selected: 3
  Budget increases: 3
