==============================================
Submitting PB jobs with configuration:
  Algorithm:   ees
  Utility:     cardinal
  Completion:  add-opt-skip
  Exhaustive:  no
==============================================
Running on file: ../Data/poland_warszawa_2017_niskie-okecie.pb
Array task ID: 284
Running PB algorithm:
  Input: /gpfs/home/uki2551/EES_Project/PB/Data/poland_warszawa_2017_niskie-okecie.pb
  Algorithm: EES
  Utility: cardinal
  Completion: add-opt-skip
  Exhaustive: False
  Output: /gpfs/home/uki2551/EES_Project/PB/results/ees/cardinal/add-opt-skip/poland_warszawa_2017_niskie-okecie.csv

Results saved to: /gpfs/home/uki2551/EES_Project/PB/results/ees/cardinal/add-opt-skip/poland_warszawa_2017_niskie-okecie.csv

Summary:
  Highest efficiency: 0.9445
  Projects selected: 3
  Budget increases: 2
