==============================================
Submitting PB jobs with configuration:
  Algorithm:   ees
  Utility:     cardinal
  Completion:  add-opt-skip
  Exhaustive:  no
==============================================
Running on file: ../Data/poland_warszawa_2017_przyczolek-grochowski.pb
Array task ID: 292
Running PB algorithm:
  Input: /gpfs/home/uki2551/EES_Project/PB/Data/poland_warszawa_2017_przyczolek-grochowski.pb
  Algorithm: EES
  Utility: cardinal
  Completion: add-opt-skip
  Exhaustive: False
  Output: /gpfs/home/uki2551/EES_Project/PB/results/ees/cardinal/add-opt-skip/poland_warszawa_2017_przyczolek-grochowski.csv

Results saved to: /gpfs/home/uki2551/EES_Project/PB/results/ees/cardinal/add-opt-skip/poland_warszawa_2017_przyczolek-grochowski.csv

Summary:
  Highest efficiency: 0.1951
  Projects selected: 2
  Budget increases: 1
