==============================================
Submitting PB jobs with configuration:
  Algorithm:   ees
  Utility:     cardinal
  Completion:  add-opt-skip
  Exhaustive:  no
==============================================
Running on file: ../Data/poland_warszawa_2017_stara-praga-i-szmulowizna-z-michalowem.pb
Array task ID: 311
Running PB algorithm:
  Input: /gpfs/home/uki2551/EES_Project/PB/Data/poland_warszawa_2017_stara-praga-i-szmulowizna-z-michalowem.pb
  Algorithm: EES
  Utility: cardinal
  Completion: add-opt-skip
  Exhaustive: False
  Output: /gpfs/home/uki2551/EES_Project/PB/results/ees/cardinal/add-opt-skip/poland_warszawa_2017_stara-praga-i-szmulowizna-z-michalowem.csv

Results saved to: /gpfs/home/uki2551/EES_Project/PB/results/ees/cardinal/add-opt-skip/poland_warszawa_2017_stara-praga-i-szmulowizna-z-michalowem.csv

Summary:
  Highest efficiency: 0.8964
  Projects selected: 11
  Budget increases: 4
