==============================================
Submitting PB jobs with configuration:
  Algorithm:   ees
  Utility:     cardinal
  Completion:  add-opt-skip
  Exhaustive:  no
==============================================
Running on file: ../Data/poland_warszawa_2018_obszar-i-nowa-praga-z-pelcowizna.pb
Array task ID: 376
Running PB algorithm:
  Input: /gpfs/home/uki2551/EES_Project/PB/Data/poland_warszawa_2018_obszar-i-nowa-praga-z-pelcowizna.pb
  Algorithm: EES
  Utility: cardinal
  Completion: add-opt-skip
  Exhaustive: False
  Output: /gpfs/home/uki2551/EES_Project/PB/results/ees/cardinal/add-opt-skip/poland_warszawa_2018_obszar-i-nowa-praga-z-pelcowizna.csv

Results saved to: /gpfs/home/uki2551/EES_Project/PB/results/ees/cardinal/add-opt-skip/poland_warszawa_2018_obszar-i-nowa-praga-z-pelcowizna.csv

Summary:
  Highest efficiency: 0.8574
  Projects selected: 13
  Budget increases: 22
