==============================================
Submitting PB jobs with configuration:
  Algorithm:   ees
  Utility:     cardinal
  Completion:  add-opt-skip
  Exhaustive:  no
==============================================
Running on file: ../Data/poland_warszawa_2019_obszar-2-choszczowka-bialoleka-dworska-dabrowka-szlachecka-henrykow-szamocin.pb
Array task ID: 438
Running PB algorithm:
  Input: /gpfs/home/uki2551/EES_Project/PB/Data/poland_warszawa_2019_obszar-2-choszczowka-bialoleka-dworska-dabrowka-szlachecka-henrykow-szamocin.pb
  Algorithm: EES
  Utility: cardinal
  Completion: add-opt-skip
  Exhaustive: False
  Output: /gpfs/home/uki2551/EES_Project/PB/results/ees/cardinal/add-opt-skip/poland_warszawa_2019_obszar-2-choszczowka-bialoleka-dworska-dabrowka-szlachecka-henrykow-szamocin.csv

Results saved to: /gpfs/home/uki2551/EES_Project/PB/results/ees/cardinal/add-opt-skip/poland_warszawa_2019_obszar-2-choszczowka-bialoleka-dworska-dabrowka-szlachecka-henrykow-szamocin.csv

Summary:
  Highest efficiency: 0.8708
  Projects selected: 26
  Budget increases: 34
