==============================================
Submitting PB jobs with configuration:
  Algorithm:   ees
  Utility:     cardinal
  Completion:  add-opt-skip
  Exhaustive:  no
==============================================
Running on file: ../Data/poland_warszawa_2026_salomea-opacz-wielka-rakow-okecie-zaluski-paluch.pb
Array task ID: 645
Running PB algorithm:
  Input: /gpfs/home/uki2551/EES_Project/PB/Data/poland_warszawa_2026_salomea-opacz-wielka-rakow-okecie-zaluski-paluch.pb
  Algorithm: EES
  Utility: cardinal
  Completion: add-opt-skip
  Exhaustive: False
  Output: /gpfs/home/uki2551/EES_Project/PB/results/ees/cardinal/add-opt-skip/poland_warszawa_2026_salomea-opacz-wielka-rakow-okecie-zaluski-paluch.csv

Results saved to: /gpfs/home/uki2551/EES_Project/PB/results/ees/cardinal/add-opt-skip/poland_warszawa_2026_salomea-opacz-wielka-rakow-okecie-zaluski-paluch.csv

Summary:
  Highest efficiency: 0.9117
  Projects selected: 10
  Budget increases: 9
