==============================================
Submitting PB jobs with configuration:
  Algorithm:   ees
  Utility:     cardinal
  Completion:  add-opt-skip
  Exhaustive:  no
==============================================
Running on file: ../Data/poland_gdynia_2020_dzialki-lesne-large.pb
Array task ID: 70
Running PB algorithm:
  Input: /gpfs/home/uki2551/EES_Project/PB/Data/poland_gdynia_2020_dzialki-lesne-large.pb
  Algorithm: EES
  Utility: cardinal
  Completion: add-opt-skip
  Exhaustive: False
  Output: /gpfs/home/uki2551/EES_Project/PB/results/ees/cardinal/add-opt-skip/poland_gdynia_2020_dzialki-lesne-large.csv

Results saved to: /gpfs/home/uki2551/EES_Project/PB/results/ees/cardinal/add-opt-skip/poland_gdynia_2020_dzialki-lesne-large.csv

Summary:
  Highest efficiency: 0.8952
  Projects selected: 3
  Budget increases: 3
