==============================================
Submitting PB jobs with configuration:
  Algorithm:   ees
  Utility:     cardinal
  Completion:  add-opt-skip
  Exhaustive:  no
==============================================
Running on file: ../Data/us_stanford-dataset_pb-greensboro-district-2-2019_vote-knapsacks.pb
Array task ID: 732
Running PB algorithm:
  Input: /gpfs/home/uki2551/EES_Project/PB/Data/us_stanford-dataset_pb-greensboro-district-2-2019_vote-knapsacks.pb
  Algorithm: EES
  Utility: cardinal
  Completion: add-opt-skip
  Exhaustive: False
  Output: /gpfs/home/uki2551/EES_Project/PB/results/ees/cardinal/add-opt-skip/us_stanford-dataset_pb-greensboro-district-2-2019_vote-knapsacks.csv

Results saved to: /gpfs/home/uki2551/EES_Project/PB/results/ees/cardinal/add-opt-skip/us_stanford-dataset_pb-greensboro-district-2-2019_vote-knapsacks.csv

Summary:
  Highest efficiency: 0.9400
  Projects selected: 5
  Budget increases: 4
