==============================================
Submitting PB jobs with configuration:
  Algorithm:   ees
  Utility:     cardinal
  Completion:  add-opt-skip
  Exhaustive:  no
==============================================
Running on file: ../Data/us_stanford-dataset_pb-seattle-2016_vote-approvals.pb
Array task ID: 742
Running PB algorithm:
  Input: /gpfs/home/uki2551/EES_Project/PB/Data/us_stanford-dataset_pb-seattle-2016_vote-approvals.pb
  Algorithm: EES
  Utility: cardinal
  Completion: add-opt-skip
  Exhaustive: False
  Output: /gpfs/home/uki2551/EES_Project/PB/results/ees/cardinal/add-opt-skip/us_stanford-dataset_pb-seattle-2016_vote-approvals.csv

Results saved to: /gpfs/home/uki2551/EES_Project/PB/results/ees/cardinal/add-opt-skip/us_stanford-dataset_pb-seattle-2016_vote-approvals.csv

Summary:
  Highest efficiency: 0.9477
  Projects selected: 11
  Budget increases: 9
