==============================================
Submitting PB jobs with configuration:
  Algorithm:   mes
  Utility:     cost
  Completion:  add-one
  Exhaustive:  --exhaustive
==============================================
Running on file: ../Data/poland_lodz_2023_katedralna.pb
Array task ID: 180
Running PB algorithm:
  Input: /gpfs/home/uki2551/EES_Project/PB/Data/poland_lodz_2023_katedralna.pb
  Algorithm: MES
  Utility: cost
  Completion: add-one
  Exhaustive: True
  Output: /gpfs/home/uki2551/EES_Project/PB/results/mes/cost/add-one_exhaustive/poland_lodz_2023_katedralna.csv

Results saved to: /gpfs/home/uki2551/EES_Project/PB/results/mes/cost/add-one_exhaustive/poland_lodz_2023_katedralna.csv

Summary:
  Highest efficiency: 0.9494
  Projects selected: 21
  Budget increases: 1116
