==============================================
Submitting PB jobs with configuration:
  Algorithm:   mes
  Utility:     cost
  Completion:  add-one
  Exhaustive:  --exhaustive
==============================================
Running on file: ../Data/poland_lodz_2023_mileszki.pb
Array task ID: 184
Running PB algorithm:
  Input: /gpfs/home/uki2551/EES_Project/PB/Data/poland_lodz_2023_mileszki.pb
  Algorithm: MES
  Utility: cost
  Completion: add-one
  Exhaustive: True
  Output: /gpfs/home/uki2551/EES_Project/PB/results/mes/cost/add-one_exhaustive/poland_lodz_2023_mileszki.csv

Results saved to: /gpfs/home/uki2551/EES_Project/PB/results/mes/cost/add-one_exhaustive/poland_lodz_2023_mileszki.csv

Summary:
  Highest efficiency: 0.2976
  Projects selected: 4
  Budget increases: 1244
