==============================================
Submitting PB jobs with configuration:
  Algorithm:   mes
  Utility:     cost
  Completion:  add-one
  Exhaustive:  --exhaustive
==============================================
Running on file: ../Data/poland_lodz_2024_.pb
Array task ID: 226
Running PB algorithm:
  Input: /gpfs/home/uki2551/EES_Project/PB/Data/poland_lodz_2024_.pb
  Algorithm: MES
  Utility: cost
  Completion: add-one
  Exhaustive: True
  Output: /gpfs/home/uki2551/EES_Project/PB/results/mes/cost/add-one_exhaustive/poland_lodz_2024_.csv

Results saved to: /gpfs/home/uki2551/EES_Project/PB/results/mes/cost/add-one_exhaustive/poland_lodz_2024_.csv

Summary:
  Highest efficiency: 0.9855
  Projects selected: 66
  Budget increases: 8822
