==============================================
Submitting PB jobs with configuration:
  Algorithm:   mes
  Utility:     cost
  Completion:  add-one
  Exhaustive:  --exhaustive
==============================================
Running on file: ../Data/poland_poznan_2023_1-nowe-winogrady-polnoc-nowe-winogrady-poludnie-nowe-winogrady-wschod-stare-winogrady.pb
Array task ID: 247
Running PB algorithm:
  Input: /gpfs/home/uki2551/EES_Project/PB/Data/poland_poznan_2023_1-nowe-winogrady-polnoc-nowe-winogrady-poludnie-nowe-winogrady-wschod-stare-winogrady.pb
  Algorithm: MES
  Utility: cost
  Completion: add-one
  Exhaustive: True
  Output: /gpfs/home/uki2551/EES_Project/PB/results/mes/cost/add-one_exhaustive/poland_poznan_2023_1-nowe-winogrady-polnoc-nowe-winogrady-poludnie-nowe-winogrady-wschod-stare-winogrady.csv

Results saved to: /gpfs/home/uki2551/EES_Project/PB/results/mes/cost/add-one_exhaustive/poland_poznan_2023_1-nowe-winogrady-polnoc-nowe-winogrady-poludnie-nowe-winogrady-wschod-stare-winogrady.csv

Summary:
  Highest efficiency: 0.6573
  Projects selected: 1
  Budget increases: 1644
