==============================================
Submitting PB jobs with configuration:
  Algorithm:   mes
  Utility:     cost
  Completion:  add-one
  Exhaustive:  --exhaustive
==============================================
Running on file: ../Data/poland_poznan_2023_6-ogrody-solacz-winiary-wola.pb
Array task ID: 252
Running PB algorithm:
  Input: /gpfs/home/uki2551/EES_Project/PB/Data/poland_poznan_2023_6-ogrody-solacz-winiary-wola.pb
  Algorithm: MES
  Utility: cost
  Completion: add-one
  Exhaustive: True
  Output: /gpfs/home/uki2551/EES_Project/PB/results/mes/cost/add-one_exhaustive/poland_poznan_2023_6-ogrody-solacz-winiary-wola.csv

Results saved to: /gpfs/home/uki2551/EES_Project/PB/results/mes/cost/add-one_exhaustive/poland_poznan_2023_6-ogrody-solacz-winiary-wola.csv

Summary:
  Highest efficiency: 0.7433
  Projects selected: 1
  Budget increases: 1706
