==============================================
Submitting PB jobs with configuration:
  Algorithm:   mes
  Utility:     cost
  Completion:  add-one
  Exhaustive:  --exhaustive
==============================================
Running on file: ../Data/poland_warszawa_2017_stara-praga-i-szmulowizna-z-michalowem.pb
Array task ID: 311
Running PB algorithm:
  Input: /gpfs/home/uki2551/EES_Project/PB/Data/poland_warszawa_2017_stara-praga-i-szmulowizna-z-michalowem.pb
  Algorithm: MES
  Utility: cost
  Completion: add-one
  Exhaustive: True
  Output: /gpfs/home/uki2551/EES_Project/PB/results/mes/cost/add-one_exhaustive/poland_warszawa_2017_stara-praga-i-szmulowizna-z-michalowem.csv

Results saved to: /gpfs/home/uki2551/EES_Project/PB/results/mes/cost/add-one_exhaustive/poland_warszawa_2017_stara-praga-i-szmulowizna-z-michalowem.csv

Summary:
  Highest efficiency: 0.8964
  Projects selected: 11
  Budget increases: 430
