==============================================
Submitting PB jobs with configuration:
  Algorithm:   mes
  Utility:     cost
  Completion:  add-one
  Exhaustive:  --exhaustive
==============================================
Running on file: ../Data/poland_warszawa_2019_obszar-2-sady-zoliborskie-zatrasie-rudawka.pb
Array task ID: 439
Running PB algorithm:
  Input: /gpfs/home/uki2551/EES_Project/PB/Data/poland_warszawa_2019_obszar-2-sady-zoliborskie-zatrasie-rudawka.pb
  Algorithm: MES
  Utility: cost
  Completion: add-one
  Exhaustive: True
  Output: /gpfs/home/uki2551/EES_Project/PB/results/mes/cost/add-one_exhaustive/poland_warszawa_2019_obszar-2-sady-zoliborskie-zatrasie-rudawka.csv

Results saved to: /gpfs/home/uki2551/EES_Project/PB/results/mes/cost/add-one_exhaustive/poland_warszawa_2019_obszar-2-sady-zoliborskie-zatrasie-rudawka.csv

Summary:
  Highest efficiency: 0.9644
  Projects selected: 12
  Budget increases: 140
