==============================================
Submitting PB jobs with configuration:
  Algorithm:   mes
  Utility:     cost
  Completion:  add-one
  Exhaustive:  --exhaustive
==============================================
Running on file: ../Data/poland_warszawa_2024_ochota.pb
Array task ID: 569
Running PB algorithm:
  Input: /gpfs/home/uki2551/EES_Project/PB/Data/poland_warszawa_2024_ochota.pb
  Algorithm: MES
  Utility: cost
  Completion: add-one
  Exhaustive: True
  Output: /gpfs/home/uki2551/EES_Project/PB/results/mes/cost/add-one_exhaustive/poland_warszawa_2024_ochota.csv

Results saved to: /gpfs/home/uki2551/EES_Project/PB/results/mes/cost/add-one_exhaustive/poland_warszawa_2024_ochota.csv

Summary:
  Highest efficiency: 0.9926
  Projects selected: 27
  Budget increases: 535
