==============================================
Submitting PB jobs with configuration:
  Algorithm:   mes
  Utility:     cost
  Completion:  add-one
  Exhaustive:  --exhaustive
==============================================
Running on file: ../Data/us_stanford-dataset_2023-youth-power-pb-lb_vote-approvals.pb
Array task ID: 686
Running PB algorithm:
  Input: /gpfs/home/uki2551/EES_Project/PB/Data/us_stanford-dataset_2023-youth-power-pb-lb_vote-approvals.pb
  Algorithm: MES
  Utility: cost
  Completion: add-one
  Exhaustive: True
  Output: /gpfs/home/uki2551/EES_Project/PB/results/mes/cost/add-one_exhaustive/us_stanford-dataset_2023-youth-power-pb-lb_vote-approvals.csv

Results saved to: /gpfs/home/uki2551/EES_Project/PB/results/mes/cost/add-one_exhaustive/us_stanford-dataset_2023-youth-power-pb-lb_vote-approvals.csv

Summary:
  Highest efficiency: 0.9225
  Projects selected: 9
  Budget increases: 373
