==============================================
Submitting PB jobs with configuration:
  Algorithm:   mes
  Utility:     cost
  Completion:  add-one
  Exhaustive:  --exhaustive
==============================================
Running on file: ../Data/us_stanford-dataset_pb-chicago-36th-ward-2020_vote-knapsacks.pb
Array task ID: 709
Running PB algorithm:
  Input: /gpfs/home/uki2551/EES_Project/PB/Data/us_stanford-dataset_pb-chicago-36th-ward-2020_vote-knapsacks.pb
  Algorithm: MES
  Utility: cost
  Completion: add-one
  Exhaustive: True
  Output: /gpfs/home/uki2551/EES_Project/PB/results/mes/cost/add-one_exhaustive/us_stanford-dataset_pb-chicago-36th-ward-2020_vote-knapsacks.csv

Results saved to: /gpfs/home/uki2551/EES_Project/PB/results/mes/cost/add-one_exhaustive/us_stanford-dataset_pb-chicago-36th-ward-2020_vote-knapsacks.csv

Summary:
  Highest efficiency: 1.0000
  Projects selected: 1
  Budget increases: 191
