==============================================
Submitting PB jobs with configuration:
  Algorithm:   mes
  Utility:     cost
  Completion:  add-one
  Exhaustive:  --exhaustive
==============================================
Running on file: ../Data/us_stanford-dataset_pb-chicago-39th-ward-2021_vote-knapsacks.pb
Array task ID: 713
Running PB algorithm:
  Input: /gpfs/home/uki2551/EES_Project/PB/Data/us_stanford-dataset_pb-chicago-39th-ward-2021_vote-knapsacks.pb
  Algorithm: MES
  Utility: cost
  Completion: add-one
  Exhaustive: True
  Output: /gpfs/home/uki2551/EES_Project/PB/results/mes/cost/add-one_exhaustive/us_stanford-dataset_pb-chicago-39th-ward-2021_vote-knapsacks.csv

Results saved to: /gpfs/home/uki2551/EES_Project/PB/results/mes/cost/add-one_exhaustive/us_stanford-dataset_pb-chicago-39th-ward-2021_vote-knapsacks.csv

Summary:
  Highest efficiency: 0.9440
  Projects selected: 14
  Budget increases: 382
