==============================================
Submitting PB jobs with configuration:
  Algorithm:   mes
  Utility:     cost
  Completion:  add-one
  Exhaustive:  --exhaustive
==============================================
Running on file: ../Data/us_stanford-dataset_pb-chicago-45th-ward-2019_vote-approvals.pb
Array task ID: 718
Running PB algorithm:
  Input: /gpfs/home/uki2551/EES_Project/PB/Data/us_stanford-dataset_pb-chicago-45th-ward-2019_vote-approvals.pb
  Algorithm: MES
  Utility: cost
  Completion: add-one
  Exhaustive: True
  Output: /gpfs/home/uki2551/EES_Project/PB/results/mes/cost/add-one_exhaustive/us_stanford-dataset_pb-chicago-45th-ward-2019_vote-approvals.csv

Results saved to: /gpfs/home/uki2551/EES_Project/PB/results/mes/cost/add-one_exhaustive/us_stanford-dataset_pb-chicago-45th-ward-2019_vote-approvals.csv

Summary:
  Highest efficiency: 0.6700
  Projects selected: 11
  Budget increases: 462
