==============================================
Submitting PB jobs with configuration:
  Algorithm:   mes
  Utility:     cost
  Completion:  add-one
  Exhaustive:  --exhaustive
==============================================
Running on file: ../Data/us_stanford-dataset_pb-long-beach-district-9-2016_vote-approvals.pb
Array task ID: 738
Running PB algorithm:
  Input: /gpfs/home/uki2551/EES_Project/PB/Data/us_stanford-dataset_pb-long-beach-district-9-2016_vote-approvals.pb
  Algorithm: MES
  Utility: cost
  Completion: add-one
  Exhaustive: True
  Output: /gpfs/home/uki2551/EES_Project/PB/results/mes/cost/add-one_exhaustive/us_stanford-dataset_pb-long-beach-district-9-2016_vote-approvals.csv

Results saved to: /gpfs/home/uki2551/EES_Project/PB/results/mes/cost/add-one_exhaustive/us_stanford-dataset_pb-long-beach-district-9-2016_vote-approvals.csv

Summary:
  Highest efficiency: 0.8400
  Projects selected: 3
  Budget increases: 224
