==============================================
Submitting PB jobs with configuration:
  Algorithm:   mes
  Utility:     cardinal
  Completion:  add-one
  Exhaustive:  --exhaustive
==============================================
Running on file: ../Data/poland_lodz_2022_im-jozefa-montwilla-mireckiego.pb
Array task ID: 141
Running PB algorithm:
  Input: /gpfs/home/uki2551/EES_Project/PB/Data/poland_lodz_2022_im-jozefa-montwilla-mireckiego.pb
  Algorithm: MES
  Utility: cardinal
  Completion: add-one
  Exhaustive: True
  Output: /gpfs/home/uki2551/EES_Project/PB/results/mes/cardinal/add-one_exhaustive/poland_lodz_2022_im-jozefa-montwilla-mireckiego.csv

Results saved to: /gpfs/home/uki2551/EES_Project/PB/results/mes/cardinal/add-one_exhaustive/poland_lodz_2022_im-jozefa-montwilla-mireckiego.csv

Summary:
  Highest efficiency: 0.9688
  Projects selected: 6
  Budget increases: 566
