==============================================
Submitting PB jobs with configuration:
  Algorithm:   mes
  Utility:     cardinal
  Completion:  add-one
  Exhaustive:  --exhaustive
==============================================
Running on file: ../Data/France_Toulouse_2022_5_-_Saint-Michel_Saint-Agne_Empalot_Le_Busca_Ile_du_Ramier_Monplaisir.pb
Array task ID: 16
Running PB algorithm:
  Input: /gpfs/home/uki2551/EES_Project/PB/Data/France_Toulouse_2022_5_-_Saint-Michel_Saint-Agne_Empalot_Le_Busca_Ile_du_Ramier_Monplaisir.pb
  Algorithm: MES
  Utility: cardinal
  Completion: add-one
  Exhaustive: True
  Output: /gpfs/home/uki2551/EES_Project/PB/results/mes/cardinal/add-one_exhaustive/France_Toulouse_2022_5_-_Saint-Michel_Saint-Agne_Empalot_Le_Busca_Ile_du_Ramier_Monplaisir.csv

Results saved to: /gpfs/home/uki2551/EES_Project/PB/results/mes/cardinal/add-one_exhaustive/France_Toulouse_2022_5_-_Saint-Michel_Saint-Agne_Empalot_Le_Busca_Ile_du_Ramier_Monplaisir.csv

Summary:
  Highest efficiency: 0.5575
  Projects selected: 7
  Budget increases: 239
