==============================================
Submitting PB jobs with configuration:
  Algorithm:   mes
  Utility:     cardinal
  Completion:  add-one
  Exhaustive:  --exhaustive
==============================================
Running on file: ../Data/France_Toulouse_2022_7_-_Sept_Deniers_Ginestous-Sesquieres_Lalande.pb
Array task ID: 18
Running PB algorithm:
  Input: /gpfs/home/uki2551/EES_Project/PB/Data/France_Toulouse_2022_7_-_Sept_Deniers_Ginestous-Sesquieres_Lalande.pb
  Algorithm: MES
  Utility: cardinal
  Completion: add-one
  Exhaustive: True
  Output: /gpfs/home/uki2551/EES_Project/PB/results/mes/cardinal/add-one_exhaustive/France_Toulouse_2022_7_-_Sept_Deniers_Ginestous-Sesquieres_Lalande.csv

Results saved to: /gpfs/home/uki2551/EES_Project/PB/results/mes/cardinal/add-one_exhaustive/France_Toulouse_2022_7_-_Sept_Deniers_Ginestous-Sesquieres_Lalande.csv

Summary:
  Highest efficiency: 0.8182
  Projects selected: 6
  Budget increases: 449
