==============================================
Submitting PB jobs with configuration:
  Algorithm:   mes
  Utility:     cardinal
  Completion:  add-one
  Exhaustive:  --exhaustive
==============================================
Running on file: ../Data/France_Toulouse_2022_11_-_Bonhoure_Guilhemery_Chateau_de_lHers_Limayrac_Cote_Pavee.pb
Array task ID: 2
Running PB algorithm:
  Input: /gpfs/home/uki2551/EES_Project/PB/Data/France_Toulouse_2022_11_-_Bonhoure_Guilhemery_Chateau_de_lHers_Limayrac_Cote_Pavee.pb
  Algorithm: MES
  Utility: cardinal
  Completion: add-one
  Exhaustive: True
  Output: /gpfs/home/uki2551/EES_Project/PB/results/mes/cardinal/add-one_exhaustive/France_Toulouse_2022_11_-_Bonhoure_Guilhemery_Chateau_de_lHers_Limayrac_Cote_Pavee.csv

Results saved to: /gpfs/home/uki2551/EES_Project/PB/results/mes/cardinal/add-one_exhaustive/France_Toulouse_2022_11_-_Bonhoure_Guilhemery_Chateau_de_lHers_Limayrac_Cote_Pavee.csv

Summary:
  Highest efficiency: 0.5850
  Projects selected: 4
  Budget increases: 1073
