==============================================
Submitting PB jobs with configuration:
  Algorithm:   mes
  Utility:     cardinal
  Completion:  add-one
  Exhaustive:  --exhaustive
==============================================
Running on file: ../Data/France_Toulouse_2022_9_-_Trois_Cocus_Borderouge_Croix-Daurade_Paleficat_Grand_Selve.pb
Array task ID: 20
Running PB algorithm:
  Input: /gpfs/home/uki2551/EES_Project/PB/Data/France_Toulouse_2022_9_-_Trois_Cocus_Borderouge_Croix-Daurade_Paleficat_Grand_Selve.pb
  Algorithm: MES
  Utility: cardinal
  Completion: add-one
  Exhaustive: True
  Output: /gpfs/home/uki2551/EES_Project/PB/results/mes/cardinal/add-one_exhaustive/France_Toulouse_2022_9_-_Trois_Cocus_Borderouge_Croix-Daurade_Paleficat_Grand_Selve.csv

Results saved to: /gpfs/home/uki2551/EES_Project/PB/results/mes/cardinal/add-one_exhaustive/France_Toulouse_2022_9_-_Trois_Cocus_Borderouge_Croix-Daurade_Paleficat_Grand_Selve.csv

Summary:
  Highest efficiency: 0.7567
  Projects selected: 8
  Budget increases: 393
