==============================================
Submitting PB jobs with configuration:
  Algorithm:   mes
  Utility:     cardinal
  Completion:  add-one
  Exhaustive:  --exhaustive
==============================================
Running on file: ../Data/poland_lodz_2024_dolina-lodki.pb
Array task ID: 212
Running PB algorithm:
  Input: /gpfs/home/uki2551/EES_Project/PB/Data/poland_lodz_2024_dolina-lodki.pb
  Algorithm: MES
  Utility: cardinal
  Completion: add-one
  Exhaustive: True
  Output: /gpfs/home/uki2551/EES_Project/PB/results/mes/cardinal/add-one_exhaustive/poland_lodz_2024_dolina-lodki.csv

Results saved to: /gpfs/home/uki2551/EES_Project/PB/results/mes/cardinal/add-one_exhaustive/poland_lodz_2024_dolina-lodki.csv

Summary:
  Highest efficiency: 0.6763
  Projects selected: 5
  Budget increases: 844
