==============================================
Submitting PB jobs with configuration:
  Algorithm:   mes
  Utility:     cardinal
  Completion:  add-one
  Exhaustive:  --exhaustive
==============================================
Running on file: ../Data/poland_warszawa_2017_brodno-podgrodzie.pb
Array task ID: 262
Running PB algorithm:
  Input: /gpfs/home/uki2551/EES_Project/PB/Data/poland_warszawa_2017_brodno-podgrodzie.pb
  Algorithm: MES
  Utility: cardinal
  Completion: add-one
  Exhaustive: True
  Output: /gpfs/home/uki2551/EES_Project/PB/results/mes/cardinal/add-one_exhaustive/poland_warszawa_2017_brodno-podgrodzie.csv

Results saved to: /gpfs/home/uki2551/EES_Project/PB/results/mes/cardinal/add-one_exhaustive/poland_warszawa_2017_brodno-podgrodzie.csv

Summary:
  Highest efficiency: 0.8865
  Projects selected: 13
  Budget increases: 453
