==============================================
Submitting PB jobs with configuration:
  Algorithm:   mes
  Utility:     cardinal
  Completion:  add-one
  Exhaustive:  --exhaustive
==============================================
Running on file: ../Data/poland_warszawa_2017_targowek-fabryczny-elsnerow-i-utrata.pb
Array task ID: 317
Running PB algorithm:
  Input: /gpfs/home/uki2551/EES_Project/PB/Data/poland_warszawa_2017_targowek-fabryczny-elsnerow-i-utrata.pb
  Algorithm: MES
  Utility: cardinal
  Completion: add-one
  Exhaustive: True
  Output: /gpfs/home/uki2551/EES_Project/PB/results/mes/cardinal/add-one_exhaustive/poland_warszawa_2017_targowek-fabryczny-elsnerow-i-utrata.csv

Results saved to: /gpfs/home/uki2551/EES_Project/PB/results/mes/cardinal/add-one_exhaustive/poland_warszawa_2017_targowek-fabryczny-elsnerow-i-utrata.csv

Summary:
  Highest efficiency: 0.5506
  Projects selected: 10
  Budget increases: 35
