==============================================
Submitting PB jobs with configuration:
  Algorithm:   mes
  Utility:     cardinal
  Completion:  add-one
  Exhaustive:  --exhaustive
==============================================
Running on file: ../Data/poland_warszawa_2019_chrzanow-jelonki-poludniowe-jelonki-polnocne.pb
Array task ID: 424
Running PB algorithm:
  Input: /gpfs/home/uki2551/EES_Project/PB/Data/poland_warszawa_2019_chrzanow-jelonki-poludniowe-jelonki-polnocne.pb
  Algorithm: MES
  Utility: cardinal
  Completion: add-one
  Exhaustive: True
  Output: /gpfs/home/uki2551/EES_Project/PB/results/mes/cardinal/add-one_exhaustive/poland_warszawa_2019_chrzanow-jelonki-poludniowe-jelonki-polnocne.csv

Results saved to: /gpfs/home/uki2551/EES_Project/PB/results/mes/cardinal/add-one_exhaustive/poland_warszawa_2019_chrzanow-jelonki-poludniowe-jelonki-polnocne.csv

Summary:
  Highest efficiency: 0.4608
  Projects selected: 4
  Budget increases: 189
