==============================================
Submitting PB jobs with configuration:
  Algorithm:   mes
  Utility:     cardinal
  Completion:  add-one
  Exhaustive:  --exhaustive
==============================================
Running on file: ../Data/poland_warszawa_2019_obszar-3-kobialka-augustow-brzeziny-grodzisk-lewandow.pb
Array task ID: 440
Running PB algorithm:
  Input: /gpfs/home/uki2551/EES_Project/PB/Data/poland_warszawa_2019_obszar-3-kobialka-augustow-brzeziny-grodzisk-lewandow.pb
  Algorithm: MES
  Utility: cardinal
  Completion: add-one
  Exhaustive: True
  Output: /gpfs/home/uki2551/EES_Project/PB/results/mes/cardinal/add-one_exhaustive/poland_warszawa_2019_obszar-3-kobialka-augustow-brzeziny-grodzisk-lewandow.csv

Results saved to: /gpfs/home/uki2551/EES_Project/PB/results/mes/cardinal/add-one_exhaustive/poland_warszawa_2019_obszar-3-kobialka-augustow-brzeziny-grodzisk-lewandow.csv

Summary:
  Highest efficiency: 0.9344
  Projects selected: 31
  Budget increases: 650
