==============================================
Submitting PB jobs with configuration:
  Algorithm:   mes
  Utility:     cardinal
  Completion:  add-one
  Exhaustive:  --exhaustive
==============================================
Running on file: ../Data/poland_warszawa_2019_obszar-ii-stara-praga-ze-szmulowizna-z-michalowem.pb
Array task ID: 445
Running PB algorithm:
  Input: /gpfs/home/uki2551/EES_Project/PB/Data/poland_warszawa_2019_obszar-ii-stara-praga-ze-szmulowizna-z-michalowem.pb
  Algorithm: MES
  Utility: cardinal
  Completion: add-one
  Exhaustive: True
  Output: /gpfs/home/uki2551/EES_Project/PB/results/mes/cardinal/add-one_exhaustive/poland_warszawa_2019_obszar-ii-stara-praga-ze-szmulowizna-z-michalowem.csv

Results saved to: /gpfs/home/uki2551/EES_Project/PB/results/mes/cardinal/add-one_exhaustive/poland_warszawa_2019_obszar-ii-stara-praga-ze-szmulowizna-z-michalowem.csv

Summary:
  Highest efficiency: 0.8009
  Projects selected: 11
  Budget increases: 233
