==============================================
Submitting PB jobs with configuration:
  Algorithm:   mes
  Utility:     cardinal
  Completion:  add-one
  Exhaustive:  --exhaustive
==============================================
Running on file: ../Data/poland_warszawa_2020_wlochy.pb
Array task ID: 506
Running PB algorithm:
  Input: /gpfs/home/uki2551/EES_Project/PB/Data/poland_warszawa_2020_wlochy.pb
  Algorithm: MES
  Utility: cardinal
  Completion: add-one
  Exhaustive: True
  Output: /gpfs/home/uki2551/EES_Project/PB/results/mes/cardinal/add-one_exhaustive/poland_warszawa_2020_wlochy.csv

Results saved to: /gpfs/home/uki2551/EES_Project/PB/results/mes/cardinal/add-one_exhaustive/poland_warszawa_2020_wlochy.csv

Summary:
  Highest efficiency: 0.8452
  Projects selected: 34
  Budget increases: 316
