==============================================
Submitting PB jobs with configuration:
  Algorithm:   mes
  Utility:     cardinal
  Completion:  add-one
  Exhaustive:  --exhaustive
==============================================
Running on file: ../Data/poland_warszawa_2023_wawer.pb
Array task ID: 559
Running PB algorithm:
  Input: /gpfs/home/uki2551/EES_Project/PB/Data/poland_warszawa_2023_wawer.pb
  Algorithm: MES
  Utility: cardinal
  Completion: add-one
  Exhaustive: True
  Output: /gpfs/home/uki2551/EES_Project/PB/results/mes/cardinal/add-one_exhaustive/poland_warszawa_2023_wawer.csv

Results saved to: /gpfs/home/uki2551/EES_Project/PB/results/mes/cardinal/add-one_exhaustive/poland_warszawa_2023_wawer.csv

Summary:
  Highest efficiency: 0.8995
  Projects selected: 47
  Budget increases: 987
