==============================================
Submitting PB jobs with configuration:
  Algorithm:   mes
  Utility:     cardinal
  Completion:  add-one
  Exhaustive:  --exhaustive
==============================================
Running on file: ../Data/poland_warszawa_2026_choszczowka-dabrowka-szlachecka-henrykow-bialoleka-dworska-szamocin-zeran.pb
Array task ID: 612
Running PB algorithm:
  Input: /gpfs/home/uki2551/EES_Project/PB/Data/poland_warszawa_2026_choszczowka-dabrowka-szlachecka-henrykow-bialoleka-dworska-szamocin-zeran.pb
  Algorithm: MES
  Utility: cardinal
  Completion: add-one
  Exhaustive: True
  Output: /gpfs/home/uki2551/EES_Project/PB/results/mes/cardinal/add-one_exhaustive/poland_warszawa_2026_choszczowka-dabrowka-szlachecka-henrykow-bialoleka-dworska-szamocin-zeran.csv

Results saved to: /gpfs/home/uki2551/EES_Project/PB/results/mes/cardinal/add-one_exhaustive/poland_warszawa_2026_choszczowka-dabrowka-szlachecka-henrykow-bialoleka-dworska-szamocin-zeran.csv

Summary:
  Highest efficiency: 0.8391
  Projects selected: 7
  Budget increases: 797
