==============================================
Submitting PB jobs with configuration:
  Algorithm:   mes
  Utility:     cardinal
  Completion:  add-one
  Exhaustive:  --exhaustive
==============================================
Running on file: ../Data/us_stanford-dataset_sf-tenderloin-december-2022_vote-knapsacks.pb
Array task ID: 748
Running PB algorithm:
  Input: /gpfs/home/uki2551/EES_Project/PB/Data/us_stanford-dataset_sf-tenderloin-december-2022_vote-knapsacks.pb
  Algorithm: MES
  Utility: cardinal
  Completion: add-one
  Exhaustive: True
  Output: /gpfs/home/uki2551/EES_Project/PB/results/mes/cardinal/add-one_exhaustive/us_stanford-dataset_sf-tenderloin-december-2022_vote-knapsacks.csv

Results saved to: /gpfs/home/uki2551/EES_Project/PB/results/mes/cardinal/add-one_exhaustive/us_stanford-dataset_sf-tenderloin-december-2022_vote-knapsacks.csv

Summary:
  Highest efficiency: 0.9606
  Projects selected: 25
  Budget increases: 261
