==============================================
Submitting PB jobs with configuration:
  Algorithm:   ees
  Utility:     cardinal
  Completion:  add-one
  Exhaustive:  --exhaustive
==============================================
Running on file: ../Data/poland_lodz_2022_mileszki.pb
Array task ID: 148
Running PB algorithm:
  Input: /gpfs/home/uki2551/EES_Project/PB/Data/poland_lodz_2022_mileszki.pb
  Algorithm: EES
  Utility: cardinal
  Completion: add-one
  Exhaustive: True
  Output: /gpfs/home/uki2551/EES_Project/PB/results/ees/cardinal/add-one_exhaustive/poland_lodz_2022_mileszki.csv

Results saved to: /gpfs/home/uki2551/EES_Project/PB/results/ees/cardinal/add-one_exhaustive/poland_lodz_2022_mileszki.csv

Summary:
  Highest efficiency: 0.5993
  Projects selected: 3
  Budget increases: 920
