==============================================
Submitting PB jobs with configuration:
  Algorithm:   ees
  Utility:     cardinal
  Completion:  add-one
  Exhaustive:  --exhaustive
==============================================
Running on file: ../Data/poland_poznan_2023_4-gluszyna-krzesiny-pokrzywno-garaszewo-staroleka-minikowo-szczepankowo-splawie-krzesinki.pb
Array task ID: 250
Running PB algorithm:
  Input: /gpfs/home/uki2551/EES_Project/PB/Data/poland_poznan_2023_4-gluszyna-krzesiny-pokrzywno-garaszewo-staroleka-minikowo-szczepankowo-splawie-krzesinki.pb
  Algorithm: EES
  Utility: cardinal
  Completion: add-one
  Exhaustive: True
  Output: /gpfs/home/uki2551/EES_Project/PB/results/ees/cardinal/add-one_exhaustive/poland_poznan_2023_4-gluszyna-krzesiny-pokrzywno-garaszewo-staroleka-minikowo-szczepankowo-splawie-krzesinki.csv

Results saved to: /gpfs/home/uki2551/EES_Project/PB/results/ees/cardinal/add-one_exhaustive/poland_poznan_2023_4-gluszyna-krzesiny-pokrzywno-garaszewo-staroleka-minikowo-szczepankowo-splawie-krzesinki.csv

Summary:
  Highest efficiency: 0.9386
  Projects selected: 6
  Budget increases: 737
