==============================================
Submitting PB jobs with configuration:
  Algorithm:   ees
  Utility:     cardinal
  Completion:  add-one
  Exhaustive:  --exhaustive
==============================================
Running on file: ../Data/poland_warszawa_2017_radiowo-wolka-weglowa-placowka-huta.pb
Array task ID: 293
Running PB algorithm:
  Input: /gpfs/home/uki2551/EES_Project/PB/Data/poland_warszawa_2017_radiowo-wolka-weglowa-placowka-huta.pb
  Algorithm: EES
  Utility: cardinal
  Completion: add-one
  Exhaustive: True
  Output: /gpfs/home/uki2551/EES_Project/PB/results/ees/cardinal/add-one_exhaustive/poland_warszawa_2017_radiowo-wolka-weglowa-placowka-huta.csv

Results saved to: /gpfs/home/uki2551/EES_Project/PB/results/ees/cardinal/add-one_exhaustive/poland_warszawa_2017_radiowo-wolka-weglowa-placowka-huta.csv

Summary:
  Highest efficiency: 1.0000
  Projects selected: 1
  Budget increases: 361
