==============================================
Submitting PB jobs with configuration:
  Algorithm:   ees
  Utility:     cost
  Completion:  none
  Exhaustive:  no
==============================================
Running on file: ../Data/France_Toulouse_2022_1_-_Capitole_Arnaud_Bernard_Carmes.pb
Array task ID: 11
Running PB algorithm:
  Input: /gpfs/home/uki2551/EES_Project/PB/Data/France_Toulouse_2022_1_-_Capitole_Arnaud_Bernard_Carmes.pb
  Algorithm: EES
  Utility: cost
  Completion: none
  Exhaustive: False
  Output: /gpfs/home/uki2551/EES_Project/PB/results/ees/cost/none/France_Toulouse_2022_1_-_Capitole_Arnaud_Bernard_Carmes.csv

Results saved to: /gpfs/home/uki2551/EES_Project/PB/results/ees/cost/none/France_Toulouse_2022_1_-_Capitole_Arnaud_Bernard_Carmes.csv

Summary:
  Highest efficiency: 0.4800
  Projects selected: 4
  Budget increases: 0
