==============================================
Submitting PB jobs with configuration:
  Algorithm:   ees
  Utility:     cost
  Completion:  none
  Exhaustive:  no
==============================================
Running on file: ../Data/poland_lodz_2020_srodmiescie-katedralna.pb
Array task ID: 123
Running PB algorithm:
  Input: /gpfs/home/uki2551/EES_Project/PB/Data/poland_lodz_2020_srodmiescie-katedralna.pb
  Algorithm: EES
  Utility: cost
  Completion: none
  Exhaustive: False
  Output: /gpfs/home/uki2551/EES_Project/PB/results/ees/cost/none/poland_lodz_2020_srodmiescie-katedralna.csv

Results saved to: /gpfs/home/uki2551/EES_Project/PB/results/ees/cost/none/poland_lodz_2020_srodmiescie-katedralna.csv

Summary:
  Highest efficiency: 0.3523
  Projects selected: 8
  Budget increases: 0
