==============================================
Submitting PB jobs with configuration:
  Algorithm:   ees
  Utility:     cost
  Completion:  none
  Exhaustive:  no
==============================================
Running on file: ../Data/France_Toulouse_2022_3_-_Les_Chalets_Bayard_Belfort_Saint_Aubin_Dupuy.pb
Array task ID: 14
Running PB algorithm:
  Input: /gpfs/home/uki2551/EES_Project/PB/Data/France_Toulouse_2022_3_-_Les_Chalets_Bayard_Belfort_Saint_Aubin_Dupuy.pb
  Algorithm: EES
  Utility: cost
  Completion: none
  Exhaustive: False
  Output: /gpfs/home/uki2551/EES_Project/PB/results/ees/cost/none/France_Toulouse_2022_3_-_Les_Chalets_Bayard_Belfort_Saint_Aubin_Dupuy.csv

Results saved to: /gpfs/home/uki2551/EES_Project/PB/results/ees/cost/none/France_Toulouse_2022_3_-_Les_Chalets_Bayard_Belfort_Saint_Aubin_Dupuy.csv

Summary:
  Highest efficiency: 0.1017
  Projects selected: 2
  Budget increases: 0
