==============================================
Submitting PB jobs with configuration:
  Algorithm:   ees
  Utility:     cost
  Completion:  none
  Exhaustive:  no
==============================================
Running on file: ../Data/France_Toulouse_2022_6_-_Saint-Cyprien.pb
Array task ID: 17
Running PB algorithm:
  Input: /gpfs/home/uki2551/EES_Project/PB/Data/France_Toulouse_2022_6_-_Saint-Cyprien.pb
  Algorithm: EES
  Utility: cost
  Completion: none
  Exhaustive: False
  Output: /gpfs/home/uki2551/EES_Project/PB/results/ees/cost/none/France_Toulouse_2022_6_-_Saint-Cyprien.csv

Results saved to: /gpfs/home/uki2551/EES_Project/PB/results/ees/cost/none/France_Toulouse_2022_6_-_Saint-Cyprien.csv

Summary:
  Highest efficiency: 0.4375
  Projects selected: 1
  Budget increases: 0
