==============================================
Submitting PB jobs with configuration:
  Algorithm:   ees
  Utility:     cost
  Completion:  none
  Exhaustive:  no
==============================================
Running on file: ../Data/netherlands_amsterdam_166_.pb
Array task ID: 22
Running PB algorithm:
  Input: /gpfs/home/uki2551/EES_Project/PB/Data/netherlands_amsterdam_166_.pb
  Algorithm: EES
  Utility: cost
  Completion: none
  Exhaustive: False
  Output: /gpfs/home/uki2551/EES_Project/PB/results/ees/cost/none/netherlands_amsterdam_166_.csv

Results saved to: /gpfs/home/uki2551/EES_Project/PB/results/ees/cost/none/netherlands_amsterdam_166_.csv

Summary:
  Highest efficiency: 0.6041
  Projects selected: 22
  Budget increases: 0
