==============================================
Submitting PB jobs with configuration:
  Algorithm:   ees
  Utility:     cost
  Completion:  none
  Exhaustive:  no
==============================================
Running on file: ../Data/poland_poznan_2023_3-piatkowo-polnoc-piatkowo.pb
Array task ID: 249
Running PB algorithm:
  Input: /gpfs/home/uki2551/EES_Project/PB/Data/poland_poznan_2023_3-piatkowo-polnoc-piatkowo.pb
  Algorithm: EES
  Utility: cost
  Completion: none
  Exhaustive: False
  Output: /gpfs/home/uki2551/EES_Project/PB/results/ees/cost/none/poland_poznan_2023_3-piatkowo-polnoc-piatkowo.csv

Results saved to: /gpfs/home/uki2551/EES_Project/PB/results/ees/cost/none/poland_poznan_2023_3-piatkowo-polnoc-piatkowo.csv

Summary:
  Highest efficiency: 0.4238
  Projects selected: 1
  Budget increases: 0
