==============================================
Submitting PB jobs with configuration:
  Algorithm:   ees
  Utility:     cost
  Completion:  none
  Exhaustive:  no
==============================================
Running on file: ../Data/poland_warszawa_2017_stara-ochota.pb
Array task ID: 310
Running PB algorithm:
  Input: /gpfs/home/uki2551/EES_Project/PB/Data/poland_warszawa_2017_stara-ochota.pb
  Algorithm: EES
  Utility: cost
  Completion: none
  Exhaustive: False
  Output: /gpfs/home/uki2551/EES_Project/PB/results/ees/cost/none/poland_warszawa_2017_stara-ochota.csv

Results saved to: /gpfs/home/uki2551/EES_Project/PB/results/ees/cost/none/poland_warszawa_2017_stara-ochota.csv

Summary:
  Highest efficiency: 0.4110
  Projects selected: 6
  Budget increases: 0
