==============================================
Submitting PB jobs with configuration:
  Algorithm:   ees
  Utility:     cost
  Completion:  none
  Exhaustive:  no
==============================================
Running on file: ../Data/poland_warszawa_2018_muranow.pb
Array task ID: 365
Running PB algorithm:
  Input: /gpfs/home/uki2551/EES_Project/PB/Data/poland_warszawa_2018_muranow.pb
  Algorithm: EES
  Utility: cost
  Completion: none
  Exhaustive: False
  Output: /gpfs/home/uki2551/EES_Project/PB/results/ees/cost/none/poland_warszawa_2018_muranow.csv

Results saved to: /gpfs/home/uki2551/EES_Project/PB/results/ees/cost/none/poland_warszawa_2018_muranow.csv

Summary:
  Highest efficiency: 0.6628
  Projects selected: 5
  Budget increases: 0
