==============================================
Submitting PB jobs with configuration:
  Algorithm:   ees
  Utility:     cost
  Completion:  none
  Exhaustive:  no
==============================================
Running on file: ../Data/poland_warszawa_2018_targowek-fabryczny-elsnerow-i-utrata.pb
Array task ID: 402
Running PB algorithm:
  Input: /gpfs/home/uki2551/EES_Project/PB/Data/poland_warszawa_2018_targowek-fabryczny-elsnerow-i-utrata.pb
  Algorithm: EES
  Utility: cost
  Completion: none
  Exhaustive: False
  Output: /gpfs/home/uki2551/EES_Project/PB/results/ees/cost/none/poland_warszawa_2018_targowek-fabryczny-elsnerow-i-utrata.csv

Results saved to: /gpfs/home/uki2551/EES_Project/PB/results/ees/cost/none/poland_warszawa_2018_targowek-fabryczny-elsnerow-i-utrata.csv

Summary:
  Highest efficiency: 0.4441
  Projects selected: 7
  Budget increases: 0
