==============================================
Submitting PB jobs with configuration:
  Algorithm:   ees
  Utility:     cost
  Completion:  none
  Exhaustive:  no
==============================================
Running on file: ../Data/netherlands_amsterdam_492_.pb
Array task ID: 41
Running PB algorithm:
  Input: /gpfs/home/uki2551/EES_Project/PB/Data/netherlands_amsterdam_492_.pb
  Algorithm: EES
  Utility: cost
  Completion: none
  Exhaustive: False
  Output: /gpfs/home/uki2551/EES_Project/PB/results/ees/cost/none/netherlands_amsterdam_492_.csv

Results saved to: /gpfs/home/uki2551/EES_Project/PB/results/ees/cost/none/netherlands_amsterdam_492_.csv

Summary:
  Highest efficiency: 0.5977
  Projects selected: 12
  Budget increases: 0
