==============================================
Submitting PB jobs with configuration:
  Algorithm:   ees
  Utility:     cost
  Completion:  none
  Exhaustive:  no
==============================================
Running on file: ../Data/poland_warszawa_2019_obszar-2-choszczowka-bialoleka-dworska-dabrowka-szlachecka-henrykow-szamocin.pb
Array task ID: 438
Running PB algorithm:
  Input: /gpfs/home/uki2551/EES_Project/PB/Data/poland_warszawa_2019_obszar-2-choszczowka-bialoleka-dworska-dabrowka-szlachecka-henrykow-szamocin.pb
  Algorithm: EES
  Utility: cost
  Completion: none
  Exhaustive: False
  Output: /gpfs/home/uki2551/EES_Project/PB/results/ees/cost/none/poland_warszawa_2019_obszar-2-choszczowka-bialoleka-dworska-dabrowka-szlachecka-henrykow-szamocin.csv

Results saved to: /gpfs/home/uki2551/EES_Project/PB/results/ees/cost/none/poland_warszawa_2019_obszar-2-choszczowka-bialoleka-dworska-dabrowka-szlachecka-henrykow-szamocin.csv

Summary:
  Highest efficiency: 0.4142
  Projects selected: 17
  Budget increases: 0
