==============================================
Submitting PB jobs with configuration:
  Algorithm:   ees
  Utility:     cost
  Completion:  none
  Exhaustive:  no
==============================================
Running on file: ../Data/poland_warszawa_2019_obszar-ii-stara-praga-ze-szmulowizna-z-michalowem.pb
Array task ID: 445
Running PB algorithm:
  Input: /gpfs/home/uki2551/EES_Project/PB/Data/poland_warszawa_2019_obszar-ii-stara-praga-ze-szmulowizna-z-michalowem.pb
  Algorithm: EES
  Utility: cost
  Completion: none
  Exhaustive: False
  Output: /gpfs/home/uki2551/EES_Project/PB/results/ees/cost/none/poland_warszawa_2019_obszar-ii-stara-praga-ze-szmulowizna-z-michalowem.csv

Results saved to: /gpfs/home/uki2551/EES_Project/PB/results/ees/cost/none/poland_warszawa_2019_obszar-ii-stara-praga-ze-szmulowizna-z-michalowem.csv

Summary:
  Highest efficiency: 0.3963
  Projects selected: 6
  Budget increases: 0
