==============================================
Submitting PB jobs with configuration:
  Algorithm:   ees
  Utility:     cost
  Completion:  none
  Exhaustive:  no
==============================================
Running on file: ../Data/poland_warszawa_2022_mokotow.pb
Array task ID: 530
Running PB algorithm:
  Input: /gpfs/home/uki2551/EES_Project/PB/Data/poland_warszawa_2022_mokotow.pb
  Algorithm: EES
  Utility: cost
  Completion: none
  Exhaustive: False
  Output: /gpfs/home/uki2551/EES_Project/PB/results/ees/cost/none/poland_warszawa_2022_mokotow.csv

Results saved to: /gpfs/home/uki2551/EES_Project/PB/results/ees/cost/none/poland_warszawa_2022_mokotow.csv

Summary:
  Highest efficiency: 0.5722
  Projects selected: 42
  Budget increases: 0
