==============================================
Submitting PB jobs with configuration:
  Algorithm:   ees
  Utility:     cost
  Completion:  none
  Exhaustive:  no
==============================================
Running on file: ../Data/netherlands_amsterdam_645_.pb
Array task ID: 58
Running PB algorithm:
  Input: /gpfs/home/uki2551/EES_Project/PB/Data/netherlands_amsterdam_645_.pb
  Algorithm: EES
  Utility: cost
  Completion: none
  Exhaustive: False
  Output: /gpfs/home/uki2551/EES_Project/PB/results/ees/cost/none/netherlands_amsterdam_645_.csv

Results saved to: /gpfs/home/uki2551/EES_Project/PB/results/ees/cost/none/netherlands_amsterdam_645_.csv

Summary:
  Highest efficiency: 0.4951
  Projects selected: 9
  Budget increases: 0
