==============================================
Submitting PB jobs with configuration:
  Algorithm:   ees
  Utility:     cost
  Completion:  none
  Exhaustive:  no
==============================================
Running on file: ../Data/poland_warszawa_2026_bemowo-lotnisko-fort-bema-gorce.pb
Array task ID: 603
Running PB algorithm:
  Input: /gpfs/home/uki2551/EES_Project/PB/Data/poland_warszawa_2026_bemowo-lotnisko-fort-bema-gorce.pb
  Algorithm: EES
  Utility: cost
  Completion: none
  Exhaustive: False
  Output: /gpfs/home/uki2551/EES_Project/PB/results/ees/cost/none/poland_warszawa_2026_bemowo-lotnisko-fort-bema-gorce.csv

Results saved to: /gpfs/home/uki2551/EES_Project/PB/results/ees/cost/none/poland_warszawa_2026_bemowo-lotnisko-fort-bema-gorce.csv

Summary:
  Highest efficiency: 0.4701
  Projects selected: 9
  Budget increases: 0
