==============================================
Submitting PB jobs with configuration:
  Algorithm:   ees
  Utility:     cost
  Completion:  none
  Exhaustive:  no
==============================================
Running on file: ../Data/poland_warszawa_2026_golabki-szamoty-niedzwiadek.pb
Array task ID: 616
Running PB algorithm:
  Input: /gpfs/home/uki2551/EES_Project/PB/Data/poland_warszawa_2026_golabki-szamoty-niedzwiadek.pb
  Algorithm: EES
  Utility: cost
  Completion: none
  Exhaustive: False
  Output: /gpfs/home/uki2551/EES_Project/PB/results/ees/cost/none/poland_warszawa_2026_golabki-szamoty-niedzwiadek.csv

Results saved to: /gpfs/home/uki2551/EES_Project/PB/results/ees/cost/none/poland_warszawa_2026_golabki-szamoty-niedzwiadek.csv

Summary:
  Highest efficiency: 0.4762
  Projects selected: 11
  Budget increases: 0
