==============================================
Submitting PB jobs with configuration:
  Algorithm:   ees
  Utility:     cost
  Completion:  none
  Exhaustive:  no
==============================================
Running on file: ../Data/poland_warszawa_2026_salomea-opacz-wielka-rakow-okecie-zaluski-paluch.pb
Array task ID: 645
Running PB algorithm:
  Input: /gpfs/home/uki2551/EES_Project/PB/Data/poland_warszawa_2026_salomea-opacz-wielka-rakow-okecie-zaluski-paluch.pb
  Algorithm: EES
  Utility: cost
  Completion: none
  Exhaustive: False
  Output: /gpfs/home/uki2551/EES_Project/PB/results/ees/cost/none/poland_warszawa_2026_salomea-opacz-wielka-rakow-okecie-zaluski-paluch.csv

Results saved to: /gpfs/home/uki2551/EES_Project/PB/results/ees/cost/none/poland_warszawa_2026_salomea-opacz-wielka-rakow-okecie-zaluski-paluch.csv

Summary:
  Highest efficiency: 0.6153
  Projects selected: 7
  Budget increases: 0
