==============================================
Submitting PB jobs with configuration:
  Algorithm:   ees
  Utility:     cost
  Completion:  none
  Exhaustive:  no
==============================================
Running on file: ../Data/us_stanford-dataset_pb-chicago-47th-ward-2022-youth_vote-approvals.pb
Array task ID: 723
Running PB algorithm:
  Input: /gpfs/home/uki2551/EES_Project/PB/Data/us_stanford-dataset_pb-chicago-47th-ward-2022-youth_vote-approvals.pb
  Algorithm: EES
  Utility: cost
  Completion: none
  Exhaustive: False
  Output: /gpfs/home/uki2551/EES_Project/PB/results/ees/cost/none/us_stanford-dataset_pb-chicago-47th-ward-2022-youth_vote-approvals.csv

Results saved to: /gpfs/home/uki2551/EES_Project/PB/results/ees/cost/none/us_stanford-dataset_pb-chicago-47th-ward-2022-youth_vote-approvals.csv

Summary:
  Highest efficiency: 0.3500
  Projects selected: 1
  Budget increases: 0
