==============================================
Submitting PB jobs with configuration:
  Algorithm:   ees
  Utility:     cost
  Completion:  none
  Exhaustive:  no
==============================================
Running on file: ../Data/us_stanford-dataset_pb-greensboro-district-4-2019_vote-knapsacks.pb
Array task ID: 735
Running PB algorithm:
  Input: /gpfs/home/uki2551/EES_Project/PB/Data/us_stanford-dataset_pb-greensboro-district-4-2019_vote-knapsacks.pb
  Algorithm: EES
  Utility: cost
  Completion: none
  Exhaustive: False
  Output: /gpfs/home/uki2551/EES_Project/PB/results/ees/cost/none/us_stanford-dataset_pb-greensboro-district-4-2019_vote-knapsacks.csv

Results saved to: /gpfs/home/uki2551/EES_Project/PB/results/ees/cost/none/us_stanford-dataset_pb-greensboro-district-4-2019_vote-knapsacks.csv

Summary:
  Highest efficiency: 0.4750
  Projects selected: 3
  Budget increases: 0
