==============================================
Submitting PB jobs with configuration:
  Algorithm:   ees
  Utility:     cost
  Completion:  none
  Exhaustive:  no
==============================================
Running on file: ../Data/us_stanford-dataset_pb-rochester-ny-2019_vote-knapsacks.pb
Array task ID: 741
Running PB algorithm:
  Input: /gpfs/home/uki2551/EES_Project/PB/Data/us_stanford-dataset_pb-rochester-ny-2019_vote-knapsacks.pb
  Algorithm: EES
  Utility: cost
  Completion: none
  Exhaustive: False
  Output: /gpfs/home/uki2551/EES_Project/PB/results/ees/cost/none/us_stanford-dataset_pb-rochester-ny-2019_vote-knapsacks.csv

Results saved to: /gpfs/home/uki2551/EES_Project/PB/results/ees/cost/none/us_stanford-dataset_pb-rochester-ny-2019_vote-knapsacks.csv

Summary:
  Highest efficiency: 0.4519
  Projects selected: 5
  Budget increases: 0
