==============================================
Submitting PB jobs with configuration:
  Algorithm:   ees
  Utility:     cost
  Completion:  none
  Exhaustive:  no
==============================================
Running on file: ../Data/us_stanford-dataset_your-voice-your-choice-parks-and-streets-seattle-2019-district-3_vote-approvals.pb
Array task ID: 768
Running PB algorithm:
  Input: /gpfs/home/uki2551/EES_Project/PB/Data/us_stanford-dataset_your-voice-your-choice-parks-and-streets-seattle-2019-district-3_vote-approvals.pb
  Algorithm: EES
  Utility: cost
  Completion: none
  Exhaustive: False
  Output: /gpfs/home/uki2551/EES_Project/PB/results/ees/cost/none/us_stanford-dataset_your-voice-your-choice-parks-and-streets-seattle-2019-district-3_vote-approvals.csv

Results saved to: /gpfs/home/uki2551/EES_Project/PB/results/ees/cost/none/us_stanford-dataset_your-voice-your-choice-parks-and-streets-seattle-2019-district-3_vote-approvals.csv

Summary:
  Highest efficiency: 0.3413
  Projects selected: 3
  Budget increases: 0
