==============================================
Submitting PB jobs with configuration:
  Algorithm:   ees
  Utility:     cost
  Completion:  none
  Exhaustive:  no
==============================================
Running on file: ../Data/poland_gdynia_2020_maly-kack-small.pb
Array task ID: 81
Running PB algorithm:
  Input: /gpfs/home/uki2551/EES_Project/PB/Data/poland_gdynia_2020_maly-kack-small.pb
  Algorithm: EES
  Utility: cost
  Completion: none
  Exhaustive: False
  Output: /gpfs/home/uki2551/EES_Project/PB/results/ees/cost/none/poland_gdynia_2020_maly-kack-small.csv

Results saved to: /gpfs/home/uki2551/EES_Project/PB/results/ees/cost/none/poland_gdynia_2020_maly-kack-small.csv

Summary:
  Highest efficiency: 0.3299
  Projects selected: 2
  Budget increases: 0
