==============================================
Submitting PB jobs with configuration:
  Algorithm:   ees
  Utility:     cost
  Completion:  none
  Exhaustive:  no
==============================================
Running on file: ../Data/poland_gdynia_2020_pustki-cisowskie-demptowo-large.pb
Array task ID: 90
Running PB algorithm:
  Input: /gpfs/home/uki2551/EES_Project/PB/Data/poland_gdynia_2020_pustki-cisowskie-demptowo-large.pb
  Algorithm: EES
  Utility: cost
  Completion: none
  Exhaustive: False
  Output: /gpfs/home/uki2551/EES_Project/PB/results/ees/cost/none/poland_gdynia_2020_pustki-cisowskie-demptowo-large.csv

Results saved to: /gpfs/home/uki2551/EES_Project/PB/results/ees/cost/none/poland_gdynia_2020_pustki-cisowskie-demptowo-large.csv

Summary:
  Highest efficiency: 0.3635
  Projects selected: 2
  Budget increases: 0
