==============================================
Submitting PB jobs with configuration:
  Algorithm:   ees
  Utility:     cost
  Completion:  add-opt
  Exhaustive:  no
==============================================
Running on file: ../Data/France_Toulouse_2022_19_-_Casselardit_Fontaine-Bayonne_Cartoucherie.pb
Array task ID: 10
Running PB algorithm:
  Input: /gpfs/home/uki2551/EES_Project/PB/Data/France_Toulouse_2022_19_-_Casselardit_Fontaine-Bayonne_Cartoucherie.pb
  Algorithm: EES
  Utility: cost
  Completion: add-opt
  Exhaustive: False
  Output: /gpfs/home/uki2551/EES_Project/PB/results/ees/cost/add-opt/France_Toulouse_2022_19_-_Casselardit_Fontaine-Bayonne_Cartoucherie.csv

Results saved to: /gpfs/home/uki2551/EES_Project/PB/results/ees/cost/add-opt/France_Toulouse_2022_19_-_Casselardit_Fontaine-Bayonne_Cartoucherie.csv

Summary:
  Highest efficiency: 0.8525
  Projects selected: 6
  Budget increases: 13
