==============================================
Submitting PB jobs with configuration:
  Algorithm:   ees
  Utility:     cost
  Completion:  add-opt
  Exhaustive:  no
==============================================
Running on file: ../Data/poland_lodz_2020_srodmiescie-wschod.pb
Array task ID: 124
Running PB algorithm:
  Input: /gpfs/home/uki2551/EES_Project/PB/Data/poland_lodz_2020_srodmiescie-wschod.pb
  Algorithm: EES
  Utility: cost
  Completion: add-opt
  Exhaustive: False
  Output: /gpfs/home/uki2551/EES_Project/PB/results/ees/cost/add-opt/poland_lodz_2020_srodmiescie-wschod.csv

Results saved to: /gpfs/home/uki2551/EES_Project/PB/results/ees/cost/add-opt/poland_lodz_2020_srodmiescie-wschod.csv

Summary:
  Highest efficiency: 0.9793
  Projects selected: 14
  Budget increases: 112
