==============================================
Submitting PB jobs with configuration:
  Algorithm:   ees
  Utility:     cost
  Completion:  add-opt
  Exhaustive:  no
==============================================
Running on file: ../Data/poland_poznan_2023_5-grunwald-polnoc-grunwald-poludnie-stary-grunwald.pb
Array task ID: 251
Running PB algorithm:
  Input: /gpfs/home/uki2551/EES_Project/PB/Data/poland_poznan_2023_5-grunwald-polnoc-grunwald-poludnie-stary-grunwald.pb
  Algorithm: EES
  Utility: cost
  Completion: add-opt
  Exhaustive: False
  Output: /gpfs/home/uki2551/EES_Project/PB/results/ees/cost/add-opt/poland_poznan_2023_5-grunwald-polnoc-grunwald-poludnie-stary-grunwald.csv

Results saved to: /gpfs/home/uki2551/EES_Project/PB/results/ees/cost/add-opt/poland_poznan_2023_5-grunwald-polnoc-grunwald-poludnie-stary-grunwald.csv

Summary:
  Highest efficiency: 0.3000
  Projects selected: 1
  Budget increases: 2
