==============================================
Submitting PB jobs with configuration:
  Algorithm:   ees
  Utility:     cost
  Completion:  add-opt
  Exhaustive:  no
==============================================
Running on file: ../Data/poland_warszawa_2017_choszczowka-dabrowka-szlachecka-bialoleka-dworska-henrykow-szamocin.pb
Array task ID: 265
Running PB algorithm:
  Input: /gpfs/home/uki2551/EES_Project/PB/Data/poland_warszawa_2017_choszczowka-dabrowka-szlachecka-bialoleka-dworska-henrykow-szamocin.pb
  Algorithm: EES
  Utility: cost
  Completion: add-opt
  Exhaustive: False
  Output: /gpfs/home/uki2551/EES_Project/PB/results/ees/cost/add-opt/poland_warszawa_2017_choszczowka-dabrowka-szlachecka-bialoleka-dworska-henrykow-szamocin.csv

Results saved to: /gpfs/home/uki2551/EES_Project/PB/results/ees/cost/add-opt/poland_warszawa_2017_choszczowka-dabrowka-szlachecka-bialoleka-dworska-henrykow-szamocin.csv

Summary:
  Highest efficiency: 0.9401
  Projects selected: 19
  Budget increases: 1622
