==============================================
Submitting PB jobs with configuration:
  Algorithm:   ees
  Utility:     cost
  Completion:  add-opt
  Exhaustive:  no
==============================================
Running on file: ../Data/poland_warszawa_2018_bialoleka-obszar-2.pb
Array task ID: 341
Running PB algorithm:
  Input: /gpfs/home/uki2551/EES_Project/PB/Data/poland_warszawa_2018_bialoleka-obszar-2.pb
  Algorithm: EES
  Utility: cost
  Completion: add-opt
  Exhaustive: False
  Output: /gpfs/home/uki2551/EES_Project/PB/results/ees/cost/add-opt/poland_warszawa_2018_bialoleka-obszar-2.csv

Results saved to: /gpfs/home/uki2551/EES_Project/PB/results/ees/cost/add-opt/poland_warszawa_2018_bialoleka-obszar-2.csv

Summary:
  Highest efficiency: 0.9157
  Projects selected: 24
  Budget increases: 2785
