==============================================
Submitting PB jobs with configuration:
  Algorithm:   ees
  Utility:     cost
  Completion:  add-opt
  Exhaustive:  no
==============================================
Running on file: ../Data/poland_warszawa_2018_miedzylesie.pb
Array task ID: 363
Running PB algorithm:
  Input: /gpfs/home/uki2551/EES_Project/PB/Data/poland_warszawa_2018_miedzylesie.pb
  Algorithm: EES
  Utility: cost
  Completion: add-opt
  Exhaustive: False
  Output: /gpfs/home/uki2551/EES_Project/PB/results/ees/cost/add-opt/poland_warszawa_2018_miedzylesie.csv

Results saved to: /gpfs/home/uki2551/EES_Project/PB/results/ees/cost/add-opt/poland_warszawa_2018_miedzylesie.csv

Summary:
  Highest efficiency: 0.6325
  Projects selected: 4
  Budget increases: 4
