==============================================
Submitting PB jobs with configuration:
  Algorithm:   ees
  Utility:     cost
  Completion:  add-opt
  Exhaustive:  no
==============================================
Running on file: ../Data/poland_warszawa_2019_kamionek.pb
Array task ID: 430
Running PB algorithm:
  Input: /gpfs/home/uki2551/EES_Project/PB/Data/poland_warszawa_2019_kamionek.pb
  Algorithm: EES
  Utility: cost
  Completion: add-opt
  Exhaustive: False
  Output: /gpfs/home/uki2551/EES_Project/PB/results/ees/cost/add-opt/poland_warszawa_2019_kamionek.csv

Results saved to: /gpfs/home/uki2551/EES_Project/PB/results/ees/cost/add-opt/poland_warszawa_2019_kamionek.csv

Summary:
  Highest efficiency: 0.1232
  Projects selected: 5
  Budget increases: 1
