==============================================
Submitting PB jobs with configuration:
  Algorithm:   ees
  Utility:     cost
  Completion:  add-opt
  Exhaustive:  no
==============================================
Running on file: ../Data/poland_warszawa_2019_obszar-ii-wilanow-niski-wschodni-zawady-powsinek-kepa-zawadowska.pb
Array task ID: 446
Running PB algorithm:
  Input: /gpfs/home/uki2551/EES_Project/PB/Data/poland_warszawa_2019_obszar-ii-wilanow-niski-wschodni-zawady-powsinek-kepa-zawadowska.pb
  Algorithm: EES
  Utility: cost
  Completion: add-opt
  Exhaustive: False
  Output: /gpfs/home/uki2551/EES_Project/PB/results/ees/cost/add-opt/poland_warszawa_2019_obszar-ii-wilanow-niski-wschodni-zawady-powsinek-kepa-zawadowska.csv

Results saved to: /gpfs/home/uki2551/EES_Project/PB/results/ees/cost/add-opt/poland_warszawa_2019_obszar-ii-wilanow-niski-wschodni-zawady-powsinek-kepa-zawadowska.csv

Summary:
  Highest efficiency: 0.9913
  Projects selected: 11
  Budget increases: 127
