==============================================
Submitting PB jobs with configuration:
  Algorithm:   ees
  Utility:     cost
  Completion:  add-opt
  Exhaustive:  no
==============================================
Running on file: ../Data/us_stanford-dataset_2022-jersey-city-ward-d_vote-knapsacks.pb
Array task ID: 683
Running PB algorithm:
  Input: /gpfs/home/uki2551/EES_Project/PB/Data/us_stanford-dataset_2022-jersey-city-ward-d_vote-knapsacks.pb
  Algorithm: EES
  Utility: cost
  Completion: add-opt
  Exhaustive: False
  Output: /gpfs/home/uki2551/EES_Project/PB/results/ees/cost/add-opt/us_stanford-dataset_2022-jersey-city-ward-d_vote-knapsacks.csv

Results saved to: /gpfs/home/uki2551/EES_Project/PB/results/ees/cost/add-opt/us_stanford-dataset_2022-jersey-city-ward-d_vote-knapsacks.csv

Summary:
  Highest efficiency: 0.4000
  Projects selected: 3
  Budget increases: 2
