==============================================
Submitting PB jobs with configuration:
  Algorithm:   ees
  Utility:     cost
  Completion:  add-opt
  Exhaustive:  no
==============================================
Running on file: ../Data/us_stanford-dataset_pb-chicago-39th-ward-2021_vote-approvals.pb
Array task ID: 712
Running PB algorithm:
  Input: /gpfs/home/uki2551/EES_Project/PB/Data/us_stanford-dataset_pb-chicago-39th-ward-2021_vote-approvals.pb
  Algorithm: EES
  Utility: cost
  Completion: add-opt
  Exhaustive: False
  Output: /gpfs/home/uki2551/EES_Project/PB/results/ees/cost/add-opt/us_stanford-dataset_pb-chicago-39th-ward-2021_vote-approvals.csv

Results saved to: /gpfs/home/uki2551/EES_Project/PB/results/ees/cost/add-opt/us_stanford-dataset_pb-chicago-39th-ward-2021_vote-approvals.csv

Summary:
  Highest efficiency: 0.9640
  Projects selected: 13
  Budget increases: 109
