==============================================
Submitting PB jobs with configuration:
  Algorithm:   ees
  Utility:     cost
  Completion:  add-opt
  Exhaustive:  no
==============================================
Running on file: ../Data/us_stanford-dataset_your-voice-your-choice-parks-and-streets-seattle-2019-district-2_vote-approvals.pb
Array task ID: 767
Running PB algorithm:
  Input: /gpfs/home/uki2551/EES_Project/PB/Data/us_stanford-dataset_your-voice-your-choice-parks-and-streets-seattle-2019-district-2_vote-approvals.pb
  Algorithm: EES
  Utility: cost
  Completion: add-opt
  Exhaustive: False
  Output: /gpfs/home/uki2551/EES_Project/PB/results/ees/cost/add-opt/us_stanford-dataset_your-voice-your-choice-parks-and-streets-seattle-2019-district-2_vote-approvals.csv

Results saved to: /gpfs/home/uki2551/EES_Project/PB/results/ees/cost/add-opt/us_stanford-dataset_your-voice-your-choice-parks-and-streets-seattle-2019-district-2_vote-approvals.csv

Summary:
  Highest efficiency: 0.7917
  Projects selected: 4
  Budget increases: 5
