==============================================
Submitting PB jobs with configuration:
  Algorithm:   mes
  Utility:     cardinal
  Completion:  none
  Exhaustive:  no
==============================================
Running on file: ../Data/canada_stanford-dataset_pb-dieppe-2018_vote-approvals.pb
Array task ID: 0
Running PB algorithm:
  Input: /gpfs/home/uki2551/EES_Project/PB/Data/canada_stanford-dataset_pb-dieppe-2018_vote-approvals.pb
  Algorithm: MES
  Utility: cardinal
  Completion: none
  Exhaustive: False
  Output: /gpfs/home/uki2551/EES_Project/PB/results/mes/cardinal/none/canada_stanford-dataset_pb-dieppe-2018_vote-approvals.csv

Results saved to: /gpfs/home/uki2551/EES_Project/PB/results/mes/cardinal/none/canada_stanford-dataset_pb-dieppe-2018_vote-approvals.csv

Summary:
  Highest efficiency: 0.4556
  Projects selected: 5
  Budget increases: 0
