==============================================
Submitting PB jobs with configuration:
  Algorithm:   mes
  Utility:     cardinal
  Completion:  none
  Exhaustive:  no
==============================================
Running on file: ../Data/poland_lodz_2020_.pb
Array task ID: 117
Running PB algorithm:
  Input: /gpfs/home/uki2551/EES_Project/PB/Data/poland_lodz_2020_.pb
  Algorithm: MES
  Utility: cardinal
  Completion: none
  Exhaustive: False
  Output: /gpfs/home/uki2551/EES_Project/PB/results/mes/cardinal/none/poland_lodz_2020_.csv

Results saved to: /gpfs/home/uki2551/EES_Project/PB/results/mes/cardinal/none/poland_lodz_2020_.csv

Summary:
  Highest efficiency: 0.4188
  Projects selected: 28
  Budget increases: 0
