==============================================
Submitting PB jobs with configuration:
  Algorithm:   mes
  Utility:     cardinal
  Completion:  none
  Exhaustive:  no
==============================================
Running on file: ../Data/poland_lodz_2022_julianow-marysin-rogi.pb
Array task ID: 142
Running PB algorithm:
  Input: /gpfs/home/uki2551/EES_Project/PB/Data/poland_lodz_2022_julianow-marysin-rogi.pb
  Algorithm: MES
  Utility: cardinal
  Completion: none
  Exhaustive: False
  Output: /gpfs/home/uki2551/EES_Project/PB/results/mes/cardinal/none/poland_lodz_2022_julianow-marysin-rogi.csv

Results saved to: /gpfs/home/uki2551/EES_Project/PB/results/mes/cardinal/none/poland_lodz_2022_julianow-marysin-rogi.csv

Summary:
  Highest efficiency: 0.2152
  Projects selected: 3
  Budget increases: 0
