==============================================
Submitting PB jobs with configuration:
  Algorithm:   mes
  Utility:     cardinal
  Completion:  none
  Exhaustive:  no
==============================================
Running on file: ../Data/poland_lodz_2023_ruda.pb
Array task ID: 194
Running PB algorithm:
  Input: /gpfs/home/uki2551/EES_Project/PB/Data/poland_lodz_2023_ruda.pb
  Algorithm: MES
  Utility: cardinal
  Completion: none
  Exhaustive: False
  Output: /gpfs/home/uki2551/EES_Project/PB/results/mes/cardinal/none/poland_lodz_2023_ruda.csv

Results saved to: /gpfs/home/uki2551/EES_Project/PB/results/mes/cardinal/none/poland_lodz_2023_ruda.csv

Summary:
  Highest efficiency: 0.3147
  Projects selected: 7
  Budget increases: 0
