==============================================
Submitting PB jobs with configuration:
  Algorithm:   mes
  Utility:     cardinal
  Completion:  none
  Exhaustive:  no
==============================================
Running on file: ../Data/poland_lodz_2024_olechow-janow.pb
Array task ID: 225
Running PB algorithm:
  Input: /gpfs/home/uki2551/EES_Project/PB/Data/poland_lodz_2024_olechow-janow.pb
  Algorithm: MES
  Utility: cardinal
  Completion: none
  Exhaustive: False
  Output: /gpfs/home/uki2551/EES_Project/PB/results/mes/cardinal/none/poland_lodz_2024_olechow-janow.csv

Results saved to: /gpfs/home/uki2551/EES_Project/PB/results/mes/cardinal/none/poland_lodz_2024_olechow-janow.csv

Summary:
  Highest efficiency: 0.3116
  Projects selected: 9
  Budget increases: 0
