==============================================
Submitting PB jobs with configuration:
  Algorithm:   mes
  Utility:     cardinal
  Completion:  none
  Exhaustive:  no
==============================================
Running on file: ../Data/poland_poznan_2023_13-jezyce-sw-lazarz.pb
Array task ID: 246
Running PB algorithm:
  Input: /gpfs/home/uki2551/EES_Project/PB/Data/poland_poznan_2023_13-jezyce-sw-lazarz.pb
  Algorithm: MES
  Utility: cardinal
  Completion: none
  Exhaustive: False
  Output: /gpfs/home/uki2551/EES_Project/PB/results/mes/cardinal/none/poland_poznan_2023_13-jezyce-sw-lazarz.csv

Results saved to: /gpfs/home/uki2551/EES_Project/PB/results/mes/cardinal/none/poland_poznan_2023_13-jezyce-sw-lazarz.csv

Summary:
  Highest efficiency: 0.0115
  Projects selected: 1
  Budget increases: 0
