==============================================
Submitting PB jobs with configuration:
  Algorithm:   mes
  Utility:     cardinal
  Completion:  none
  Exhaustive:  no
==============================================
Running on file: ../Data/poland_poznan_2023_1-nowe-winogrady-polnoc-nowe-winogrady-poludnie-nowe-winogrady-wschod-stare-winogrady.pb
Array task ID: 247
Running PB algorithm:
  Input: /gpfs/home/uki2551/EES_Project/PB/Data/poland_poznan_2023_1-nowe-winogrady-polnoc-nowe-winogrady-poludnie-nowe-winogrady-wschod-stare-winogrady.pb
  Algorithm: MES
  Utility: cardinal
  Completion: none
  Exhaustive: False
  Output: /gpfs/home/uki2551/EES_Project/PB/results/mes/cardinal/none/poland_poznan_2023_1-nowe-winogrady-polnoc-nowe-winogrady-poludnie-nowe-winogrady-wschod-stare-winogrady.csv

Results saved to: /gpfs/home/uki2551/EES_Project/PB/results/mes/cardinal/none/poland_poznan_2023_1-nowe-winogrady-polnoc-nowe-winogrady-poludnie-nowe-winogrady-wschod-stare-winogrady.csv

Summary:
  Highest efficiency: 0.0000
  Projects selected: 0
  Budget increases: 0
