==============================================
Submitting PB jobs with configuration:
  Algorithm:   mes
  Utility:     cardinal
  Completion:  none
  Exhaustive:  no
==============================================
Running on file: ../Data/poland_warszawa_2019_obszar-3-kobialka-augustow-brzeziny-grodzisk-lewandow.pb
Array task ID: 440
Running PB algorithm:
  Input: /gpfs/home/uki2551/EES_Project/PB/Data/poland_warszawa_2019_obszar-3-kobialka-augustow-brzeziny-grodzisk-lewandow.pb
  Algorithm: MES
  Utility: cardinal
  Completion: none
  Exhaustive: False
  Output: /gpfs/home/uki2551/EES_Project/PB/results/mes/cardinal/none/poland_warszawa_2019_obszar-3-kobialka-augustow-brzeziny-grodzisk-lewandow.csv

Results saved to: /gpfs/home/uki2551/EES_Project/PB/results/mes/cardinal/none/poland_warszawa_2019_obszar-3-kobialka-augustow-brzeziny-grodzisk-lewandow.csv

Summary:
  Highest efficiency: 0.5859
  Projects selected: 24
  Budget increases: 0
