==============================================
Submitting PB jobs with configuration:
  Algorithm:   mes
  Utility:     cardinal
  Completion:  none
  Exhaustive:  no
==============================================
Running on file: ../Data/poland_warszawa_2019_obszar-ii-wilanow-niski-wschodni-zawady-powsinek-kepa-zawadowska.pb
Array task ID: 446
Running PB algorithm:
  Input: /gpfs/home/uki2551/EES_Project/PB/Data/poland_warszawa_2019_obszar-ii-wilanow-niski-wschodni-zawady-powsinek-kepa-zawadowska.pb
  Algorithm: MES
  Utility: cardinal
  Completion: none
  Exhaustive: False
  Output: /gpfs/home/uki2551/EES_Project/PB/results/mes/cardinal/none/poland_warszawa_2019_obszar-ii-wilanow-niski-wschodni-zawady-powsinek-kepa-zawadowska.csv

Results saved to: /gpfs/home/uki2551/EES_Project/PB/results/mes/cardinal/none/poland_warszawa_2019_obszar-ii-wilanow-niski-wschodni-zawady-powsinek-kepa-zawadowska.csv

Summary:
  Highest efficiency: 0.4388
  Projects selected: 9
  Budget increases: 0
