==============================================
Submitting PB jobs with configuration:
  Algorithm:   mes
  Utility:     cardinal
  Completion:  none
  Exhaustive:  no
==============================================
Running on file: ../Data/netherlands_amsterdam_524_.pb
Array task ID: 46
Running PB algorithm:
  Input: /gpfs/home/uki2551/EES_Project/PB/Data/netherlands_amsterdam_524_.pb
  Algorithm: MES
  Utility: cardinal
  Completion: none
  Exhaustive: False
  Output: /gpfs/home/uki2551/EES_Project/PB/results/mes/cardinal/none/netherlands_amsterdam_524_.csv

Results saved to: /gpfs/home/uki2551/EES_Project/PB/results/mes/cardinal/none/netherlands_amsterdam_524_.csv

Summary:
  Highest efficiency: 0.7744
  Projects selected: 13
  Budget increases: 0
