==============================================
Submitting PB jobs with configuration:
  Algorithm:   mes
  Utility:     cardinal
  Completion:  none
  Exhaustive:  no
==============================================
Running on file: ../Data/poland_warszawa_2026_marymont-potok-stary-zoliborz.pb
Array task ID: 623
Running PB algorithm:
  Input: /gpfs/home/uki2551/EES_Project/PB/Data/poland_warszawa_2026_marymont-potok-stary-zoliborz.pb
  Algorithm: MES
  Utility: cardinal
  Completion: none
  Exhaustive: False
  Output: /gpfs/home/uki2551/EES_Project/PB/results/mes/cardinal/none/poland_warszawa_2026_marymont-potok-stary-zoliborz.csv

Results saved to: /gpfs/home/uki2551/EES_Project/PB/results/mes/cardinal/none/poland_warszawa_2026_marymont-potok-stary-zoliborz.csv

Summary:
  Highest efficiency: 0.5151
  Projects selected: 17
  Budget increases: 0
