==============================================
Submitting PB jobs with configuration:
  Algorithm:   mes
  Utility:     cardinal
  Completion:  none
  Exhaustive:  no
==============================================
Running on file: ../Data/poland_wieliczka_2023_green-budget.pb
Array task ID: 675
Running PB algorithm:
  Input: /gpfs/home/uki2551/EES_Project/PB/Data/poland_wieliczka_2023_green-budget.pb
  Algorithm: MES
  Utility: cardinal
  Completion: none
  Exhaustive: False
  Output: /gpfs/home/uki2551/EES_Project/PB/results/mes/cardinal/none/poland_wieliczka_2023_green-budget.csv

Results saved to: /gpfs/home/uki2551/EES_Project/PB/results/mes/cardinal/none/poland_wieliczka_2023_green-budget.csv

Summary:
  Highest efficiency: 0.3500
  Projects selected: 21
  Budget increases: 0
