==============================================
Submitting PB jobs with configuration:
  Algorithm:   mes
  Utility:     cardinal
  Completion:  none
  Exhaustive:  no
==============================================
Running on file: ../Data/France_Toulouse_2022_16_-_Fontaine-Lestang_Arenes_Bagatelle_Papus_Tabar_Bordelongue_Mermoz_La_Faourette.pb
Array task ID: 7
Running PB algorithm:
  Input: /gpfs/home/uki2551/EES_Project/PB/Data/France_Toulouse_2022_16_-_Fontaine-Lestang_Arenes_Bagatelle_Papus_Tabar_Bordelongue_Mermoz_La_Faourette.pb
  Algorithm: MES
  Utility: cardinal
  Completion: none
  Exhaustive: False
  Output: /gpfs/home/uki2551/EES_Project/PB/results/mes/cardinal/none/France_Toulouse_2022_16_-_Fontaine-Lestang_Arenes_Bagatelle_Papus_Tabar_Bordelongue_Mermoz_La_Faourette.csv

Results saved to: /gpfs/home/uki2551/EES_Project/PB/results/mes/cardinal/none/France_Toulouse_2022_16_-_Fontaine-Lestang_Arenes_Bagatelle_Papus_Tabar_Bordelongue_Mermoz_La_Faourette.csv

Summary:
  Highest efficiency: 0.2475
  Projects selected: 3
  Budget increases: 0
