==============================================
Submitting PB jobs with configuration:
  Algorithm:   mes
  Utility:     cardinal
  Completion:  none
  Exhaustive:  no
==============================================
Running on file: ../Data/us_stanford-dataset_your-voice-your-choice-parks-and-streets-seattle-2019-district-3_vote-knapsacks.pb
Array task ID: 769
Running PB algorithm:
  Input: /gpfs/home/uki2551/EES_Project/PB/Data/us_stanford-dataset_your-voice-your-choice-parks-and-streets-seattle-2019-district-3_vote-knapsacks.pb
  Algorithm: MES
  Utility: cardinal
  Completion: none
  Exhaustive: False
  Output: /gpfs/home/uki2551/EES_Project/PB/results/mes/cardinal/none/us_stanford-dataset_your-voice-your-choice-parks-and-streets-seattle-2019-district-3_vote-knapsacks.csv

Results saved to: /gpfs/home/uki2551/EES_Project/PB/results/mes/cardinal/none/us_stanford-dataset_your-voice-your-choice-parks-and-streets-seattle-2019-district-3_vote-knapsacks.csv

Summary:
  Highest efficiency: 0.3413
  Projects selected: 3
  Budget increases: 0
